Archive member included to satisfy reference by file (symbol)

/opt/devkitpro/libctru/lib/libctru.a(gfx.o)
                              main.o (gfxInitDefault)
/opt/devkitpro/libctru/lib/libctru.a(gx.o)
                              /opt/devkitpro/libctru/lib/libctru.a(gfx.o) (gxCmdBuf)
/opt/devkitpro/libctru/lib/libctru.a(gspgpu.o)
                              /opt/devkitpro/libctru/lib/libctru.a(gfx.o) (gspInit)
/opt/devkitpro/libctru/lib/libctru.a(initArgv.o)
                              /opt/devkitpro/devkitARM/lib/gcc/arm-none-eabi/8.1.0/../../../../arm-none-eabi/lib/armv6k/fpu/3dsx_crt0.o (__system_argc)
/opt/devkitpro/libctru/lib/libctru.a(svc.o)
                              /opt/devkitpro/libctru/lib/libctru.a(gfx.o) (svcCreateEvent)
/opt/devkitpro/libctru/lib/libctru.a(stack_adjust.o)
                              /opt/devkitpro/devkitARM/lib/gcc/arm-none-eabi/8.1.0/../../../../arm-none-eabi/lib/armv6k/fpu/3dsx_crt0.o (initSystem)
/opt/devkitpro/libctru/lib/libctru.a(vram.o)
                              /opt/devkitpro/libctru/lib/libctru.a(gfx.o) (vramAlloc)
/opt/devkitpro/libctru/lib/libctru.a(mappable.o)
                              /opt/devkitpro/libctru/lib/libctru.a(gfx.o) (mappableAlloc)
/opt/devkitpro/libctru/lib/libctru.a(linear.o)
                              /opt/devkitpro/libctru/lib/libctru.a(gfx.o) (linearAlloc)
/opt/devkitpro/libctru/lib/libctru.a(mem_pool.o)
                              /opt/devkitpro/libctru/lib/libctru.a(vram.o) (MemPool::Allocate(MemChunk&, unsigned long, int))
/opt/devkitpro/libctru/lib/libctru.a(synchronization.o)
                              /opt/devkitpro/libctru/lib/libctru.a(gspgpu.o) (__sync_get_arbiter)
/opt/devkitpro/libctru/lib/libctru.a(srv.o)
                              /opt/devkitpro/libctru/lib/libctru.a(gspgpu.o) (srvGetServiceHandle)
/opt/devkitpro/libctru/lib/libctru.a(thread.o)
                              /opt/devkitpro/libctru/lib/libctru.a(gspgpu.o) (threadCreate)
/opt/devkitpro/libctru/lib/libctru.a(srvpm.o)
                              /opt/devkitpro/libctru/lib/libctru.a(srv.o) (srvPmGetSessionHandle)
/opt/devkitpro/libctru/lib/libctru.a(rbtree_init.o)
                              /opt/devkitpro/libctru/lib/libctru.a(vram.o) (rbtree_init)
/opt/devkitpro/libctru/lib/libctru.a(rbtree_insert.o)
                              /opt/devkitpro/libctru/lib/libctru.a(vram.o) (rbtree_insert)
/opt/devkitpro/libctru/lib/libctru.a(rbtree_rotate.o)
                              /opt/devkitpro/libctru/lib/libctru.a(rbtree_insert.o) (rbtree_rotate)
/opt/devkitpro/libctru/lib/libctru.a(rbtree_remove.o)
                              /opt/devkitpro/libctru/lib/libctru.a(vram.o) (rbtree_remove)
/opt/devkitpro/libctru/lib/libctru.a(rbtree_find.o)
                              /opt/devkitpro/libctru/lib/libctru.a(vram.o) (rbtree_find)
/opt/devkitpro/libctru/lib/libctru.a(initSystem.o)
                              /opt/devkitpro/libctru/lib/libctru.a(stack_adjust.o) (__libctru_init)
/opt/devkitpro/libctru/lib/libctru.a(syscalls.o)
                              /opt/devkitpro/libctru/lib/libctru.a(initSystem.o) (__system_initSyscalls)
/opt/devkitpro/libctru/lib/libctru.a(allocateHeaps.o)
                              /opt/devkitpro/libctru/lib/libctru.a(initSystem.o) (__system_allocateHeaps)
/opt/devkitpro/libctru/lib/libctru.a(appInit.o)
                              /opt/devkitpro/libctru/lib/libctru.a(stack_adjust.o) (__appInit)
/opt/devkitpro/libctru/lib/libctru.a(appExit.o)
                              /opt/devkitpro/libctru/lib/libctru.a(stack_adjust.o) (__appExit)
/opt/devkitpro/libctru/lib/libctru.a(ctru_exit.o)
                              /opt/devkitpro/libctru/lib/libctru.a(stack_adjust.o) (__libctru_exit)
/opt/devkitpro/libctru/lib/libctru.a(env.o)
                              /opt/devkitpro/libctru/lib/libctru.a(srv.o) (envGetHandle)
/opt/devkitpro/libctru/lib/libctru.a(os.o)
                              /opt/devkitpro/libctru/lib/libctru.a(allocateHeaps.o) (osGetMemRegionUsed)
/opt/devkitpro/libctru/lib/libctru.a(sdmc_dev.o)
                              /opt/devkitpro/libctru/lib/libctru.a(appInit.o) (sdmcInit)
/opt/devkitpro/libctru/lib/libctru.a(fs.o)
                              /opt/devkitpro/libctru/lib/libctru.a(appInit.o) (fsInit)
/opt/devkitpro/libctru/lib/libctru.a(apt.o)
                              /opt/devkitpro/libctru/lib/libctru.a(appInit.o) (aptInit)
/opt/devkitpro/libctru/lib/libctru.a(hid.o)
                              /opt/devkitpro/libctru/lib/libctru.a(appExit.o) (hidExit)
/opt/devkitpro/libctru/lib/libctru.a(ptmsysm.o)
                              /opt/devkitpro/libctru/lib/libctru.a(os.o) (ptmSysmInit)
/opt/devkitpro/libctru/lib/libctru.a(rbtree_iterator.o)
                              /opt/devkitpro/libctru/lib/libctru.a(rbtree_remove.o) (rbtree_node_next)
/opt/devkitpro/libctru/lib/libctru.a(utf8_to_utf16.o)
[...]
Memory Configuration

Name             Origin             Length             Attributes
*default*        0x0000000000000000 0xffffffffffffffff

Linker script and memory map

                0x0000000000100000                PROVIDE (__start__ = 0x100000)
                0x0000000000100000                . = __start__

.text           0x0000000000100000    0x19094
 *(.crt0)
 .crt0          0x0000000000100000       0x94 /opt/devkitpro/devkitARM/lib/gcc/arm-none-eabi/8.1.0/../../../../arm-none-eabi/lib/armv6k/fpu/3dsx_crt0.o
                0x0000000000100000                _start
                0x0000000000100008                __service_ptr
                0x000000000010000c                __apt_appid
                0x0000000000100010                __heap_size
                0x0000000000100014                __linear_heap_size
                0x0000000000100018                __system_arglist
                0x000000000010001c                __system_runflags
 *(.init)
 .init          0x0000000000100094        0xc /opt/devkitpro/devkitARM/lib/gcc/arm-none-eabi/8.1.0/armv6k/fpu/crti.o
                0x0000000000100094                _init
 .init          0x00000000001000a0        0xc /opt/devkitpro/devkitARM/lib/gcc/arm-none-eabi/8.1.0/armv6k/fpu/crtn.o
                0x00000000001000ac                . = ALIGN (0x4)
 *(.text)
 *fill*         0x00000000001000ac        0x4 
 .text          0x00000000001000b0     0x1608 tinyexpr.o
                0x0000000000100510                te_free_parameters
                0x0000000000100600                te_free
                0x000000000010060c                next_token
                0x0000000000100fa4                te_eval
                0x00000000001015c0                te_compile
                0x0000000000101658                te_interp
                0x00000000001016b0                te_print
 .text          0x00000000001016b8       0x64 /opt/devkitpro/libctru/lib/libctru.a(stack_adjust.o)
                0x00000000001016b8                initSystem
                0x00000000001016fc                __ctru_exit
 .text          0x000000000010171c      0x20c /opt/devkitpro/devkitARM/lib/gcc/arm-none-eabi/8.1.0/armv6k/fpu/libgcc.a(_udivsi3.o)
                0x000000000010171c                __udivsi3
                0x000000000010171c                __aeabi_uidiv
                0x0000000000101908                __aeabi_uidivmod
 .text          0x0000000000101928        0x4 /opt/devkitpro/devkitARM/lib/gcc/arm-none-eabi/8.1.0/armv6k/fpu/libgcc.a(_dvmd_tls.o)
                0x0000000000101928                __aeabi_ldiv0
                0x0000000000101928                __aeabi_idiv0
 .text          0x000000000010192c       0x3c /opt/devkitpro/devkitARM/lib/gcc/arm-none-eabi/8.1.0/armv6k/fpu/libgcc.a(_aeabi_uldivmod.o)
                0x000000000010192c                __aeabi_uldivmod
 *fill*         0x0000000000101968       0x18 
 .text          0x0000000000101980      0x390 /opt/devkitpro/devkitARM/lib/gcc/arm-none-eabi/8.1.0/../../../../arm-none-eabi/lib/armv6k/fpu/libg.a(lib_a-strcmp.o)
                0x0000000000101988                strcmp
 .text          0x0000000000101d10      0x240 /opt/devkitpro/devkitARM/lib/gcc/arm-none-eabi/8.1.0/armv6k/fpu/libgcc.a(_divsi3.o)
                0x0000000000101d10                __aeabi_idiv
                0x0000000000101d10                __divsi3
                0x0000000000101f30                __aeabi_idivmod
 *(.text.*)
 .text.deregister_tm_clones
                0x0000000000101f50       0x2c /opt/devkitpro/devkitARM/lib/gcc/arm-none-eabi/8.1.0/armv6k/fpu/crtbegin.o
 .text.register_tm_clones
                0x0000000000101f7c       0x38 /opt/devkitpro/devkitARM/lib/gcc/arm-none-eabi/8.1.0/armv6k/fpu/crtbegin.o
 .text.__do_global_dtors_aux
                0x0000000000101fb4       0x44 /opt/devkitpro/devkitARM/lib/gcc/arm-none-eabi/8.1.0/armv6k/fpu/crtbegin.o
 .text.frame_dummy
                0x0000000000101ff8       0x34 /opt/devkitpro/devkitARM/lib/gcc/arm-none-eabi/8.1.0/armv6k/fpu/crtbegin.o
 .text.startup  0x000000000010202c       0x20 main.o
                0x000000000010202c                main
 .text.gfxSetFramebufferInfo.part.0
                0x000000000010204c       0x8c /opt/devkitpro/libctru/lib/libctru.a(gfx.o)
 .text.gfxSetFramebufferInfo
                0x00000000001020d8       0x6c /opt/devkitpro/libctru/lib/libctru.a(gfx.o)
 .text.__get_bytes_per_pixel
                0x0000000000102144       0x18 /opt/devkitpro/libctru/lib/libctru.a(gfx.o)
                0x0000000000102144                __get_bytes_per_pixel
 .text.gfxSetScreenFormat
                0x000000000010215c      0x184 /opt/devkitpro/libctru/lib/libctru.a(gfx.o)
                0x000000000010215c                gfxSetScreenFormat
 .text.gfxInit  0x00000000001022e0      0x210 /opt/devkitpro/libctru/lib/libctru.a(gfx.o)
                0x00000000001022e0                gfxInit
 .text.gfxInitDefault
                0x00000000001024f0       0x10 /opt/devkitpro/libctru/lib/libctru.a(gfx.o)
                0x00000000001024f0                gfxInitDefault
 .text.gfxExit  0x0000000000102500       0xe0 /opt/devkitpro/libctru/lib/libctru.a(gfx.o)
                0x0000000000102500                gfxExit
 .text.gspInit  0x00000000001025e0       0x74 /opt/devkitpro/libctru/lib/libctru.a(gspgpu.o)
                0x00000000001025e0                gspInit
 .text.gspExit  0x0000000000102654       0x3c /opt/devkitpro/libctru/lib/libctru.a(gspgpu.o)
                0x0000000000102654                gspExit
 .text.gspInitEventHandler
                0x0000000000102690       0xa0 /opt/devkitpro/libctru/lib/libctru.a(gspgpu.o)
                0x0000000000102690                gspInitEventHandler
 .text.gspExitEventHandler
                0x0000000000102730       0x40 /opt/devkitpro/libctru/lib/libctru.a(gspgpu.o)
                0x0000000000102730                gspExitEventHandler
 .text.gspWaitForEvent
                0x0000000000102770       0x44 /opt/devkitpro/libctru/lib/libctru.a(gspgpu.o)
                0x0000000000102770                gspWaitForEvent
 .text.gxCmdQueueInterrupt
                0x00000000001027b4        0x4 /opt/devkitpro/libctru/lib/libctru.a(gspgpu.o)
                0x00000000001027b4                gxCmdQueueInterrupt
 .text.gspEventThreadMain
                0x00000000001027b8      0x178 /opt/devkitpro/libctru/lib/libctru.a(gspgpu.o)
 .text.GSPGPU_SetLcdForceBlack
                0x0000000000102930       0x34 /opt/devkitpro/libctru/lib/libctru.a(gspgpu.o)
                0x0000000000102930                GSPGPU_SetLcdForceBlack
 .text.GSPGPU_RegisterInterruptRelayQueue
                0x0000000000102964       0x64 /opt/devkitpro/libctru/lib/libctru.a(gspgpu.o)
                0x0000000000102964                GSPGPU_RegisterInterruptRelayQueue
 .text.GSPGPU_UnregisterInterruptRelayQueue
                0x00000000001029c8       0x2c /opt/devkitpro/libctru/lib/libctru.a(gspgpu.o)
                0x00000000001029c8                GSPGPU_UnregisterInterruptRelayQueue
 .text.GSPGPU_AcquireRight
                0x00000000001029f4       0x48 /opt/devkitpro/libctru/lib/libctru.a(gspgpu.o)
                0x00000000001029f4                GSPGPU_AcquireRight
 .text.GSPGPU_ReleaseRight
                0x0000000000102a3c       0x2c /opt/devkitpro/libctru/lib/libctru.a(gspgpu.o)
                0x0000000000102a3c                GSPGPU_ReleaseRight
 .text.GSPGPU_ImportDisplayCaptureInfo
                0x0000000000102a68       0x80 /opt/devkitpro/libctru/lib/libctru.a(gspgpu.o)
                0x0000000000102a68                GSPGPU_ImportDisplayCaptureInfo
 .text.GSPGPU_SaveVramSysArea
                0x0000000000102ae8       0x2c /opt/devkitpro/libctru/lib/libctru.a(gspgpu.o)
                0x0000000000102ae8                GSPGPU_SaveVramSysArea
 .text.GSPGPU_RestoreVramSysArea
                0x0000000000102b14       0x2c /opt/devkitpro/libctru/lib/libctru.a(gspgpu.o)
                0x0000000000102b14                GSPGPU_RestoreVramSysArea
 .text.__system_initArgv
                0x0000000000102b40       0xf0 /opt/devkitpro/libctru/lib/libctru.a(initArgv.o)
                0x0000000000102b40                __system_initArgv
 .text.svcControlMemory
                0x0000000000102c30       0x20 /opt/devkitpro/libctru/lib/libctru.a(svc.o)
                0x0000000000102c30                svcControlMemory
 .text.svcExitProcess
                0x0000000000102c50        0x8 /opt/devkitpro/libctru/lib/libctru.a(svc.o)
                0x0000000000102c50                svcExitProcess
 .text.svcCreateThread
                0x0000000000102c58       0x20 /opt/devkitpro/libctru/lib/libctru.a(svc.o)
                0x0000000000102c58                svcCreateThread
 .text.svcExitThread
                0x0000000000102c78        0x8 /opt/devkitpro/libctru/lib/libctru.a(svc.o)
                0x0000000000102c78                svcExitThread
 .text.svcSleepThread
                0x0000000000102c80        0x8 /opt/devkitpro/libctru/lib/libctru.a(svc.o)
                0x0000000000102c80                svcSleepThread
 .text.svcReleaseMutex
                0x0000000000102c88        0x8 /opt/devkitpro/libctru/lib/libctru.a(svc.o)
                0x0000000000102c88                svcReleaseMutex
 .text.svcCreateEvent
                0x0000000000102c90       0x14 /opt/devkitpro/libctru/lib/libctru.a(svc.o)
                0x0000000000102c90                svcCreateEvent
 .text.svcSignalEvent
                0x0000000000102ca4        0x8 /opt/devkitpro/libctru/lib/libctru.a(svc.o)
                0x0000000000102ca4                svcSignalEvent
 .text.svcClearEvent
                0x0000000000102cac        0x8 /opt/devkitpro/libctru/lib/libctru.a(svc.o)
                0x0000000000102cac                svcClearEvent
 .text.svcMapMemoryBlock
                0x0000000000102cb4        0x8 /opt/devkitpro/libctru/lib/libctru.a(svc.o)
                0x0000000000102cb4                svcMapMemoryBlock
 .text.svcUnmapMemoryBlock
                0x0000000000102cbc        0x8 /opt/devkitpro/libctru/lib/libctru.a(svc.o)
                0x0000000000102cbc                svcUnmapMemoryBlock
 .text.svcCreateAddressArbiter
                0x0000000000102cc4       0x14 /opt/devkitpro/libctru/lib/libctru.a(svc.o)
                0x0000000000102cc4                svcCreateAddressArbiter
 .text.svcArbitrateAddress
                0x0000000000102cd8       0x18 /opt/devkitpro/libctru/lib/libctru.a(svc.o)
                0x0000000000102cd8                svcArbitrateAddress
 .text.svcCloseHandle
                0x0000000000102cf0        0x8 /opt/devkitpro/libctru/lib/libctru.a(svc.o)
                0x0000000000102cf0                svcCloseHandle
 .text.svcWaitSynchronization
                0x0000000000102cf8        0x8 /opt/devkitpro/libctru/lib/libctru.a(svc.o)
                0x0000000000102cf8                svcWaitSynchronization
 .text.svcWaitSynchronizationN
                0x0000000000102d00       0x28 /opt/devkitpro/libctru/lib/libctru.a(svc.o)
                0x0000000000102d00                svcWaitSynchronizationN
 .text.svcDuplicateHandle
                0x0000000000102d28       0x14 /opt/devkitpro/libctru/lib/libctru.a(svc.o)
                0x0000000000102d28                svcDuplicateHandle
 .text.svcGetSystemTick
                0x0000000000102d3c        0x8 /opt/devkitpro/libctru/lib/libctru.a(svc.o)
                0x0000000000102d3c                svcGetSystemTick
 .text.svcGetSystemInfo
                0x0000000000102d44       0x18 /opt/devkitpro/libctru/lib/libctru.a(svc.o)
                0x0000000000102d44                svcGetSystemInfo
 .text.svcConnectToPort
                0x0000000000102d5c       0x14 /opt/devkitpro/libctru/lib/libctru.a(svc.o)
                0x0000000000102d5c                svcConnectToPort
 .text.svcSendSyncRequest
                0x0000000000102d70        0x8 /opt/devkitpro/libctru/lib/libctru.a(svc.o)
                0x0000000000102d70                svcSendSyncRequest
 .text.svcBreak
                0x0000000000102d78        0x8 /opt/devkitpro/libctru/lib/libctru.a(svc.o)
                0x0000000000102d78                svcBreak
 .text._ZL21addrMapNodeComparatorPK11rbtree_nodeS1_
                0x0000000000102d80       0x24 /opt/devkitpro/libctru/lib/libctru.a(vram.o)
 .text._ZL21addrMapNodeDestructorP11rbtree_node
                0x0000000000102da4        0x4 /opt/devkitpro/libctru/lib/libctru.a(vram.o)
 .text.vramMemAlign
                0x0000000000102da8      0x110 /opt/devkitpro/libctru/lib/libctru.a(vram.o)
                0x0000000000102da8                vramMemAlign
 .text.vramAlloc
                0x0000000000102eb8        0x8 /opt/devkitpro/libctru/lib/libctru.a(vram.o)
                0x0000000000102eb8                vramAlloc
 .text.vramFree
                0x0000000000102ec0       0x50 /opt/devkitpro/libctru/lib/libctru.a(vram.o)
                0x0000000000102ec0                vramFree
 .text._ZL21addrMapNodeComparatorPK11rbtree_nodeS1_
                0x0000000000102f10       0x24 /opt/devkitpro/libctru/lib/libctru.a(mappable.o)
 .text._ZL21addrMapNodeDestructorP11rbtree_node
                0x0000000000102f34        0x4 /opt/devkitpro/libctru/lib/libctru.a(mappable.o)
 .text.mappableAlloc
                0x0000000000102f38       0xe4 /opt/devkitpro/libctru/lib/libctru.a(mappable.o)
                0x0000000000102f38                mappableAlloc
 .text.mappableFree
                0x000000000010301c       0x50 /opt/devkitpro/libctru/lib/libctru.a(mappable.o)
                0x000000000010301c                mappableFree
 .text._ZL21addrMapNodeComparatorPK11rbtree_nodeS1_
                0x000000000010306c       0x24 /opt/devkitpro/libctru/lib/libctru.a(linear.o)
 .text._ZL21addrMapNodeDestructorP11rbtree_node
                0x0000000000103090        0x4 /opt/devkitpro/libctru/lib/libctru.a(linear.o)
 .text.linearMemAlign
                0x0000000000103094      0x11c /opt/devkitpro/libctru/lib/libctru.a(linear.o)
                0x0000000000103094                linearMemAlign
 .text.linearAlloc
                0x00000000001031b0        0x8 /opt/devkitpro/libctru/lib/libctru.a(linear.o)
                0x00000000001031b0                linearAlloc
 .text.linearFree
                0x00000000001031b8       0x50 /opt/devkitpro/libctru/lib/libctru.a(linear.o)
                0x00000000001031b8                linearFree
 .text._ZN7MemPool13CoalesceRightEP8MemBlock
                0x0000000000103208       0x90 /opt/devkitpro/libctru/lib/libctru.a(mem_pool.o)
                0x0000000000103208                MemPool::CoalesceRight(MemBlock*)
 .text._ZN7MemPool8AllocateER8MemChunkmi
                0x0000000000103298      0x174 /opt/devkitpro/libctru/lib/libctru.a(mem_pool.o)
                0x0000000000103298                MemPool::Allocate(MemChunk&, unsigned long, int)
 .text._ZN7MemPool10DeallocateERK8MemChunk
                0x000000000010340c       0xfc /opt/devkitpro/libctru/lib/libctru.a(mem_pool.o)
                0x000000000010340c                MemPool::Deallocate(MemChunk const&)
 .text.LightLock_Unlock.part.1
                0x0000000000103508       0x38 /opt/devkitpro/libctru/lib/libctru.a(synchronization.o)
 .text.__sync_init
                0x0000000000103540        0xc /opt/devkitpro/libctru/lib/libctru.a(synchronization.o)
                0x0000000000103540                __sync_init
 .text.__sync_fini
                0x000000000010354c       0x18 /opt/devkitpro/libctru/lib/libctru.a(synchronization.o)
                0x000000000010354c                __sync_fini
 .text.__sync_get_arbiter
                0x0000000000103564       0x10 /opt/devkitpro/libctru/lib/libctru.a(synchronization.o)
                0x0000000000103564                __sync_get_arbiter
 .text.LightLock_Init
                0x0000000000103574       0x18 /opt/devkitpro/libctru/lib/libctru.a(synchronization.o)
                0x0000000000103574                LightLock_Init
 .text.LightLock_Lock
                0x000000000010358c       0x9c /opt/devkitpro/libctru/lib/libctru.a(synchronization.o)
                0x000000000010358c                LightLock_Lock
 .text.LightLock_TryLock
                0x0000000000103628       0x34 /opt/devkitpro/libctru/lib/libctru.a(synchronization.o)
                0x0000000000103628                LightLock_TryLock
 .text.LightLock_Unlock
                0x000000000010365c       0x20 /opt/devkitpro/libctru/lib/libctru.a(synchronization.o)
                0x000000000010365c                LightLock_Unlock
 .text.RecursiveLock_Init
                0x000000000010367c       0x24 /opt/devkitpro/libctru/lib/libctru.a(synchronization.o)
                0x000000000010367c                RecursiveLock_Init
 .text.RecursiveLock_Lock
                0x00000000001036a0       0x30 /opt/devkitpro/libctru/lib/libctru.a(synchronization.o)
                0x00000000001036a0                RecursiveLock_Lock
 .text.RecursiveLock_TryLock
                0x00000000001036d0       0x58 /opt/devkitpro/libctru/lib/libctru.a(synchronization.o)
                0x00000000001036d0                RecursiveLock_TryLock
 .text.RecursiveLock_Unlock
                0x0000000000103728       0x38 /opt/devkitpro/libctru/lib/libctru.a(synchronization.o)
                0x0000000000103728                RecursiveLock_Unlock
 .text.LightEvent_Init
                0x0000000000103760       0x38 /opt/devkitpro/libctru/lib/libctru.a(synchronization.o)
                0x0000000000103760                LightEvent_Init
 .text.LightEvent_Clear
                0x0000000000103798       0x7c /opt/devkitpro/libctru/lib/libctru.a(synchronization.o)
                0x0000000000103798                LightEvent_Clear
 .text.LightEvent_Signal
                0x0000000000103814       0xdc /opt/devkitpro/libctru/lib/libctru.a(synchronization.o)
                0x0000000000103814                LightEvent_Signal
 .text.LightEvent_Wait
                0x00000000001038f0       0xc0 /opt/devkitpro/libctru/lib/libctru.a(synchronization.o)
                0x00000000001038f0                LightEvent_Wait
 .text.srvExit  0x00000000001039b0       0x58 /opt/devkitpro/libctru/lib/libctru.a(srv.o)
                0x00000000001039b0                srvExit
 .text.srvRegisterClient
                0x0000000000103a08       0x38 /opt/devkitpro/libctru/lib/libctru.a(srv.o)
                0x0000000000103a08                srvRegisterClient
 .text.srvInit  0x0000000000103a40       0xc8 /opt/devkitpro/libctru/lib/libctru.a(srv.o)
                0x0000000000103a40                srvInit
 .text.srvGetServiceHandleDirect
                0x0000000000103b08       0x80 /opt/devkitpro/libctru/lib/libctru.a(srv.o)
                0x0000000000103b08                srvGetServiceHandleDirect
 .text.srvGetServiceHandle
                0x0000000000103b88       0x38 /opt/devkitpro/libctru/lib/libctru.a(srv.o)
                0x0000000000103b88                srvGetServiceHandle
 .text.threadFree.part.0
                0x0000000000103bc0       0x1c /opt/devkitpro/libctru/lib/libctru.a(thread.o)
 .text.threadCreate
                0x0000000000103bdc      0x194 /opt/devkitpro/libctru/lib/libctru.a(thread.o)
                0x0000000000103bdc                threadCreate
 .text.threadJoin
                0x0000000000103d70       0x24 /opt/devkitpro/libctru/lib/libctru.a(thread.o)
                0x0000000000103d70                threadJoin
 .text.threadExit
                0x0000000000103d94       0x68 /opt/devkitpro/libctru/lib/libctru.a(thread.o)
                0x0000000000103d94                threadExit
 .text._thread_begin
                0x0000000000103dfc       0x48 /opt/devkitpro/libctru/lib/libctru.a(thread.o)
 .text.srvPmGetSessionHandle
                0x0000000000103e44        0xc /opt/devkitpro/libctru/lib/libctru.a(srvpm.o)
                0x0000000000103e44                srvPmGetSessionHandle
 .text.rbtree_init
                0x0000000000103e50       0x14 /opt/devkitpro/libctru/lib/libctru.a(rbtree_init.o)
                0x0000000000103e50                rbtree_init
 .text.do_insert
                0x0000000000103e64      0x18c /opt/devkitpro/libctru/lib/libctru.a(rbtree_insert.o)
 .text.rbtree_insert
                0x0000000000103ff0        0x8 /opt/devkitpro/libctru/lib/libctru.a(rbtree_insert.o)
                0x0000000000103ff0                rbtree_insert
 .text.rbtree_rotate
                0x0000000000103ff8       0x90 /opt/devkitpro/libctru/lib/libctru.a(rbtree_rotate.o)
                0x0000000000103ff8                rbtree_rotate
 .text.rbtree_remove
                0x0000000000104088      0x330 /opt/devkitpro/libctru/lib/libctru.a(rbtree_remove.o)
                0x0000000000104088                rbtree_remove
 .text.rbtree_find
                0x00000000001043b8       0x74 /opt/devkitpro/libctru/lib/libctru.a(rbtree_find.o)
                0x00000000001043b8                rbtree_find
 .text.__libctru_init
                0x000000000010442c       0x38 /opt/devkitpro/libctru/lib/libctru.a(initSystem.o)
                0x000000000010442c                __libctru_init
 .text.__ctru_get_reent
                0x0000000000104464       0x30 /opt/devkitpro/libctru/lib/libctru.a(syscalls.o)
 .text.__system_initSyscalls
                0x0000000000104494       0xe8 /opt/devkitpro/libctru/lib/libctru.a(syscalls.o)
                0x0000000000104494                __system_initSyscalls
 .text.__system_allocateHeaps
                0x000000000010457c      0x104 /opt/devkitpro/libctru/lib/libctru.a(allocateHeaps.o)
                0x000000000010457c                __system_allocateHeaps
 .text.__appInit
                0x0000000000104680       0x1c /opt/devkitpro/libctru/lib/libctru.a(appInit.o)
                0x0000000000104680                __appInit
 .text.__appExit
                0x000000000010469c       0x1c /opt/devkitpro/libctru/lib/libctru.a(appExit.o)
                0x000000000010469c                __appExit
 .text.__libctru_exit
                0x00000000001046b8       0xa0 /opt/devkitpro/libctru/lib/libctru.a(ctru_exit.o)
                0x00000000001046b8                __libctru_exit
 .text.envGetHandle
                0x0000000000104758       0x80 /opt/devkitpro/libctru/lib/libctru.a(env.o)
                0x0000000000104758                envGetHandle
 .text.envDestroyHandles
                0x00000000001047d8       0x4c /opt/devkitpro/libctru/lib/libctru.a(env.o)
                0x00000000001047d8                envDestroyHandles
 .text.getSysTime
                0x0000000000104824       0x58 /opt/devkitpro/libctru/lib/libctru.a(os.o)
 .text.__ctru_speedup_config.part.0
                0x000000000010487c       0x28 /opt/devkitpro/libctru/lib/libctru.a(os.o)
 .text.osGetMemRegionUsed
                0x00000000001048a4       0x24 /opt/devkitpro/libctru/lib/libctru.a(os.o)
                0x00000000001048a4                osGetMemRegionUsed
 .text.__libctru_gtod
                0x00000000001048c8      0x128 /opt/devkitpro/libctru/lib/libctru.a(os.o)
                0x00000000001048c8                __libctru_gtod
 .text.__ctru_speedup_config
                0x00000000001049f0       0x18 /opt/devkitpro/libctru/lib/libctru.a(os.o)
                0x00000000001049f0                __ctru_speedup_config
 .text.sdmc_link
                0x0000000000104a08       0x10 /opt/devkitpro/libctru/lib/libctru.a(sdmc_dev.o)
 .text.sdmc_dirreset
                0x0000000000104a18       0x10 /opt/devkitpro/libctru/lib/libctru.a(sdmc_dev.o)
 .text.sdmc_chmod
                0x0000000000104a28       0x10 /opt/devkitpro/libctru/lib/libctru.a(sdmc_dev.o)
 .text.error_cmp
                0x0000000000104a38       0x24 /opt/devkitpro/libctru/lib/libctru.a(sdmc_dev.o)
 .text.sdmc_translate_error
                0x0000000000104a5c       0x50 /opt/devkitpro/libctru/lib/libctru.a(sdmc_dev.o)
 .text.sdmc_fsync
                0x0000000000104aac       0x34 /opt/devkitpro/libctru/lib/libctru.a(sdmc_dev.o)
 .text.sdmc_ftruncate
                0x0000000000104ae0       0x54 /opt/devkitpro/libctru/lib/libctru.a(sdmc_dev.o)
 .text.sdmc_statvfs
                0x0000000000104b34       0xb8 /opt/devkitpro/libctru/lib/libctru.a(sdmc_dev.o)
 .text.sdmc_dirclose
                0x0000000000104bec       0x38 /opt/devkitpro/libctru/lib/libctru.a(sdmc_dev.o)
 .text.sdmc_dirnext
                0x0000000000104c24      0x12c /opt/devkitpro/libctru/lib/libctru.a(sdmc_dev.o)
 .text.sdmc_close
                0x0000000000104d50       0x34 /opt/devkitpro/libctru/lib/libctru.a(sdmc_dev.o)
 .text.sdmc_fstat
                0x0000000000104d84       0x74 /opt/devkitpro/libctru/lib/libctru.a(sdmc_dev.o)
 .text.sdmc_seek
                0x0000000000104df8       0xd8 /opt/devkitpro/libctru/lib/libctru.a(sdmc_dev.o)
 .text.sdmc_read
                0x0000000000104ed0       0x84 /opt/devkitpro/libctru/lib/libctru.a(sdmc_dev.o)
 .text.sdmc_write
                0x0000000000104f54       0xc0 /opt/devkitpro/libctru/lib/libctru.a(sdmc_dev.o)
 .text.sdmc_utf16path
                0x0000000000105014      0x1b0 /opt/devkitpro/libctru/lib/libctru.a(sdmc_dev.o)
 .text.sdmc_rmdir
                0x00000000001051c4       0x74 /opt/devkitpro/libctru/lib/libctru.a(sdmc_dev.o)
 .text.sdmc_diropen
                0x0000000000105238       0xa4 /opt/devkitpro/libctru/lib/libctru.a(sdmc_dev.o)
 .text.sdmc_chdir
                0x00000000001052dc       0xb0 /opt/devkitpro/libctru/lib/libctru.a(sdmc_dev.o)
 .text.sdmc_mkdir
                0x000000000010538c       0x94 /opt/devkitpro/libctru/lib/libctru.a(sdmc_dev.o)
 .text.sdmc_rename
                0x0000000000105420      0x108 /opt/devkitpro/libctru/lib/libctru.a(sdmc_dev.o)
 .text.sdmc_unlink
                0x0000000000105528       0x74 /opt/devkitpro/libctru/lib/libctru.a(sdmc_dev.o)
 .text.sdmc_stat
                0x000000000010559c      0x108 /opt/devkitpro/libctru/lib/libctru.a(sdmc_dev.o)
 .text.sdmc_open
                0x00000000001056a4      0x198 /opt/devkitpro/libctru/lib/libctru.a(sdmc_dev.o)
 .text.sdmc_fchmod
                0x000000000010583c       0x10 /opt/devkitpro/libctru/lib/libctru.a(sdmc_dev.o)
 .text.sdmcInit
                0x000000000010584c      0x168 /opt/devkitpro/libctru/lib/libctru.a(sdmc_dev.o)
                0x000000000010584c                sdmcInit
 .text.sdmcExit
                0x00000000001059b4       0x60 /opt/devkitpro/libctru/lib/libctru.a(sdmc_dev.o)
                0x00000000001059b4                sdmcExit
 .text.fsSessionForArchive.part.0
                0x0000000000105a14       0x28 /opt/devkitpro/libctru/lib/libctru.a(fs.o)
 .text.fsInit   0x0000000000105a3c       0xc4 /opt/devkitpro/libctru/lib/libctru.a(fs.o)
                0x0000000000105a3c                fsInit
 .text.fsExit   0x0000000000105b00       0x3c /opt/devkitpro/libctru/lib/libctru.a(fs.o)
                0x0000000000105b00                fsExit
 .text.fsExemptFromSession
                0x0000000000105b3c       0x64 /opt/devkitpro/libctru/lib/libctru.a(fs.o)
                0x0000000000105b3c                fsExemptFromSession
 .text.fsUnexemptFromSession
                0x0000000000105ba0       0x54 /opt/devkitpro/libctru/lib/libctru.a(fs.o)
                0x0000000000105ba0                fsUnexemptFromSession
 .text.FSUSER_OpenFile
                0x0000000000105bf4       0xbc /opt/devkitpro/libctru/lib/libctru.a(fs.o)
                0x0000000000105bf4                FSUSER_OpenFile
 .text.FSUSER_DeleteFile
                0x0000000000105cb0       0xa4 /opt/devkitpro/libctru/lib/libctru.a(fs.o)
                0x0000000000105cb0                FSUSER_DeleteFile
 .text.FSUSER_RenameFile
                0x0000000000105d54       0xdc /opt/devkitpro/libctru/lib/libctru.a(fs.o)
                0x0000000000105d54                FSUSER_RenameFile
 .text.FSUSER_DeleteDirectory
                0x0000000000105e30       0xa4 /opt/devkitpro/libctru/lib/libctru.a(fs.o)
                0x0000000000105e30                FSUSER_DeleteDirectory
 .text.FSUSER_CreateFile
                0x0000000000105ed4       0xbc /opt/devkitpro/libctru/lib/libctru.a(fs.o)
                0x0000000000105ed4                FSUSER_CreateFile
 .text.FSUSER_CreateDirectory
                0x0000000000105f90       0xac /opt/devkitpro/libctru/lib/libctru.a(fs.o)
                0x0000000000105f90                FSUSER_CreateDirectory
 .text.FSUSER_RenameDirectory
                0x000000000010603c       0xdc /opt/devkitpro/libctru/lib/libctru.a(fs.o)
                0x000000000010603c                FSUSER_RenameDirectory
 .text.FSUSER_OpenDirectory
                0x0000000000106118       0xa0 /opt/devkitpro/libctru/lib/libctru.a(fs.o)
                0x0000000000106118                FSUSER_OpenDirectory
 .text.FSUSER_OpenArchive
                0x00000000001061b8       0x98 /opt/devkitpro/libctru/lib/libctru.a(fs.o)
                0x00000000001061b8                FSUSER_OpenArchive
 .text.FSUSER_CloseArchive
                0x0000000000106250       0x70 /opt/devkitpro/libctru/lib/libctru.a(fs.o)
                0x0000000000106250                FSUSER_CloseArchive
 .text.FSUSER_GetSdmcArchiveResource
                0x00000000001062c0       0x78 /opt/devkitpro/libctru/lib/libctru.a(fs.o)
                0x00000000001062c0                FSUSER_GetSdmcArchiveResource
 .text.FSUSER_IsSdmcWritable
                0x0000000000106338       0x64 /opt/devkitpro/libctru/lib/libctru.a(fs.o)
                0x0000000000106338                FSUSER_IsSdmcWritable
 .text.FSFILE_Read
                0x000000000010639c       0x58 /opt/devkitpro/libctru/lib/libctru.a(fs.o)
                0x000000000010639c                FSFILE_Read
 .text.FSFILE_Write
                0x00000000001063f4       0x64 /opt/devkitpro/libctru/lib/libctru.a(fs.o)
                0x00000000001063f4                FSFILE_Write
 .text.FSFILE_GetSize
                0x0000000000106458       0x38 /opt/devkitpro/libctru/lib/libctru.a(fs.o)
                0x0000000000106458                FSFILE_GetSize
 .text.FSFILE_SetSize
                0x0000000000106490       0x28 /opt/devkitpro/libctru/lib/libctru.a(fs.o)
                0x0000000000106490                FSFILE_SetSize
 .text.FSFILE_Close
                0x00000000001064b8       0x3c /opt/devkitpro/libctru/lib/libctru.a(fs.o)
                0x00000000001064b8                FSFILE_Close
 .text.FSFILE_Flush
                0x00000000001064f4       0x24 /opt/devkitpro/libctru/lib/libctru.a(fs.o)
                0x00000000001064f4                FSFILE_Flush
 .text.FSDIR_Read
                0x0000000000106518       0x54 /opt/devkitpro/libctru/lib/libctru.a(fs.o)
                0x0000000000106518                FSDIR_Read
 .text.FSDIR_Close
                0x000000000010656c       0x3c /opt/devkitpro/libctru/lib/libctru.a(fs.o)
                0x000000000010656c                FSDIR_Close
 .text._aptDebug
                0x00000000001065a8        0x4 /opt/devkitpro/libctru/lib/libctru.a(apt.o)
                0x00000000001065a8                _aptDebug
 .text.aptSendCommand
                0x00000000001065ac      0x170 /opt/devkitpro/libctru/lib/libctru.a(apt.o)
                0x00000000001065ac                aptSendCommand
 .text.aptExitProcess
                0x000000000010671c       0x3c /opt/devkitpro/libctru/lib/libctru.a(apt.o)
 .text.APT_InquireNotification
                0x0000000000106758       0x4c /opt/devkitpro/libctru/lib/libctru.a(apt.o)
                0x0000000000106758                APT_InquireNotification
 .text.aptEventHandler
                0x00000000001067a4      0x198 /opt/devkitpro/libctru/lib/libctru.a(apt.o)
 .text.APT_AppletUtility
                0x000000000010693c       0x74 /opt/devkitpro/libctru/lib/libctru.a(apt.o)
                0x000000000010693c                APT_AppletUtility
 .text.aptSetSleepAllowed
                0x00000000001069b0       0xb0 /opt/devkitpro/libctru/lib/libctru.a(apt.o)
                0x00000000001069b0                aptSetSleepAllowed
 .text.APT_GlanceParameter
                0x0000000000106a60       0xb0 /opt/devkitpro/libctru/lib/libctru.a(apt.o)
                0x0000000000106a60                APT_GlanceParameter
 .text.APT_ReceiveParameter
                0x0000000000106b10       0xc4 /opt/devkitpro/libctru/lib/libctru.a(apt.o)
                0x0000000000106b10                APT_ReceiveParameter
 .text.aptReceiveParameter.constprop.0
                0x0000000000106bd4       0xbc /opt/devkitpro/libctru/lib/libctru.a(apt.o)
 .text.aptScreenTransfer
                0x0000000000106c90      0x1e0 /opt/devkitpro/libctru/lib/libctru.a(apt.o)
 .text.aptWaitForWakeUp
                0x0000000000106e70      0x210 /opt/devkitpro/libctru/lib/libctru.a(apt.o)
 .text.APT_CancelParameter
                0x0000000000107080       0x70 /opt/devkitpro/libctru/lib/libctru.a(apt.o)
                0x0000000000107080                APT_CancelParameter
 .text.aptInit  0x00000000001070f0      0x25c /opt/devkitpro/libctru/lib/libctru.a(apt.o)
                0x00000000001070f0                aptInit
 .text.aptClearParamQueue
                0x000000000010734c       0x88 /opt/devkitpro/libctru/lib/libctru.a(apt.o)
 .text.aptMainLoop
                0x00000000001073d4      0x208 /opt/devkitpro/libctru/lib/libctru.a(apt.o)
                0x00000000001073d4                aptMainLoop
 *fill*         0x00000000001075dc        0x4 
 .text.aptExit  0x00000000001075e0      0x23c /opt/devkitpro/libctru/lib/libctru.a(apt.o)
                0x00000000001075e0                aptExit
 .text.APT_CheckNew3DS
                0x000000000010781c       0x7c /opt/devkitpro/libctru/lib/libctru.a(apt.o)
                0x000000000010781c                APT_CheckNew3DS
 .text.hidExit  0x0000000000107898       0xd0 /opt/devkitpro/libctru/lib/libctru.a(hid.o)
                0x0000000000107898                hidExit
 .text.HIDUSER_GetHandles
                0x0000000000107968       0x90 /opt/devkitpro/libctru/lib/libctru.a(hid.o)
                0x0000000000107968                HIDUSER_GetHandles
 .text.hidInit  0x00000000001079f8      0x1a4 /opt/devkitpro/libctru/lib/libctru.a(hid.o)
                0x00000000001079f8                hidInit
 .text.ptmSysmInit
                0x0000000000107b9c       0x74 /opt/devkitpro/libctru/lib/libctru.a(ptmsysm.o)
                0x0000000000107b9c                ptmSysmInit
 .text.ptmSysmExit
                0x0000000000107c10       0x3c /opt/devkitpro/libctru/lib/libctru.a(ptmsysm.o)
                0x0000000000107c10                ptmSysmExit
 .text.PTMSYSM_ConfigureNew3DSCPU
                0x0000000000107c4c       0x34 /opt/devkitpro/libctru/lib/libctru.a(ptmsysm.o)
                0x0000000000107c4c                PTMSYSM_ConfigureNew3DSCPU
 .text.rbtree_node_next
                0x0000000000107c80       0x78 /opt/devkitpro/libctru/lib/libctru.a(rbtree_iterator.o)
                0x0000000000107c80                rbtree_node_next
 .text.utf8_to_utf16
                0x0000000000107cf8       0xc0 /opt/devkitpro/libctru/lib/libctru.a(utf8_to_utf16.o)
                0x0000000000107cf8                utf8_to_utf16
 .text.decode_utf8
                0x0000000000107db8      0x138 /opt/devkitpro/libctru/lib/libctru.a(decode_utf8.o)
                0x0000000000107db8                decode_utf8
 .text.utf16_to_utf8
                0x0000000000107ef0       0xe8 /opt/devkitpro/libctru/lib/libctru.a(utf16_to_utf8.o)
                0x0000000000107ef0                utf16_to_utf8
 .text.__aeabi_read_tp
                0x0000000000107fd8        0xc /opt/devkitpro/libctru/lib/libctru.a(readtp.o)
                0x0000000000107fd8                __aeabi_read_tp
 .text.IRRST_GetHandles
                0x0000000000107fe4       0x50 /opt/devkitpro/libctru/lib/libctru.a(irrst.o)
                0x0000000000107fe4                IRRST_GetHandles
 .text.irrstInit
                0x0000000000108034      0x154 /opt/devkitpro/libctru/lib/libctru.a(irrst.o)
                0x0000000000108034                irrstInit
 .text.IRRST_Shutdown
                0x0000000000108188       0x2c /opt/devkitpro/libctru/lib/libctru.a(irrst.o)
                0x0000000000108188                IRRST_Shutdown
 .text.irrstExit
                0x00000000001081b4       0xac /opt/devkitpro/libctru/lib/libctru.a(irrst.o)
                0x00000000001081b4                irrstExit
 .text.encode_utf16
                0x0000000000108260       0x68 /opt/devkitpro/libctru/lib/libctru.a(encode_utf16.o)
                0x0000000000108260                encode_utf16
 .text.encode_utf8
                0x00000000001082c8      0x104 /opt/devkitpro/libctru/lib/libctru.a(encode_utf8.o)
                0x00000000001082c8                encode_utf8
 .text.decode_utf16
                0x00000000001083cc       0x60 /opt/devkitpro/libctru/lib/libctru.a(decode_utf16.o)
                0x00000000001083cc                decode_utf16
 *fill*         0x000000000010842c        0x4 
 .text.atan     0x0000000000108430      0x26c /opt/devkitpro/devkitARM/lib/gcc/arm-none-eabi/8.1.0/../../../../arm-none-eabi/lib/armv6k/fpu/libm.a(lib_a-s_atan.o)
                0x0000000000108430                atan
 *fill*         0x000000000010869c        0x4 
 .text.ceil     0x00000000001086a0      0x15c /opt/devkitpro/devkitARM/lib/gcc/arm-none-eabi/8.1.0/../../../../arm-none-eabi/lib/armv6k/fpu/libm.a(lib_a-s_ceil.o)
                0x00000000001086a0                ceil
 *fill*         0x00000000001087fc        0x4 
 .text.cos      0x0000000000108800       0xc8 /opt/devkitpro/devkitARM/lib/gcc/arm-none-eabi/8.1.0/../../../../arm-none-eabi/lib/armv6k/fpu/libm.a(lib_a-s_cos.o)
                0x0000000000108800                cos
 .text.fabs     0x00000000001088c8       0x14 /opt/devkitpro/devkitARM/lib/gcc/arm-none-eabi/8.1.0/../../../../arm-none-eabi/lib/armv6k/fpu/libm.a(lib_a-s_fabs.o)
                0x00000000001088c8                fabs
 *fill*         0x00000000001088dc        0x4 
 .text.floor    0x00000000001088e0      0x16c /opt/devkitpro/devkitARM/lib/gcc/arm-none-eabi/8.1.0/../../../../arm-none-eabi/lib/armv6k/fpu/libm.a(lib_a-s_floor.o)
                0x00000000001088e0                floor
 *fill*         0x0000000000108a4c        0x4 
 .text.sin      0x0000000000108a50       0xd0 /opt/devkitpro/devkitARM/lib/gcc/arm-none-eabi/8.1.0/../../../../arm-none-eabi/lib/armv6k/fpu/libm.a(lib_a-s_sin.o)
                0x0000000000108a50                sin
 .text.tanh     0x0000000000108b20       0xf4 /opt/devkitpro/devkitARM/lib/gcc/arm-none-eabi/8.1.0/../../../../arm-none-eabi/lib/armv6k/fpu/libm.a(lib_a-s_tanh.o)
                0x0000000000108b20                tanh
 *fill*         0x0000000000108c14        0x4 
 .text.tan      0x0000000000108c18       0x88 /opt/devkitpro/devkitARM/lib/gcc/arm-none-eabi/8.1.0/../../../../arm-none-eabi/lib/armv6k/fpu/libm.a(lib_a-s_tan.o)
                0x0000000000108c18                tan
 .text.acos     0x0000000000108ca0       0xfc /opt/devkitpro/devkitARM/lib/gcc/arm-none-eabi/8.1.0/../../../../arm-none-eabi/lib/armv6k/fpu/libm.a(lib_a-w_acos.o)
                0x0000000000108ca0                acos
 *fill*         0x0000000000108d9c        0x4 
 .text.asin     0x0000000000108da0       0xfc /opt/devkitpro/devkitARM/lib/gcc/arm-none-eabi/8.1.0/../../../../arm-none-eabi/lib/armv6k/fpu/libm.a(lib_a-w_asin.o)
                0x0000000000108da0                asin
 .text.atan2    0x0000000000108e9c        0x4 /opt/devkitpro/devkitARM/lib/gcc/arm-none-eabi/8.1.0/../../../../arm-none-eabi/lib/armv6k/fpu/libm.a(lib_a-w_atan2.o)
                0x0000000000108e9c                atan2
 .text.cosh     0x0000000000108ea0      0x110 /opt/devkitpro/devkitARM/lib/gcc/arm-none-eabi/8.1.0/../../../../arm-none-eabi/lib/armv6k/fpu/libm.a(lib_a-w_cosh.o)
                0x0000000000108ea0                cosh
 .text.exp      0x0000000000108fb0      0x160 /opt/devkitpro/devkitARM/lib/gcc/arm-none-eabi/8.1.0/../../../../arm-none-eabi/lib/armv6k/fpu/libm.a(lib_a-w_exp.o)
                0x0000000000108fb0                exp
 .text.fmod     0x0000000000109110      0x100 /opt/devkitpro/devkitARM/lib/gcc/arm-none-eabi/8.1.0/../../../../arm-none-eabi/lib/armv6k/fpu/libm.a(lib_a-w_fmod.o)
                0x0000000000109110                fmod
 .text.log10    0x0000000000109210      0x15c /opt/devkitpro/devkitARM/lib/gcc/arm-none-eabi/8.1.0/../../../../arm-none-eabi/lib/armv6k/fpu/libm.a(lib_a-w_log10.o)
                0x0000000000109210                log10
 .text.log      0x000000000010936c      0x164 /opt/devkitpro/devkitARM/lib/gcc/arm-none-eabi/8.1.0/../../../../arm-none-eabi/lib/armv6k/fpu/libm.a(lib_a-w_log.o)
                0x000000000010936c                log
 .text.pow      0x00000000001094d0      0x390 /opt/devkitpro/devkitARM/lib/gcc/arm-none-eabi/8.1.0/../../../../arm-none-eabi/lib/armv6k/fpu/libm.a(lib_a-w_pow.o)
                0x00000000001094d0                pow
 .text.sinh     0x0000000000109860      0x128 /opt/devkitpro/devkitARM/lib/gcc/arm-none-eabi/8.1.0/../../../../arm-none-eabi/lib/armv6k/fpu/libm.a(lib_a-w_sinh.o)
                0x0000000000109860                sinh
 .text.sqrt     0x0000000000109988       0xf0 /opt/devkitpro/devkitARM/lib/gcc/arm-none-eabi/8.1.0/../../../../arm-none-eabi/lib/armv6k/fpu/libm.a(lib_a-w_sqrt.o)
                0x0000000000109988                sqrt
 .text.__ieee754_acos
                0x0000000000109a78      0x2e4 /opt/devkitpro/devkitARM/lib/gcc/arm-none-eabi/8.1.0/../../../../arm-none-eabi/lib/armv6k/fpu/libm.a(lib_a-e_acos.o)
                0x0000000000109a78                __ieee754_acos
 *fill*         0x0000000000109d5c        0x4 
 .text.__ieee754_asin
                0x0000000000109d60      0x284 /opt/devkitpro/devkitARM/lib/gcc/arm-none-eabi/8.1.0/../../../../arm-none-eabi/lib/armv6k/fpu/libm.a(lib_a-e_asin.o)
                0x0000000000109d60                __ieee754_asin
 *fill*         0x0000000000109fe4        0x4 
 .text.__ieee754_atan2
                0x0000000000109fe8      0x29c /opt/devkitpro/devkitARM/lib/gcc/arm-none-eabi/8.1.0/../../../../arm-none-eabi/lib/armv6k/fpu/libm.a(lib_a-e_atan2.o)
                0x0000000000109fe8                __ieee754_atan2
 *fill*         0x000000000010a284        0x4 
 .text.__ieee754_cosh
                0x000000000010a288      0x154 /opt/devkitpro/devkitARM/lib/gcc/arm-none-eabi/8.1.0/../../../../arm-none-eabi/lib/armv6k/fpu/libm.a(lib_a-e_cosh.o)
                0x000000000010a288                __ieee754_cosh
 *fill*         0x000000000010a3dc        0x4 
 .text.__ieee754_exp
                0x000000000010a3e0      0x2b0 /opt/devkitpro/devkitARM/lib/gcc/arm-none-eabi/8.1.0/../../../../arm-none-eabi/lib/armv6k/fpu/libm.a(lib_a-e_exp.o)
                0x000000000010a3e0                __ieee754_exp
 .text.__ieee754_fmod
                0x000000000010a690      0x3a0 /opt/devkitpro/devkitARM/lib/gcc/arm-none-eabi/8.1.0/../../../../arm-none-eabi/lib/armv6k/fpu/libm.a(lib_a-e_fmod.o)
                0x000000000010a690                __ieee754_fmod
 .text.__ieee754_log10
                0x000000000010aa30      0x144 /opt/devkitpro/devkitARM/lib/gcc/arm-none-eabi/8.1.0/../../../../arm-none-eabi/lib/armv6k/fpu/libm.a(lib_a-e_log10.o)
                0x000000000010aa30                __ieee754_log10
 *fill*         0x000000000010ab74        0x4 
 .text.__ieee754_log
                0x000000000010ab78      0x2dc /opt/devkitpro/devkitARM/lib/gcc/arm-none-eabi/8.1.0/../../../../arm-none-eabi/lib/armv6k/fpu/libm.a(lib_a-e_log.o)
                0x000000000010ab78                __ieee754_log
 *fill*         0x000000000010ae54        0x4 
 .text.__ieee754_pow
                0x000000000010ae58      0x908 /opt/devkitpro/devkitARM/lib/gcc/arm-none-eabi/8.1.0/../../../../arm-none-eabi/lib/armv6k/fpu/libm.a(lib_a-e_pow.o)
                0x000000000010ae58                __ieee754_pow
 .text.__ieee754_rem_pio2
                0x000000000010b760      0x310 /opt/devkitpro/devkitARM/lib/gcc/arm-none-eabi/8.1.0/../../../../arm-none-eabi/lib/armv6k/fpu/libm.a(lib_a-e_rem_pio2.o)
                0x000000000010b760                __ieee754_rem_pio2
 .text.__ieee754_sinh
                0x000000000010ba70      0x180 /opt/devkitpro/devkitARM/lib/gcc/arm-none-eabi/8.1.0/../../../../arm-none-eabi/lib/armv6k/fpu/libm.a(lib_a-e_sinh.o)
                0x000000000010ba70                __ieee754_sinh
 .text.__ieee754_sqrt
                0x000000000010bbf0        0x8 /opt/devkitpro/devkitARM/lib/gcc/arm-none-eabi/8.1.0/../../../../arm-none-eabi/lib/armv6k/fpu/libm.a(lib_a-e_sqrt.o)
                0x000000000010bbf0                __ieee754_sqrt
 .text.__kernel_cos
                0x000000000010bbf8      0x158 /opt/devkitpro/devkitARM/lib/gcc/arm-none-eabi/8.1.0/../../../../arm-none-eabi/lib/armv6k/fpu/libm.a(lib_a-k_cos.o)
                0x000000000010bbf8                __kernel_cos
 .text.__kernel_rem_pio2
                0x000000000010bd50      0x874 /opt/devkitpro/devkitARM/lib/gcc/arm-none-eabi/8.1.0/../../../../arm-none-eabi/lib/armv6k/fpu/libm.a(lib_a-k_rem_pio2.o)
                0x000000000010bd50                __kernel_rem_pio2
 *fill*         0x000000000010c5c4        0x4 
 .text.__kernel_sin
                0x000000000010c5c8       0xb8 /opt/devkitpro/devkitARM/lib/gcc/arm-none-eabi/8.1.0/../../../../arm-none-eabi/lib/armv6k/fpu/libm.a(lib_a-k_sin.o)
                0x000000000010c5c8                __kernel_sin
 .text.__kernel_tan
                0x000000000010c680      0x288 /opt/devkitpro/devkitARM/lib/gcc/arm-none-eabi/8.1.0/../../../../arm-none-eabi/lib/armv6k/fpu/libm.a(lib_a-k_tan.o)
                0x000000000010c680                __kernel_tan
 .text.expm1    0x000000000010c908      0x3a4 /opt/devkitpro/devkitARM/lib/gcc/arm-none-eabi/8.1.0/../../../../arm-none-eabi/lib/armv6k/fpu/libm.a(lib_a-s_expm1.o)
                0x000000000010c908                expm1
 .text.finite   0x000000000010ccac       0x14 /opt/devkitpro/devkitARM/lib/gcc/arm-none-eabi/8.1.0/../../../../arm-none-eabi/lib/armv6k/fpu/libm.a(lib_a-s_finite.o)
                0x000000000010ccac                finite
 .text.matherr  0x000000000010ccc0        0x8 /opt/devkitpro/devkitARM/lib/gcc/arm-none-eabi/8.1.0/../../../../arm-none-eabi/lib/armv6k/fpu/libm.a(lib_a-s_matherr.o)
                0x000000000010ccc0                matherr
 .text.nan      0x000000000010ccc8       0x10 /opt/devkitpro/devkitARM/lib/gcc/arm-none-eabi/8.1.0/../../../../arm-none-eabi/lib/armv6k/fpu/libm.a(lib_a-s_nan.o)
                0x000000000010ccc8                nan
 .text.rint     0x000000000010ccd8      0x17c /opt/devkitpro/devkitARM/lib/gcc/arm-none-eabi/8.1.0/../../../../arm-none-eabi/lib/armv6k/fpu/libm.a(lib_a-s_rint.o)
                0x000000000010ccd8                rint
 *fill*         0x000000000010ce54        0x4 
 .text.scalbn   0x000000000010ce58      0x178 /opt/devkitpro/devkitARM/lib/gcc/arm-none-eabi/8.1.0/../../../../arm-none-eabi/lib/armv6k/fpu/libm.a(lib_a-s_scalbn.o)
                0x000000000010ce58                scalbn
 .text.copysign
                0x000000000010cfd0       0x1c /opt/devkitpro/devkitARM/lib/gcc/arm-none-eabi/8.1.0/../../../../arm-none-eabi/lib/armv6k/fpu/libm.a(lib_a-s_copysign.o)
                0x000000000010cfd0                copysign
 .text.__fixdfdi
                0x000000000010cfec       0x2c /opt/devkitpro/devkitARM/lib/gcc/arm-none-eabi/8.1.0/armv6k/fpu/libgcc.a(_fixdfdi.o)
                0x000000000010cfec                __aeabi_d2lz
                0x000000000010cfec                __fixdfdi
 .text.__fixunsdfdi
                0x000000000010d018       0x40 /opt/devkitpro/devkitARM/lib/gcc/arm-none-eabi/8.1.0/armv6k/fpu/libgcc.a(_fixunsdfdi.o)
                0x000000000010d018                __aeabi_d2ulz
                0x000000000010d018                __fixunsdfdi
 .text.__udivmoddi4
                0x000000000010d058      0x128 /opt/devkitpro/devkitARM/lib/gcc/arm-none-eabi/8.1.0/armv6k/fpu/libgcc.a(_udivmoddi4.o)
                0x000000000010d058                __udivmoddi4
 .text.bsearch  0x000000000010d180       0x7c /opt/devkitpro/devkitARM/lib/gcc/arm-none-eabi/8.1.0/../../../../arm-none-eabi/lib/armv6k/fpu/libg.a(lib_a-bsearch.o)
                0x000000000010d180                bsearch
 .text.calloc   0x000000000010d1fc       0x20 /opt/devkitpro/devkitARM/lib/gcc/arm-none-eabi/8.1.0/../../../../arm-none-eabi/lib/armv6k/fpu/libg.a(lib_a-calloc.o)
                0x000000000010d1fc                calloc
 .text._calloc_r
                0x000000000010d21c       0x94 /opt/devkitpro/devkitARM/lib/gcc/arm-none-eabi/8.1.0/../../../../arm-none-eabi/lib/armv6k/fpu/libg.a(lib_a-callocr.o)
                0x000000000010d21c                _calloc_r
 .text.__errno  0x000000000010d2b0        0xc /opt/devkitpro/devkitARM/lib/gcc/arm-none-eabi/8.1.0/../../../../arm-none-eabi/lib/armv6k/fpu/libg.a(lib_a-errno.o)
                0x000000000010d2b0                __errno
 .text.__libc_fini_array
                0x000000000010d2bc       0x40 /opt/devkitpro/devkitARM/lib/gcc/arm-none-eabi/8.1.0/../../../../arm-none-eabi/lib/armv6k/fpu/libg.a(lib_a-fini.o)
                0x000000000010d2bc                __libc_fini_array
 .text.__libc_init_array
                0x000000000010d2fc       0x7c /opt/devkitpro/devkitARM/lib/gcc/arm-none-eabi/8.1.0/../../../../arm-none-eabi/lib/armv6k/fpu/libg.a(lib_a-init.o)
                0x000000000010d2fc                __libc_init_array
 .text.memalign
                0x000000000010d378       0x20 /opt/devkitpro/devkitARM/lib/gcc/arm-none-eabi/8.1.0/../../../../arm-none-eabi/lib/armv6k/fpu/libg.a(lib_a-malign.o)
                0x000000000010d378                memalign
 .text._memalign_r
                0x000000000010d398      0x14c /opt/devkitpro/devkitARM/lib/gcc/arm-none-eabi/8.1.0/../../../../arm-none-eabi/lib/armv6k/fpu/libg.a(lib_a-malignr.o)
                0x000000000010d398                _memalign_r
 .text.malloc   0x000000000010d4e4       0x18 /opt/devkitpro/devkitARM/lib/gcc/arm-none-eabi/8.1.0/../../../../arm-none-eabi/lib/armv6k/fpu/libg.a(lib_a-malloc.o)
                0x000000000010d4e4                malloc
 .text.free     0x000000000010d4fc       0x18 /opt/devkitpro/devkitARM/lib/gcc/arm-none-eabi/8.1.0/../../../../arm-none-eabi/lib/armv6k/fpu/libg.a(lib_a-malloc.o)
                0x000000000010d4fc                free
 .text._malloc_r
                0x000000000010d514      0x78c /opt/devkitpro/devkitARM/lib/gcc/arm-none-eabi/8.1.0/../../../../arm-none-eabi/lib/armv6k/fpu/libg.a(lib_a-mallocr.o)
                0x000000000010d514                _malloc_r
 .text.memcpy   0x000000000010dca0      0x118 /opt/devkitpro/devkitARM/lib/gcc/arm-none-eabi/8.1.0/../../../../arm-none-eabi/lib/armv6k/fpu/libg.a(lib_a-memcpy-stub.o)
                0x000000000010dca0                memcpy
 .text.memset   0x000000000010ddb8      0x114 /opt/devkitpro/devkitARM/lib/gcc/arm-none-eabi/8.1.0/../../../../arm-none-eabi/lib/armv6k/fpu/libg.a(lib_a-memset.o)
                0x000000000010ddb8                memset
 .text.__malloc_lock
                0x000000000010decc        0xc /opt/devkitpro/devkitARM/lib/gcc/arm-none-eabi/8.1.0/../../../../arm-none-eabi/lib/armv6k/fpu/libg.a(lib_a-mlock.o)
                0x000000000010decc                __malloc_lock
 .text.__malloc_unlock
                0x000000000010ded8        0xc /opt/devkitpro/devkitARM/lib/gcc/arm-none-eabi/8.1.0/../../../../arm-none-eabi/lib/armv6k/fpu/libg.a(lib_a-mlock.o)
                0x000000000010ded8                __malloc_unlock
 .text.printf   0x000000000010dee4       0x38 /opt/devkitpro/devkitARM/lib/gcc/arm-none-eabi/8.1.0/../../../../arm-none-eabi/lib/armv6k/fpu/libg.a(lib_a-printf.o)
                0x000000000010dee4                printf
 .text.putchar  0x000000000010df1c       0x1c /opt/devkitpro/devkitARM/lib/gcc/arm-none-eabi/8.1.0/../../../../arm-none-eabi/lib/armv6k/fpu/libg.a(lib_a-putchar.o)
                0x000000000010df1c                putchar
 .text._putc_r  0x000000000010df38       0xdc /opt/devkitpro/devkitARM/lib/gcc/arm-none-eabi/8.1.0/../../../../arm-none-eabi/lib/armv6k/fpu/libg.a(lib_a-putc.o)
                0x000000000010df38                _putc_r
 .text.strlen   0x000000000010e014       0x5c /opt/devkitpro/devkitARM/lib/gcc/arm-none-eabi/8.1.0/../../../../arm-none-eabi/lib/armv6k/fpu/libg.a(lib_a-strlen-stub.o)
                0x000000000010e014                strlen
 .text.strncat  0x000000000010e070       0x98 /opt/devkitpro/devkitARM/lib/gcc/arm-none-eabi/8.1.0/../../../../arm-none-eabi/lib/armv6k/fpu/libg.a(lib_a-strncat.o)
                0x000000000010e070                strncat
 .text.strncmp  0x000000000010e108      0x10c /opt/devkitpro/devkitARM/lib/gcc/arm-none-eabi/8.1.0/../../../../arm-none-eabi/lib/armv6k/fpu/libg.a(lib_a-strncmp.o)
                0x000000000010e108                strncmp
 .text.strncpy  0x000000000010e214       0xe0 /opt/devkitpro/devkitARM/lib/gcc/arm-none-eabi/8.1.0/../../../../arm-none-eabi/lib/armv6k/fpu/libg.a(lib_a-strncpy.o)
                0x000000000010e214                strncpy
 .text.strnlen  0x000000000010e2f4       0x5c /opt/devkitpro/devkitARM/lib/gcc/arm-none-eabi/8.1.0/../../../../arm-none-eabi/lib/armv6k/fpu/libg.a(lib_a-strnlen.o)
                0x000000000010e2f4                strnlen
 .text.sulp     0x000000000010e350       0x54 /opt/devkitpro/devkitARM/lib/gcc/arm-none-eabi/8.1.0/../../../../arm-none-eabi/lib/armv6k/fpu/libg.a(lib_a-strtod.o)
 *fill*         0x000000000010e3a4        0x4 
 .text._strtod_l
                0x000000000010e3a8     0x1404 /opt/devkitpro/devkitARM/lib/gcc/arm-none-eabi/8.1.0/../../../../arm-none-eabi/lib/armv6k/fpu/libg.a(lib_a-strtod.o)
                0x000000000010e3a8                _strtod_l
 .text.strtod   0x000000000010f7ac       0x40 /opt/devkitpro/devkitARM/lib/gcc/arm-none-eabi/8.1.0/../../../../arm-none-eabi/lib/armv6k/fpu/libg.a(lib_a-strtod.o)
                0x000000000010f7ac                strtod
 .text.get_arg  0x000000000010f7ec      0x630 /opt/devkitpro/devkitARM/lib/gcc/arm-none-eabi/8.1.0/../../../../arm-none-eabi/lib/armv6k/fpu/libg.a(lib_a-vfprintf.o)
 *fill*         0x000000000010fe1c        0x4 
 .text._vfprintf_r
                0x000000000010fe20     0x3724 /opt/devkitpro/devkitARM/lib/gcc/arm-none-eabi/8.1.0/../../../../arm-none-eabi/lib/armv6k/fpu/libg.a(lib_a-vfprintf.o)
                0x000000000010fe20                _vfprintf_r
 .text.__sbprintf
                0x0000000000113544       0xd0 /opt/devkitpro/devkitARM/lib/gcc/arm-none-eabi/8.1.0/../../../../arm-none-eabi/lib/armv6k/fpu/libg.a(lib_a-vfprintf.o)
 .text.__swbuf_r
                0x0000000000113614      0x108 /opt/devkitpro/devkitARM/lib/gcc/arm-none-eabi/8.1.0/../../../../arm-none-eabi/lib/armv6k/fpu/libg.a(lib_a-wbuf.o)
                0x0000000000113614                __swbuf_r
 .text._wcrtomb_r
                0x000000000011371c       0xa0 /opt/devkitpro/devkitARM/lib/gcc/arm-none-eabi/8.1.0/../../../../arm-none-eabi/lib/armv6k/fpu/libg.a(lib_a-wcrtomb.o)
                0x000000000011371c                _wcrtomb_r
 .text._wcsrtombs_r
                0x00000000001137bc       0x20 /opt/devkitpro/devkitARM/lib/gcc/arm-none-eabi/8.1.0/../../../../arm-none-eabi/lib/armv6k/fpu/libg.a(lib_a-wcsrtombs.o)
                0x00000000001137bc                _wcsrtombs_r
 .text.__swsetup_r
                0x00000000001137dc      0x150 /opt/devkitpro/devkitARM/lib/gcc/arm-none-eabi/8.1.0/../../../../arm-none-eabi/lib/armv6k/fpu/libg.a(lib_a-wsetup.o)
                0x00000000001137dc                __swsetup_r
 .text.quorem   0x000000000011392c      0x1c8 /opt/devkitpro/devkitARM/lib/gcc/arm-none-eabi/8.1.0/../../../../arm-none-eabi/lib/armv6k/fpu/libg.a(lib_a-dtoa.o)
 *fill*         0x0000000000113af4        0x4 
 .text._dtoa_r  0x0000000000113af8     0x12e4 /opt/devkitpro/devkitARM/lib/gcc/arm-none-eabi/8.1.0/../../../../arm-none-eabi/lib/armv6k/fpu/libg.a(lib_a-dtoa.o)
                0x0000000000113af8                _dtoa_r
 .text.__sflush_r
                0x0000000000114ddc      0x270 /opt/devkitpro/devkitARM/lib/gcc/arm-none-eabi/8.1.0/../../../../arm-none-eabi/lib/armv6k/fpu/libg.a(lib_a-fflush.o)
                0x0000000000114ddc                __sflush_r
 .text._fflush_r
                0x000000000011504c       0x94 /opt/devkitpro/devkitARM/lib/gcc/arm-none-eabi/8.1.0/../../../../arm-none-eabi/lib/armv6k/fpu/libg.a(lib_a-fflush.o)
                0x000000000011504c                _fflush_r
 .text.std      0x00000000001150e0       0x78 /opt/devkitpro/devkitARM/lib/gcc/arm-none-eabi/8.1.0/../../../../arm-none-eabi/lib/armv6k/fpu/libg.a(lib_a-findfp.o)
 .text._cleanup_r
                0x0000000000115158        0xc /opt/devkitpro/devkitARM/lib/gcc/arm-none-eabi/8.1.0/../../../../arm-none-eabi/lib/armv6k/fpu/libg.a(lib_a-findfp.o)
                0x0000000000115158                _cleanup_r
 .text.__sinit  0x0000000000115164       0x8c /opt/devkitpro/devkitARM/lib/gcc/arm-none-eabi/8.1.0/../../../../arm-none-eabi/lib/armv6k/fpu/libg.a(lib_a-findfp.o)
                0x0000000000115164                __sinit
 .text.__sfp_lock_acquire
                0x00000000001151f0        0xc /opt/devkitpro/devkitARM/lib/gcc/arm-none-eabi/8.1.0/../../../../arm-none-eabi/lib/armv6k/fpu/libg.a(lib_a-findfp.o)
                0x00000000001151f0                __sfp_lock_acquire
 .text.__sfp_lock_release
                0x00000000001151fc        0xc /opt/devkitpro/devkitARM/lib/gcc/arm-none-eabi/8.1.0/../../../../arm-none-eabi/lib/armv6k/fpu/libg.a(lib_a-findfp.o)
                0x00000000001151fc                __sfp_lock_release
 .text._malloc_trim_r
                0x0000000000115208       0xf8 /opt/devkitpro/devkitARM/lib/gcc/arm-none-eabi/8.1.0/../../../../arm-none-eabi/lib/armv6k/fpu/libg.a(lib_a-freer.o)
                0x0000000000115208                _malloc_trim_r
 .text._free_r  0x0000000000115300      0x2e4 /opt/devkitpro/devkitARM/lib/gcc/arm-none-eabi/8.1.0/../../../../arm-none-eabi/lib/armv6k/fpu/libg.a(lib_a-freer.o)
                0x0000000000115300                _free_r
 .text._fwalk_reent
                0x00000000001155e4       0x80 /opt/devkitpro/devkitARM/lib/gcc/arm-none-eabi/8.1.0/../../../../arm-none-eabi/lib/armv6k/fpu/libg.a(lib_a-fwalk.o)
                0x00000000001155e4                _fwalk_reent
 .text.rshift   0x0000000000115664       0xec /opt/devkitpro/devkitARM/lib/gcc/arm-none-eabi/8.1.0/../../../../arm-none-eabi/lib/armv6k/fpu/libg.a(lib_a-gdtoa-gethex.o)
 .text.__gethex
                0x0000000000115750      0x828 /opt/devkitpro/devkitARM/lib/gcc/arm-none-eabi/8.1.0/../../../../arm-none-eabi/lib/armv6k/fpu/libg.a(lib_a-gdtoa-gethex.o)
                0x0000000000115750                __gethex
 .text.__match  0x0000000000115f78       0x60 /opt/devkitpro/devkitARM/lib/gcc/arm-none-eabi/8.1.0/../../../../arm-none-eabi/lib/armv6k/fpu/libg.a(lib_a-gdtoa-hexnan.o)
                0x0000000000115f78                __match
 .text.__hexnan
                0x0000000000115fd8      0x254 /opt/devkitpro/devkitARM/lib/gcc/arm-none-eabi/8.1.0/../../../../arm-none-eabi/lib/armv6k/fpu/libg.a(lib_a-gdtoa-hexnan.o)
                0x0000000000115fd8                __hexnan
 .text.__localeconv_l
                0x000000000011622c        0x8 /opt/devkitpro/devkitARM/lib/gcc/arm-none-eabi/8.1.0/../../../../arm-none-eabi/lib/armv6k/fpu/libg.a(lib_a-localeconv.o)
                0x000000000011622c                __localeconv_l
 .text._localeconv_r
                0x0000000000116234       0x24 /opt/devkitpro/devkitARM/lib/gcc/arm-none-eabi/8.1.0/../../../../arm-none-eabi/lib/armv6k/fpu/libg.a(lib_a-localeconv.o)
                0x0000000000116234                _localeconv_r
 .text.__locale_mb_cur_max
                0x0000000000116258       0x24 /opt/devkitpro/devkitARM/lib/gcc/arm-none-eabi/8.1.0/../../../../arm-none-eabi/lib/armv6k/fpu/libg.a(lib_a-locale.o)
                0x0000000000116258                __locale_mb_cur_max
 .text.__locale_ctype_ptr
                0x000000000011627c       0x24 /opt/devkitpro/devkitARM/lib/gcc/arm-none-eabi/8.1.0/../../../../arm-none-eabi/lib/armv6k/fpu/libg.a(lib_a-locale.o)
                0x000000000011627c                __locale_ctype_ptr
 .text.__swhatbuf_r
                0x00000000001162a0       0x94 /opt/devkitpro/devkitARM/lib/gcc/arm-none-eabi/8.1.0/../../../../arm-none-eabi/lib/armv6k/fpu/libg.a(lib_a-makebuf.o)
                0x00000000001162a0                __swhatbuf_r
 .text.__smakebuf_r
                0x0000000000116334       0xf4 /opt/devkitpro/devkitARM/lib/gcc/arm-none-eabi/8.1.0/../../../../arm-none-eabi/lib/armv6k/fpu/libg.a(lib_a-makebuf.o)
                0x0000000000116334                __smakebuf_r
 .text.__utf8_mbtowc
                0x0000000000116428      0x2fc /opt/devkitpro/devkitARM/lib/gcc/arm-none-eabi/8.1.0/../../../../arm-none-eabi/lib/armv6k/fpu/libg.a(lib_a-mbtowc_r.o)
                0x0000000000116428                __utf8_mbtowc
 .text.memchr   0x0000000000116724      0x100 /opt/devkitpro/devkitARM/lib/gcc/arm-none-eabi/8.1.0/../../../../arm-none-eabi/lib/armv6k/fpu/libg.a(lib_a-memchr-stub.o)
                0x0000000000116724                memchr
 .text._Balloc  0x0000000000116824       0x88 /opt/devkitpro/devkitARM/lib/gcc/arm-none-eabi/8.1.0/../../../../arm-none-eabi/lib/armv6k/fpu/libg.a(lib_a-mprec.o)
                0x0000000000116824                _Balloc
 .text._Bfree   0x00000000001168ac       0x1c /opt/devkitpro/devkitARM/lib/gcc/arm-none-eabi/8.1.0/../../../../arm-none-eabi/lib/armv6k/fpu/libg.a(lib_a-mprec.o)
                0x00000000001168ac                _Bfree
 .text.__multadd
                0x00000000001168c8       0xe0 /opt/devkitpro/devkitARM/lib/gcc/arm-none-eabi/8.1.0/../../../../arm-none-eabi/lib/armv6k/fpu/libg.a(lib_a-mprec.o)
                0x00000000001168c8                __multadd
 .text.__s2b    0x00000000001169a8       0xe4 /opt/devkitpro/devkitARM/lib/gcc/arm-none-eabi/8.1.0/../../../../arm-none-eabi/lib/armv6k/fpu/libg.a(lib_a-mprec.o)
                0x00000000001169a8                __s2b
 .text.__hi0bits
                0x0000000000116a8c       0x58 /opt/devkitpro/devkitARM/lib/gcc/arm-none-eabi/8.1.0/../../../../arm-none-eabi/lib/armv6k/fpu/libg.a(lib_a-mprec.o)
                0x0000000000116a8c                __hi0bits
 .text.__lo0bits
                0x0000000000116ae4       0x9c /opt/devkitpro/devkitARM/lib/gcc/arm-none-eabi/8.1.0/../../../../arm-none-eabi/lib/armv6k/fpu/libg.a(lib_a-mprec.o)
                0x0000000000116ae4                __lo0bits
 .text.__i2b    0x0000000000116b80       0x20 /opt/devkitpro/devkitARM/lib/gcc/arm-none-eabi/8.1.0/../../../../arm-none-eabi/lib/armv6k/fpu/libg.a(lib_a-mprec.o)
                0x0000000000116b80                __i2b
 .text.__multiply
                0x0000000000116ba0      0x1c4 /opt/devkitpro/devkitARM/lib/gcc/arm-none-eabi/8.1.0/../../../../arm-none-eabi/lib/armv6k/fpu/libg.a(lib_a-mprec.o)
                0x0000000000116ba0                __multiply
 .text.__pow5mult
                0x0000000000116d64      0x100 /opt/devkitpro/devkitARM/lib/gcc/arm-none-eabi/8.1.0/../../../../arm-none-eabi/lib/armv6k/fpu/libg.a(lib_a-mprec.o)
                0x0000000000116d64                __pow5mult
 .text.__lshift
                0x0000000000116e64       0xf4 /opt/devkitpro/devkitARM/lib/gcc/arm-none-eabi/8.1.0/../../../../arm-none-eabi/lib/armv6k/fpu/libg.a(lib_a-mprec.o)
                0x0000000000116e64                __lshift
 .text.__mcmp   0x0000000000116f58       0x5c /opt/devkitpro/devkitARM/lib/gcc/arm-none-eabi/8.1.0/../../../../arm-none-eabi/lib/armv6k/fpu/libg.a(lib_a-mprec.o)
                0x0000000000116f58                __mcmp
 .text.__mdiff  0x0000000000116fb4      0x168 /opt/devkitpro/devkitARM/lib/gcc/arm-none-eabi/8.1.0/../../../../arm-none-eabi/lib/armv6k/fpu/libg.a(lib_a-mprec.o)
                0x0000000000116fb4                __mdiff
 .text.__ulp    0x000000000011711c       0x74 /opt/devkitpro/devkitARM/lib/gcc/arm-none-eabi/8.1.0/../../../../arm-none-eabi/lib/armv6k/fpu/libg.a(lib_a-mprec.o)
                0x000000000011711c                __ulp
 .text.__b2d    0x0000000000117190       0xd4 /opt/devkitpro/devkitARM/lib/gcc/arm-none-eabi/8.1.0/../../../../arm-none-eabi/lib/armv6k/fpu/libg.a(lib_a-mprec.o)
                0x0000000000117190                __b2d
 .text.__d2b    0x0000000000117264      0x100 /opt/devkitpro/devkitARM/lib/gcc/arm-none-eabi/8.1.0/../../../../arm-none-eabi/lib/armv6k/fpu/libg.a(lib_a-mprec.o)
                0x0000000000117264                __d2b
 .text.__ratio  0x0000000000117364       0x84 /opt/devkitpro/devkitARM/lib/gcc/arm-none-eabi/8.1.0/../../../../arm-none-eabi/lib/armv6k/fpu/libg.a(lib_a-mprec.o)
                0x0000000000117364                __ratio
 .text.__copybits
                0x00000000001173e8       0x6c /opt/devkitpro/devkitARM/lib/gcc/arm-none-eabi/8.1.0/../../../../arm-none-eabi/lib/armv6k/fpu/libg.a(lib_a-mprec.o)
                0x00000000001173e8                __copybits
 .text.__any_on
                0x0000000000117454       0x78 /opt/devkitpro/devkitARM/lib/gcc/arm-none-eabi/8.1.0/../../../../arm-none-eabi/lib/armv6k/fpu/libg.a(lib_a-mprec.o)
                0x0000000000117454                __any_on
 *fill*         0x00000000001174cc        0x4 
 .text.frexp    0x00000000001174d0       0xa8 /opt/devkitpro/devkitARM/lib/gcc/arm-none-eabi/8.1.0/../../../../arm-none-eabi/lib/armv6k/fpu/libg.a(lib_a-s_frexp.o)
                0x00000000001174d0                frexp
 .text.__sread  0x0000000000117578       0x3c /opt/devkitpro/devkitARM/lib/gcc/arm-none-eabi/8.1.0/../../../../arm-none-eabi/lib/armv6k/fpu/libg.a(lib_a-stdio.o)
                0x0000000000117578                __sread
 .text.__swrite
                0x00000000001175b4       0x68 /opt/devkitpro/devkitARM/lib/gcc/arm-none-eabi/8.1.0/../../../../arm-none-eabi/lib/armv6k/fpu/libg.a(lib_a-stdio.o)
                0x00000000001175b4                __swrite
 .text.__sseek  0x000000000011761c       0x48 /opt/devkitpro/devkitARM/lib/gcc/arm-none-eabi/8.1.0/../../../../arm-none-eabi/lib/armv6k/fpu/libg.a(lib_a-stdio.o)
                0x000000000011761c                __sseek
 .text.__sclose
                0x0000000000117664        0x8 /opt/devkitpro/devkitARM/lib/gcc/arm-none-eabi/8.1.0/../../../../arm-none-eabi/lib/armv6k/fpu/libg.a(lib_a-stdio.o)
                0x0000000000117664                __sclose
 .text.strchr   0x000000000011766c      0x180 /opt/devkitpro/devkitARM/lib/gcc/arm-none-eabi/8.1.0/../../../../arm-none-eabi/lib/armv6k/fpu/libg.a(lib_a-strchr.o)
                0x000000000011766c                strchr
 .text.__sprint_r
                0x00000000001177ec       0x34 /opt/devkitpro/devkitARM/lib/gcc/arm-none-eabi/8.1.0/../../../../arm-none-eabi/lib/armv6k/fpu/libg.a(lib_a-vfiprintf.o)
                0x00000000001177ec                __sprint_r
 .text._wcsnrtombs_l
                0x0000000000117820      0x184 /opt/devkitpro/devkitARM/lib/gcc/arm-none-eabi/8.1.0/../../../../arm-none-eabi/lib/armv6k/fpu/libg.a(lib_a-wcsnrtombs.o)
                0x0000000000117820                _wcsnrtombs_l
 .text._wcsnrtombs_r
                0x00000000001179a4       0x64 /opt/devkitpro/devkitARM/lib/gcc/arm-none-eabi/8.1.0/../../../../arm-none-eabi/lib/armv6k/fpu/libg.a(lib_a-wcsnrtombs.o)
                0x00000000001179a4                _wcsnrtombs_r
 .text.__utf8_wctomb
                0x0000000000117a08       0xe8 /opt/devkitpro/devkitARM/lib/gcc/arm-none-eabi/8.1.0/../../../../arm-none-eabi/lib/armv6k/fpu/libg.a(lib_a-wctomb_r.o)
                0x0000000000117a08                __utf8_wctomb
 .text._fclose_r
                0x0000000000117af0      0x160 /opt/devkitpro/devkitARM/lib/gcc/arm-none-eabi/8.1.0/../../../../arm-none-eabi/lib/armv6k/fpu/libg.a(lib_a-fclose.o)
                0x0000000000117af0                _fclose_r
 .text.__sfvwrite_r
                0x0000000000117c50      0x4a4 /opt/devkitpro/devkitARM/lib/gcc/arm-none-eabi/8.1.0/../../../../arm-none-eabi/lib/armv6k/fpu/libg.a(lib_a-fvwrite.o)
                0x0000000000117c50                __sfvwrite_r
 .text.memmove  0x00000000001180f4      0x154 /opt/devkitpro/devkitARM/lib/gcc/arm-none-eabi/8.1.0/../../../../arm-none-eabi/lib/armv6k/fpu/libg.a(lib_a-memmove.o)
                0x00000000001180f4                memmove
 .text._realloc_r
                0x0000000000118248      0x4bc /opt/devkitpro/devkitARM/lib/gcc/arm-none-eabi/8.1.0/../../../../arm-none-eabi/lib/armv6k/fpu/libg.a(lib_a-reallocr.o)
                0x0000000000118248                _realloc_r
 .text.null_write
                0x0000000000118704        0x8 /opt/devkitpro/devkitARM/lib/gcc/arm-none-eabi/8.1.0/../../../../arm-none-eabi/lib/armv6k/fpu/libsysbase.a(iosupport.o)
 .text.setDefaultDevice
                0x000000000011870c       0x18 /opt/devkitpro/devkitARM/lib/gcc/arm-none-eabi/8.1.0/../../../../arm-none-eabi/lib/armv6k/fpu/libsysbase.a(iosupport.o)
                0x000000000011870c                setDefaultDevice
 .text.FindDevice
                0x0000000000118724       0xcc /opt/devkitpro/devkitARM/lib/gcc/arm-none-eabi/8.1.0/../../../../arm-none-eabi/lib/armv6k/fpu/libsysbase.a(iosupport.o)
                0x0000000000118724                FindDevice
 .text.RemoveDevice
                0x00000000001187f0       0x28 /opt/devkitpro/devkitARM/lib/gcc/arm-none-eabi/8.1.0/../../../../arm-none-eabi/lib/armv6k/fpu/libsysbase.a(iosupport.o)
                0x00000000001187f0                RemoveDevice
 .text.AddDevice
                0x0000000000118818       0x98 /opt/devkitpro/devkitARM/lib/gcc/arm-none-eabi/8.1.0/../../../../arm-none-eabi/lib/armv6k/fpu/libsysbase.a(iosupport.o)
                0x0000000000118818                AddDevice
 .text._close_r
                0x00000000001188b0       0x84 /opt/devkitpro/devkitARM/lib/gcc/arm-none-eabi/8.1.0/../../../../arm-none-eabi/lib/armv6k/fpu/libsysbase.a(close.o)
                0x00000000001188b0                _close_r
 .text._fstat_r
                0x0000000000118934       0x74 /opt/devkitpro/devkitARM/lib/gcc/arm-none-eabi/8.1.0/../../../../arm-none-eabi/lib/armv6k/fpu/libsysbase.a(fstat.o)
                0x0000000000118934                _fstat_r
 .text._isatty_r
                0x00000000001189a8        0x8 /opt/devkitpro/devkitARM/lib/gcc/arm-none-eabi/8.1.0/../../../../arm-none-eabi/lib/armv6k/fpu/libsysbase.a(isatty.o)
                0x00000000001189a8                _isatty_r
 .text._lseek_r
                0x00000000001189b0       0x84 /opt/devkitpro/devkitARM/lib/gcc/arm-none-eabi/8.1.0/../../../../arm-none-eabi/lib/armv6k/fpu/libsysbase.a(lseek.o)
                0x00000000001189b0                _lseek_r
 .text._read_r  0x0000000000118a34       0x80 /opt/devkitpro/devkitARM/lib/gcc/arm-none-eabi/8.1.0/../../../../arm-none-eabi/lib/armv6k/fpu/libsysbase.a(read.o)
                0x0000000000118a34                _read_r
 .text._sbrk_r  0x0000000000118ab4       0x70 /opt/devkitpro/devkitARM/lib/gcc/arm-none-eabi/8.1.0/../../../../arm-none-eabi/lib/armv6k/fpu/libsysbase.a(sbrk.o)
                0x0000000000118ab4                _sbrk_r
 .text._write_r
                0x0000000000118b24       0x80 /opt/devkitpro/devkitARM/lib/gcc/arm-none-eabi/8.1.0/../../../../arm-none-eabi/lib/armv6k/fpu/libsysbase.a(write.o)
                0x0000000000118b24                _write_r
 .text._concatenate_path
                0x0000000000118ba4      0x1cc /opt/devkitpro/devkitARM/lib/gcc/arm-none-eabi/8.1.0/../../../../arm-none-eabi/lib/armv6k/fpu/libsysbase.a(chdir.o)
                0x0000000000118ba4                _concatenate_path
 .text.chdir    0x0000000000118d70      0x15c /opt/devkitpro/devkitARM/lib/gcc/arm-none-eabi/8.1.0/../../../../arm-none-eabi/lib/armv6k/fpu/libsysbase.a(chdir.o)
                0x0000000000118d70                chdir
 .text.__flockfile
                0x0000000000118ecc        0x8 /opt/devkitpro/devkitARM/lib/gcc/arm-none-eabi/8.1.0/../../../../arm-none-eabi/lib/armv6k/fpu/libsysbase.a(flock.o)
                0x0000000000118ecc                __flockfile
 .text.__funlockfile
                0x0000000000118ed4        0x8 /opt/devkitpro/devkitARM/lib/gcc/arm-none-eabi/8.1.0/../../../../arm-none-eabi/lib/armv6k/fpu/libsysbase.a(flock.o)
                0x0000000000118ed4                __funlockfile
 .text.__libc_lock_acquire
                0x0000000000118edc       0x18 /opt/devkitpro/devkitARM/lib/gcc/arm-none-eabi/8.1.0/../../../../arm-none-eabi/lib/armv6k/fpu/libsysbase.a(syscall_support.o)
                0x0000000000118edc                __libc_lock_acquire
 .text.__libc_lock_release
                0x0000000000118ef4       0x18 /opt/devkitpro/devkitARM/lib/gcc/arm-none-eabi/8.1.0/../../../../arm-none-eabi/lib/armv6k/fpu/libsysbase.a(syscall_support.o)
                0x0000000000118ef4                __libc_lock_release
 .text.__libc_lock_init_recursive
                0x0000000000118f0c       0x18 /opt/devkitpro/devkitARM/lib/gcc/arm-none-eabi/8.1.0/../../../../arm-none-eabi/lib/armv6k/fpu/libsysbase.a(syscall_support.o)
                0x0000000000118f0c                __libc_lock_init_recursive
 .text.__libc_lock_acquire_recursive
                0x0000000000118f24       0x18 /opt/devkitpro/devkitARM/lib/gcc/arm-none-eabi/8.1.0/../../../../arm-none-eabi/lib/armv6k/fpu/libsysbase.a(syscall_support.o)
                0x0000000000118f24                __libc_lock_acquire_recursive
 .text.__libc_lock_release_recursive
                0x0000000000118f3c       0x18 /opt/devkitpro/devkitARM/lib/gcc/arm-none-eabi/8.1.0/../../../../arm-none-eabi/lib/armv6k/fpu/libsysbase.a(syscall_support.o)
                0x0000000000118f3c                __libc_lock_release_recursive
 .text.__libc_lock_close_recursive
                0x0000000000118f54       0x18 /opt/devkitpro/devkitARM/lib/gcc/arm-none-eabi/8.1.0/../../../../arm-none-eabi/lib/armv6k/fpu/libsysbase.a(syscall_support.o)
                0x0000000000118f54                __libc_lock_close_recursive
 .text.__release_handle
                0x0000000000118f6c       0x8c /opt/devkitpro/devkitARM/lib/gcc/arm-none-eabi/8.1.0/../../../../arm-none-eabi/lib/armv6k/fpu/libsysbase.a(handle_manager.o)
                0x0000000000118f6c                __release_handle
 .text.__get_handle
                0x0000000000118ff8       0x18 /opt/devkitpro/devkitARM/lib/gcc/arm-none-eabi/8.1.0/../../../../arm-none-eabi/lib/armv6k/fpu/libsysbase.a(handle_manager.o)
                0x0000000000118ff8                __get_handle
 .text.__getreent
                0x0000000000119010       0x28 /opt/devkitpro/devkitARM/lib/gcc/arm-none-eabi/8.1.0/../../../../arm-none-eabi/lib/armv6k/fpu/libsysbase.a(getreent.o)
                0x0000000000119010                __getreent
 .text.strrchr  0x0000000000119038       0x44 /opt/devkitpro/devkitARM/lib/gcc/arm-none-eabi/8.1.0/../../../../arm-none-eabi/lib/armv6k/fpu/libg.a(lib_a-strrchr.o)
                0x0000000000119038                strrchr
 *(.glue_7)
 .glue_7        0x000000000011907c        0x0 linker stubs
 *(.glue_7t)
 .glue_7t       0x000000000011907c        0x0 linker stubs
 *(.stub)
 *(.gnu.warning)
 *(.gnu.linkonce.t*)
                0x000000000011907c                . = ALIGN (0x4)
 *(.fini)
 .fini          0x000000000011907c        0xc /opt/devkitpro/devkitARM/lib/gcc/arm-none-eabi/8.1.0/armv6k/fpu/crti.o
                0x000000000011907c                _fini
 .fini          0x0000000000119088        0xc /opt/devkitpro/devkitARM/lib/gcc/arm-none-eabi/8.1.0/armv6k/fpu/crtn.o
                0x0000000000119094                . = ALIGN (0x4)

.vfp11_veneer   0x0000000000119094        0x0
 .vfp11_veneer  0x0000000000119094        0x0 linker stubs

.v4_bx          0x0000000000119094        0x0
 .v4_bx         0x0000000000119094        0x0 linker stubs

.iplt           0x0000000000119094        0x0
 .iplt          0x0000000000119094        0x0 /opt/devkitpro/devkitARM/lib/gcc/arm-none-eabi/8.1.0/../../../../arm-none-eabi/lib/armv6k/fpu/3dsx_crt0.o
                0x000000000011a000                . = ALIGN (0x1000)

.rodata         0x000000000011a000      0xbd4
 *(.rodata)
 .rodata        0x000000000011a000      0x190 tinyexpr.o
 .rodata        0x000000000011a190        0xc /opt/devkitpro/libctru/lib/libctru.a(sdmc_dev.o)
 *(.roda)
 *(.rodata.*)
 .rodata.str1.4
                0x000000000011a19c       0xa5 tinyexpr.o
                                         0xa9 (size before relaxing)
 *fill*         0x000000000011a241        0x3 
 .rodata.CSWTCH.56
                0x000000000011a244       0x14 /opt/devkitpro/libctru/lib/libctru.a(gfx.o)
 .rodata.gspInit.str1.4
                0x000000000011a258        0x9 /opt/devkitpro/libctru/lib/libctru.a(gspgpu.o)
 *fill*         0x000000000011a261        0x3 
 .rodata.srvInit.str1.4
                0x000000000011a264        0x5 /opt/devkitpro/libctru/lib/libctru.a(srv.o)
 *fill*         0x000000000011a269        0x3 
 .rodata.error_table
                0x000000000011a26c       0x30 /opt/devkitpro/libctru/lib/libctru.a(sdmc_dev.o)
 .rodata.sdmcExit.str1.4
                0x000000000011a29c        0x6 /opt/devkitpro/libctru/lib/libctru.a(sdmc_dev.o)
 *fill*         0x000000000011a2a2        0x2 
 .rodata.str1.4
                0x000000000011a2a4        0x5 /opt/devkitpro/libctru/lib/libctru.a(sdmc_dev.o)
                                          0x9 (size before relaxing)
 *fill*         0x000000000011a2a9        0x3 
 .rodata.fsInit.str1.4
                0x000000000011a2ac        0x8 /opt/devkitpro/libctru/lib/libctru.a(fs.o)
 .rodata.aptSendCommand.str1.4
                0x000000000011a2b4       0x16 /opt/devkitpro/libctru/lib/libctru.a(apt.o)
 *fill*         0x000000000011a2ca        0x2 
 .rodata.hidInit.str1.4
                0x000000000011a2cc       0x15 /opt/devkitpro/libctru/lib/libctru.a(hid.o)
 *fill*         0x000000000011a2e1        0x3 
 .rodata.ptmSysmInit.str1.4
                0x000000000011a2e4        0x9 /opt/devkitpro/libctru/lib/libctru.a(ptmsysm.o)
 *fill*         0x000000000011a2ed        0x3 
 .rodata.irrstInit.str1.4
                0x000000000011a2f0        0x7 /opt/devkitpro/libctru/lib/libctru.a(irrst.o)
 *fill*         0x000000000011a2f7        0x1 
 .rodata.atanhi
                0x000000000011a2f8       0x20 /opt/devkitpro/devkitARM/lib/gcc/arm-none-eabi/8.1.0/../../../../arm-none-eabi/lib/armv6k/fpu/libm.a(lib_a-s_atan.o)
 .rodata.atanlo
                0x000000000011a318       0x20 /opt/devkitpro/devkitARM/lib/gcc/arm-none-eabi/8.1.0/../../../../arm-none-eabi/lib/armv6k/fpu/libm.a(lib_a-s_atan.o)
 .rodata.acos.str1.4
                0x000000000011a338        0x9 /opt/devkitpro/devkitARM/lib/gcc/arm-none-eabi/8.1.0/../../../../arm-none-eabi/lib/armv6k/fpu/libm.a(lib_a-w_acos.o)
 .rodata.asin.str1.4
                0x000000000011a338        0x9 /opt/devkitpro/devkitARM/lib/gcc/arm-none-eabi/8.1.0/../../../../arm-none-eabi/lib/armv6k/fpu/libm.a(lib_a-w_asin.o)
 .rodata.cosh.str1.4
                0x000000000011a338        0x5 /opt/devkitpro/devkitARM/lib/gcc/arm-none-eabi/8.1.0/../../../../arm-none-eabi/lib/armv6k/fpu/libm.a(lib_a-w_cosh.o)
 .rodata.exp.str1.4
                0x000000000011a338        0x4 /opt/devkitpro/devkitARM/lib/gcc/arm-none-eabi/8.1.0/../../../../arm-none-eabi/lib/armv6k/fpu/libm.a(lib_a-w_exp.o)
 .rodata.fmod.str1.4
                0x000000000011a338        0x5 /opt/devkitpro/devkitARM/lib/gcc/arm-none-eabi/8.1.0/../../../../arm-none-eabi/lib/armv6k/fpu/libm.a(lib_a-w_fmod.o)
 .rodata.log10.str1.4
                0x000000000011a33d        0x9 /opt/devkitpro/devkitARM/lib/gcc/arm-none-eabi/8.1.0/../../../../arm-none-eabi/lib/armv6k/fpu/libm.a(lib_a-w_log10.o)
 .rodata.log.str1.4
                0x000000000011a33d        0x5 /opt/devkitpro/devkitARM/lib/gcc/arm-none-eabi/8.1.0/../../../../arm-none-eabi/lib/armv6k/fpu/libm.a(lib_a-w_log.o)
 .rodata.pow.str1.4
                0x000000000011a33d        0x4 /opt/devkitpro/devkitARM/lib/gcc/arm-none-eabi/8.1.0/../../../../arm-none-eabi/lib/armv6k/fpu/libm.a(lib_a-w_pow.o)
 .rodata.sinh.str1.4
                0x000000000011a33d        0x5 /opt/devkitpro/devkitARM/lib/gcc/arm-none-eabi/8.1.0/../../../../arm-none-eabi/lib/armv6k/fpu/libm.a(lib_a-w_sinh.o)
 .rodata.sqrt.str1.4
                0x000000000011a33d        0x5 /opt/devkitpro/devkitARM/lib/gcc/arm-none-eabi/8.1.0/../../../../arm-none-eabi/lib/armv6k/fpu/libm.a(lib_a-w_sqrt.o)
 *fill*         0x000000000011a33d        0x3 
 .rodata.halF   0x000000000011a340       0x10 /opt/devkitpro/devkitARM/lib/gcc/arm-none-eabi/8.1.0/../../../../arm-none-eabi/lib/armv6k/fpu/libm.a(lib_a-e_exp.o)
 .rodata.ln2HI  0x000000000011a350       0x10 /opt/devkitpro/devkitARM/lib/gcc/arm-none-eabi/8.1.0/../../../../arm-none-eabi/lib/armv6k/fpu/libm.a(lib_a-e_exp.o)
 .rodata.ln2LO  0x000000000011a360       0x10 /opt/devkitpro/devkitARM/lib/gcc/arm-none-eabi/8.1.0/../../../../arm-none-eabi/lib/armv6k/fpu/libm.a(lib_a-e_exp.o)
 .rodata.Zero   0x000000000011a370       0x10 /opt/devkitpro/devkitARM/lib/gcc/arm-none-eabi/8.1.0/../../../../arm-none-eabi/lib/armv6k/fpu/libm.a(lib_a-e_fmod.o)
 .rodata.__ieee754_pow.str1.4
                0x000000000011a380        0x1 /opt/devkitpro/devkitARM/lib/gcc/arm-none-eabi/8.1.0/../../../../arm-none-eabi/lib/armv6k/fpu/libm.a(lib_a-e_pow.o)
 .rodata.npio2_hw
                0x000000000011a380       0x80 /opt/devkitpro/devkitARM/lib/gcc/arm-none-eabi/8.1.0/../../../../arm-none-eabi/lib/armv6k/fpu/libm.a(lib_a-e_rem_pio2.o)
 .rodata.two_over_pi
                0x000000000011a400      0x108 /opt/devkitpro/devkitARM/lib/gcc/arm-none-eabi/8.1.0/../../../../arm-none-eabi/lib/armv6k/fpu/libm.a(lib_a-e_rem_pio2.o)
 .rodata.PIo2   0x000000000011a508       0x40 /opt/devkitpro/devkitARM/lib/gcc/arm-none-eabi/8.1.0/../../../../arm-none-eabi/lib/armv6k/fpu/libm.a(lib_a-k_rem_pio2.o)
 .rodata.init_jk
                0x000000000011a548       0x10 /opt/devkitpro/devkitARM/lib/gcc/arm-none-eabi/8.1.0/../../../../arm-none-eabi/lib/armv6k/fpu/libm.a(lib_a-k_rem_pio2.o)
 .rodata.TWO52  0x000000000011a558       0x10 /opt/devkitpro/devkitARM/lib/gcc/arm-none-eabi/8.1.0/../../../../arm-none-eabi/lib/armv6k/fpu/libm.a(lib_a-s_rint.o)
 .rodata._strtod_l.str1.4
                0x000000000011a568        0xf /opt/devkitpro/devkitARM/lib/gcc/arm-none-eabi/8.1.0/../../../../arm-none-eabi/lib/armv6k/fpu/libg.a(lib_a-strtod.o)
 *fill*         0x000000000011a577        0x1 
 .rodata.fpi.7553
                0x000000000011a578       0x14 /opt/devkitpro/devkitARM/lib/gcc/arm-none-eabi/8.1.0/../../../../arm-none-eabi/lib/armv6k/fpu/libg.a(lib_a-strtod.o)
 .rodata.fpinan.7589
                0x000000000011a58c       0x14 /opt/devkitpro/devkitARM/lib/gcc/arm-none-eabi/8.1.0/../../../../arm-none-eabi/lib/armv6k/fpu/libg.a(lib_a-strtod.o)
 .rodata.tinytens
                0x000000000011a5a0       0x28 /opt/devkitpro/devkitARM/lib/gcc/arm-none-eabi/8.1.0/../../../../arm-none-eabi/lib/armv6k/fpu/libg.a(lib_a-strtod.o)
 .rodata._vfprintf_r.str1.1
                0x000000000011a5c8       0x3b /opt/devkitpro/devkitARM/lib/gcc/arm-none-eabi/8.1.0/../../../../arm-none-eabi/lib/armv6k/fpu/libg.a(lib_a-vfprintf.o)
 *fill*         0x000000000011a603        0x1 
 .rodata.blanks.8720
                0x000000000011a604       0x10 /opt/devkitpro/devkitARM/lib/gcc/arm-none-eabi/8.1.0/../../../../arm-none-eabi/lib/armv6k/fpu/libg.a(lib_a-vfprintf.o)
 .rodata.zeroes.8721
                0x000000000011a614       0x10 /opt/devkitpro/devkitARM/lib/gcc/arm-none-eabi/8.1.0/../../../../arm-none-eabi/lib/armv6k/fpu/libg.a(lib_a-vfprintf.o)
 .rodata._dtoa_r.str1.4
                0x000000000011a624        0xd /opt/devkitpro/devkitARM/lib/gcc/arm-none-eabi/8.1.0/../../../../arm-none-eabi/lib/armv6k/fpu/libg.a(lib_a-dtoa.o)
                                         0x12 (size before relaxing)
 *fill*         0x000000000011a631        0x3 
 .rodata.__hexdig
                0x000000000011a634      0x100 /opt/devkitpro/devkitARM/lib/gcc/arm-none-eabi/8.1.0/../../../../arm-none-eabi/lib/armv6k/fpu/libg.a(lib_a-gdtoa-gethex.o)
                0x000000000011a634                __hexdig
 .rodata.str1.4
                0x000000000011a734       0x48 /opt/devkitpro/devkitARM/lib/gcc/arm-none-eabi/8.1.0/../../../../arm-none-eabi/lib/armv6k/fpu/libg.a(lib_a-locale.o)
                                         0x4c (size before relaxing)
 *fill*         0x000000000011a77c        0x4 
 .rodata.__mprec_bigtens
                0x000000000011a780       0x28 /opt/devkitpro/devkitARM/lib/gcc/arm-none-eabi/8.1.0/../../../../arm-none-eabi/lib/armv6k/fpu/libg.a(lib_a-mprec.o)
                0x000000000011a780                __mprec_bigtens
 .rodata.__mprec_tens
                0x000000000011a7a8       0xc8 /opt/devkitpro/devkitARM/lib/gcc/arm-none-eabi/8.1.0/../../../../arm-none-eabi/lib/armv6k/fpu/libg.a(lib_a-mprec.o)
                0x000000000011a7a8                __mprec_tens
 .rodata.p05.7473
                0x000000000011a870        0xc /opt/devkitpro/devkitARM/lib/gcc/arm-none-eabi/8.1.0/../../../../arm-none-eabi/lib/armv6k/fpu/libg.a(lib_a-mprec.o)
 .rodata.__action_table
                0x000000000011a87c       0x6c /opt/devkitpro/devkitARM/lib/gcc/arm-none-eabi/8.1.0/../../../../arm-none-eabi/lib/armv6k/fpu/libg.a(lib_a-svfiprintf.o)
                0x000000000011a87c                __action_table
 .rodata.__chclass
                0x000000000011a8e8      0x100 /opt/devkitpro/devkitARM/lib/gcc/arm-none-eabi/8.1.0/../../../../arm-none-eabi/lib/armv6k/fpu/libg.a(lib_a-svfiprintf.o)
                0x000000000011a8e8                __chclass
 .rodata.__state_table
                0x000000000011a9e8       0x6c /opt/devkitpro/devkitARM/lib/gcc/arm-none-eabi/8.1.0/../../../../arm-none-eabi/lib/armv6k/fpu/libg.a(lib_a-svfiprintf.o)
                0x000000000011a9e8                __state_table
 .rodata._ctype_
                0x000000000011aa54      0x101 /opt/devkitpro/devkitARM/lib/gcc/arm-none-eabi/8.1.0/../../../../arm-none-eabi/lib/armv6k/fpu/libg.a(lib_a-ctype_.o)
                0x000000000011aa54                _ctype_
 *fill*         0x000000000011ab55        0x3 
 .rodata.AddDevice.str1.4
                0x000000000011ab58        0x8 /opt/devkitpro/devkitARM/lib/gcc/arm-none-eabi/8.1.0/../../../../arm-none-eabi/lib/armv6k/fpu/libsysbase.a(iosupport.o)
 .rodata.dotab_stdnull
                0x000000000011ab60       0x70 /opt/devkitpro/devkitARM/lib/gcc/arm-none-eabi/8.1.0/../../../../arm-none-eabi/lib/armv6k/fpu/libsysbase.a(iosupport.o)
                0x000000000011ab60                dotab_stdnull
 .rodata.DIRECTORY_PARENT
                0x000000000011abd0        0x3 /opt/devkitpro/devkitARM/lib/gcc/arm-none-eabi/8.1.0/../../../../arm-none-eabi/lib/armv6k/fpu/libsysbase.a(chdir.o)
                0x000000000011abd0                DIRECTORY_PARENT
 *all.rodata*(*)
 *(.gnu.linkonce.r*)
                0x000000000011abd4                . = ALIGN (0x4)
 *fill*         0x000000000011abd3        0x1 

.eh_frame       0x000000000011abd4        0x0
 .eh_frame      0x000000000011abd4        0x0 /opt/devkitpro/devkitARM/lib/gcc/arm-none-eabi/8.1.0/armv6k/fpu/crtbegin.o

.rel.dyn        0x000000000011abd4        0x0
 .rel.iplt      0x000000000011abd4        0x0 /opt/devkitpro/devkitARM/lib/gcc/arm-none-eabi/8.1.0/../../../../arm-none-eabi/lib/armv6k/fpu/3dsx_crt0.o

.ARM.extab
 *(.ARM.extab* .gnu.linkonce.armextab.*)
                0x000000000011abd4                __exidx_start = .

ARM.exidx
 *(.ARM.exidx* .gnu.linkonce.armexidx.*)
                0x000000000011abd4                __exidx_end = .
                0x000000000011b000                . = ALIGN (0x1000)

.data           0x000000000011b000     0x2ef4
 *(.data)
 .data          0x000000000011b000        0x4 /opt/devkitpro/libctru/lib/libctru.a(stack_adjust.o)
                0x000000000011b000                __stacksize__
 *(.data.*)
 .data.botFormat
                0x000000000011b004        0x1 /opt/devkitpro/libctru/lib/libctru.a(gfx.o)
 .data.topFormat
                0x000000000011b005        0x1 /opt/devkitpro/libctru/lib/libctru.a(gfx.o)
 *fill*         0x000000000011b006        0x2 
 .data.gspLastEvent
                0x000000000011b008        0x4 /opt/devkitpro/libctru/lib/libctru.a(gspgpu.o)
 .data.__ctru_linear_heap_size
                0x000000000011b00c        0x4 /opt/devkitpro/libctru/lib/libctru.a(allocateHeaps.o)
                0x000000000011b00c                __ctru_linear_heap_size
 .data.__cwd    0x000000000011b010      0x401 /opt/devkitpro/libctru/lib/libctru.a(sdmc_dev.o)
 *fill*         0x000000000011b411        0x3 
 .data.sdmc_devoptab
                0x000000000011b414       0x68 /opt/devkitpro/libctru/lib/libctru.a(sdmc_dev.o)
 .data.aptFlags
                0x000000000011b47c        0x4 /opt/devkitpro/libctru/lib/libctru.a(apt.o)
 .data.__fdlib_version
                0x000000000011b480        0x1 /opt/devkitpro/devkitARM/lib/gcc/arm-none-eabi/8.1.0/../../../../arm-none-eabi/lib/armv6k/fpu/libm.a(lib_a-s_lib_ver.o)
                0x000000000011b480                __fdlib_version
 *fill*         0x000000000011b481        0x3 
 .data._impure_ptr
                0x000000000011b484        0x4 /opt/devkitpro/devkitARM/lib/gcc/arm-none-eabi/8.1.0/../../../../arm-none-eabi/lib/armv6k/fpu/libg.a(lib_a-impure.o)
                0x000000000011b484                _impure_ptr
 .data.impure_data
                0x000000000011b488      0x460 /opt/devkitpro/devkitARM/lib/gcc/arm-none-eabi/8.1.0/../../../../arm-none-eabi/lib/armv6k/fpu/libg.a(lib_a-impure.o)
 .data.__malloc_av_
                0x000000000011b8e8      0x408 /opt/devkitpro/devkitARM/lib/gcc/arm-none-eabi/8.1.0/../../../../arm-none-eabi/lib/armv6k/fpu/libg.a(lib_a-mallocr.o)
                0x000000000011b8e8                __malloc_av_
 .data.__malloc_sbrk_base
                0x000000000011bcf0        0x4 /opt/devkitpro/devkitARM/lib/gcc/arm-none-eabi/8.1.0/../../../../arm-none-eabi/lib/armv6k/fpu/libg.a(lib_a-mallocr.o)
                0x000000000011bcf0                __malloc_sbrk_base
 .data.__malloc_trim_threshold
                0x000000000011bcf4        0x4 /opt/devkitpro/devkitARM/lib/gcc/arm-none-eabi/8.1.0/../../../../arm-none-eabi/lib/armv6k/fpu/libg.a(lib_a-mallocr.o)
                0x000000000011bcf4                __malloc_trim_threshold
 .data.__malloc_recursive_mutex
                0x000000000011bcf8        0xc /opt/devkitpro/devkitARM/lib/gcc/arm-none-eabi/8.1.0/../../../../arm-none-eabi/lib/armv6k/fpu/libg.a(lib_a-mlock.o)
 .data.__sfp_recursive_mutex
                0x000000000011bd04        0xc /opt/devkitpro/devkitARM/lib/gcc/arm-none-eabi/8.1.0/../../../../arm-none-eabi/lib/armv6k/fpu/libg.a(lib_a-findfp.o)
 .data.__sinit_recursive_mutex
                0x000000000011bd10        0xc /opt/devkitpro/devkitARM/lib/gcc/arm-none-eabi/8.1.0/../../../../arm-none-eabi/lib/armv6k/fpu/libg.a(lib_a-findfp.o)
 .data.__global_locale
                0x000000000011bd1c      0x16c /opt/devkitpro/devkitARM/lib/gcc/arm-none-eabi/8.1.0/../../../../arm-none-eabi/lib/armv6k/fpu/libg.a(lib_a-locale.o)
                0x000000000011bd1c                __global_locale
 .data.defaultDevice
                0x000000000011be88        0x4 /opt/devkitpro/devkitARM/lib/gcc/arm-none-eabi/8.1.0/../../../../arm-none-eabi/lib/armv6k/fpu/libsysbase.a(iosupport.o)
 .data.devoptab_list
                0x000000000011be8c       0x40 /opt/devkitpro/devkitARM/lib/gcc/arm-none-eabi/8.1.0/../../../../arm-none-eabi/lib/armv6k/fpu/libsysbase.a(iosupport.o)
                0x000000000011be8c                devoptab_list
 .data._current_working_directory
                0x000000000011becc     0x1000 /opt/devkitpro/devkitARM/lib/gcc/arm-none-eabi/8.1.0/../../../../arm-none-eabi/lib/armv6k/fpu/libsysbase.a(chdir.o)
 .data.__hndl_lock
                0x000000000011cecc        0x4 /opt/devkitpro/devkitARM/lib/gcc/arm-none-eabi/8.1.0/../../../../arm-none-eabi/lib/armv6k/fpu/libsysbase.a(handle_manager.o)
 .data.__stderr_handle
                0x000000000011ced0        0xc /opt/devkitpro/devkitARM/lib/gcc/arm-none-eabi/8.1.0/../../../../arm-none-eabi/lib/armv6k/fpu/libsysbase.a(handle_manager.o)
 .data.__stdin_handle
                0x000000000011cedc        0xc /opt/devkitpro/devkitARM/lib/gcc/arm-none-eabi/8.1.0/../../../../arm-none-eabi/lib/armv6k/fpu/libsysbase.a(handle_manager.o)
 .data.__stdout_handle
                0x000000000011cee8        0xc /opt/devkitpro/devkitARM/lib/gcc/arm-none-eabi/8.1.0/../../../../arm-none-eabi/lib/armv6k/fpu/libsysbase.a(handle_manager.o)
 .data.handles  0x000000000011cef4     0x1000 /opt/devkitpro/devkitARM/lib/gcc/arm-none-eabi/8.1.0/../../../../arm-none-eabi/lib/armv6k/fpu/libsysbase.a(handle_manager.o)
 *(.gnu.linkonce.d*)
                0x000000000011def4                . = ALIGN (0x4)

.igot.plt       0x000000000011def4        0x0
 .igot.plt      0x000000000011def4        0x0 /opt/devkitpro/devkitARM/lib/gcc/arm-none-eabi/8.1.0/../../../../arm-none-eabi/lib/armv6k/fpu/3dsx_crt0.o

.tm_clone_table
                0x000000000011def4        0x0
 .tm_clone_table
                0x000000000011def4        0x0 /opt/devkitpro/devkitARM/lib/gcc/arm-none-eabi/8.1.0/armv6k/fpu/crtbegin.o
 .tm_clone_table
                0x000000000011def4        0x0 /opt/devkitpro/devkitARM/lib/gcc/arm-none-eabi/8.1.0/armv6k/fpu/crtend.o
                0x000000000011def4                __TMC_END__

.tdata          0x000000000011def4        0x0
                0x000000000011def4                __tdata_lma = .
 *(.tdata)
 *(.tdata.*)
 *(.gnu.linkonce.td.*)
                0x000000000011def4                . = ALIGN (0x4)
                0x000000000011def4                __tdata_lma_end = .

.tbss           0x000000000011def4     0x140c
 *(.tbss)
 *(.tbss.*)
 .tbss.__fixedpath
                0x000000000011def4      0x401 /opt/devkitpro/libctru/lib/libctru.a(sdmc_dev.o)
 *fill*         0x000000000011e2f5        0x3 
 .tbss.__utf16path
                0x000000000011e2f8      0x802 /opt/devkitpro/libctru/lib/libctru.a(sdmc_dev.o)
 *fill*         0x000000000011eafa        0x2 
 .tbss.__utf16path_old.8298
                0x000000000011eafc      0x802 /opt/devkitpro/libctru/lib/libctru.a(sdmc_dev.o)
 *(.gnu.linkonce.tb.*)
 *(.tcommon)
                0x000000000011f300                . = ALIGN (0x4)
 *fill*         0x000000000011f2fe        0x2 

.preinit_array  0x000000000011def4        0x0
                0x000000000011def4                PROVIDE (__preinit_array_start = .)
 *(.preinit_array)