Archive member included to satisfy reference by file (symbol)

/opt/devkitpro/libctru/lib/libctru.a(initArgv.o)
                              /opt/devkitpro/devkitARM/lib/gcc/arm-none-eabi/8.1.0/../../../../arm-none-eabi/lib/armv6k/fpu/3dsx_crt0.o (__system_argc)
/opt/devkitpro/libctru/lib/libctru.a(stack_adjust.o)
                              /opt/devkitpro/devkitARM/lib/gcc/arm-none-eabi/8.1.0/../../../../arm-none-eabi/lib/armv6k/fpu/3dsx_crt0.o (initSystem)
/opt/devkitpro/libctru/lib/libctru.a(initSystem.o)
                              /opt/devkitpro/libctru/lib/libctru.a(stack_adjust.o) (__libctru_init)
/opt/devkitpro/libctru/lib/libctru.a(syscalls.o)
                              /opt/devkitpro/libctru/lib/libctru.a(initSystem.o) (__system_initSyscalls)
/opt/devkitpro/libctru/lib/libctru.a(allocateHeaps.o)
                              /opt/devkitpro/libctru/lib/libctru.a(initSystem.o) (__system_allocateHeaps)
/opt/devkitpro/libctru/lib/libctru.a(appInit.o)
                              /opt/devkitpro/libctru/lib/libctru.a(stack_adjust.o) (__appInit)
/opt/devkitpro/libctru/lib/libctru.a(appExit.o)
                              /opt/devkitpro/libctru/lib/libctru.a(stack_adjust.o) (__appExit)
/opt/devkitpro/libctru/lib/libctru.a(ctru_exit.o)
                              /opt/devkitpro/libctru/lib/libctru.a(stack_adjust.o) (__libctru_exit)
/opt/devkitpro/libctru/lib/libctru.a(svc.o)
                              /opt/devkitpro/libctru/lib/libctru.a(allocateHeaps.o) (svcControlMemory)
/opt/devkitpro/libctru/lib/libctru.a(synchronization.o)
                              /opt/devkitpro/libctru/lib/libctru.a(initSystem.o) (__sync_init)
/opt/devkitpro/libctru/lib/libctru.a(env.o)
                              /opt/devkitpro/libctru/lib/libctru.a(ctru_exit.o) (envDestroyHandles)
/opt/devkitpro/libctru/lib/libctru.a(os.o)
                              /opt/devkitpro/libctru/lib/libctru.a(allocateHeaps.o) (osGetMemRegionUsed)
/opt/devkitpro/libctru/lib/libctru.a(srv.o)
                              /opt/devkitpro/libctru/lib/libctru.a(appExit.o) (srvExit)
/opt/devkitpro/libctru/lib/libctru.a(sdmc_dev.o)
                              /opt/devkitpro/libctru/lib/libctru.a(appInit.o) (sdmcInit)
/opt/devkitpro/libctru/lib/libctru.a(fs.o)
                              /opt/devkitpro/libctru/lib/libctru.a(appInit.o) (fsInit)
/opt/devkitpro/libctru/lib/libctru.a(apt.o)
                              /opt/devkitpro/libctru/lib/libctru.a(appInit.o) (aptInit)
/opt/devkitpro/libctru/lib/libctru.a(hid.o)
                              /opt/devkitpro/libctru/lib/libctru.a(appExit.o) (hidExit)
/opt/devkitpro/libctru/lib/libctru.a(srvpm.o)
                              /opt/devkitpro/libctru/lib/libctru.a(srv.o) (srvPmGetSessionHandle)
/opt/devkitpro/libctru/lib/libctru.a(ptmsysm.o)
                              /opt/devkitpro/libctru/lib/libctru.a(os.o) (ptmSysmInit)
/opt/devkitpro/libctru/lib/libctru.a(utf8_to_utf16.o)
                              /opt/devkitpro/libctru/lib/libctru.a(sdmc_dev.o) (utf8_to_utf16)
/opt/devkitpro/libctru/lib/libctru.a(decode_utf8.o)
                              /opt/devkitpro/libctru/lib/libctru.a(sdmc_dev.o) (decode_utf8)
/opt/devkitpro/libctru/lib/libctru.a(utf16_to_utf8.o)
                              /opt/devkitpro/libctru/lib/libctru.a(sdmc_dev.o) (utf16_to_utf8)
/opt/devkitpro/libctru/lib/libctru.a(readtp.o)
                              /opt/devkitpro/libctru/lib/libctru.a(sdmc_dev.o) (__aeabi_read_tp)
/opt/devkitpro/libctru/lib/libctru.a(mappable.o)
                              /opt/devkitpro/libctru/lib/libctru.a(hid.o) (mappableAlloc)
/opt/devkitpro/libctru/lib/libctru.a(mem_pool.o)
                              /opt/devkitpro/libctru/lib/libctru.a(mappable.o) (MemPool::Allocate(MemChunk&, unsigned long, int))
/opt/devkitpro/libctru/lib/libctru.a(gfx.o)
                              /opt/devkitpro/libctru/lib/libctru.a(apt.o) (__get_bytes_per_pixel)
/opt/devkitpro/libctru/lib/libctru.a(thread.o)
                              /opt/devkitpro/libctru/lib/libctru.a(apt.o) (threadCreate)
/opt/devkitpro/libctru/lib/libctru.a(gx.o)
                              /opt/devkitpro/libctru/lib/libctru.a(gfx.o) (gxCmdBuf)
/opt/devkitpro/libctru/lib/libctru.a(irrst.o)
                              /opt/devkitpro/libctru/lib/libctru.a(hid.o) (irrstScanInput)
/opt/devkitpro/libctru/lib/libctru.a(gspgpu.o)
                              /opt/devkitpro/libctru/lib/libctru.a(gfx.o) (gspInit)
/opt/devkitpro/libctru/lib/libctru.a(rbtree_init.o)
                              /opt/devkitpro/libctru/lib/libctru.a(mappable.o) (rbtree_init)
/opt/devkitpro/libctru/lib/libctru.a(rbtree_insert.o)
                              /opt/devkitpro/libctru/lib/libctru.a(mappable.o) (rbtree_insert)
/opt/devkitpro/libctru/lib/libctru.a(rbtree_rotate.o)
                              /opt/devkitpro/libctru/lib/libctru.a(rbtree_insert.o) (rbtree_rotate)
/opt/devkitpro/libctru/lib/libctru.a(rbtree_remove.o)
[...]
Memory Configuration

Name             Origin             Length             Attributes
*default*        0x0000000000000000 0xffffffffffffffff

Linker script and memory map

                0x0000000000100000                PROVIDE (__start__ = 0x100000)
                0x0000000000100000                . = __start__

.text           0x0000000000100000    0x1837c
 *(.crt0)
 .crt0          0x0000000000100000       0x94 /opt/devkitpro/devkitARM/lib/gcc/arm-none-eabi/8.1.0/../../../../arm-none-eabi/lib/armv6k/fpu/3dsx_crt0.o
                0x0000000000100000                _start
                0x0000000000100008                __service_ptr
                0x000000000010000c                __apt_appid
                0x0000000000100010                __heap_size
                0x0000000000100014                __linear_heap_size
                0x0000000000100018                __system_arglist
                0x000000000010001c                __system_runflags
 *(.init)
 .init          0x0000000000100094        0xc /opt/devkitpro/devkitARM/lib/gcc/arm-none-eabi/8.1.0/armv6k/fpu/crti.o
                0x0000000000100094                _init
 .init          0x00000000001000a0        0xc /opt/devkitpro/devkitARM/lib/gcc/arm-none-eabi/8.1.0/armv6k/fpu/crtn.o
                0x00000000001000ac                . = ALIGN (0x4)
 *(.text)
 *fill*         0x00000000001000ac        0x4 
 .text          0x00000000001000b0     0x1608 tinyexpr.o
                0x0000000000100510                te_free_parameters
                0x0000000000100600                te_free
                0x000000000010060c                next_token
                0x0000000000100fa4                te_eval
                0x00000000001015c0                te_compile
                0x0000000000101658                te_interp
                0x00000000001016b0                te_print
 .text          0x00000000001016b8       0x64 /opt/devkitpro/libctru/lib/libctru.a(stack_adjust.o)
                0x00000000001016b8                initSystem
                0x00000000001016fc                __ctru_exit
 .text          0x000000000010171c      0x20c /opt/devkitpro/devkitARM/lib/gcc/arm-none-eabi/8.1.0/armv6k/fpu/libgcc.a(_udivsi3.o)
                0x000000000010171c                __udivsi3
                0x000000000010171c                __aeabi_uidiv
                0x0000000000101908                __aeabi_uidivmod
 .text          0x0000000000101928        0x4 /opt/devkitpro/devkitARM/lib/gcc/arm-none-eabi/8.1.0/armv6k/fpu/libgcc.a(_dvmd_tls.o)
                0x0000000000101928                __aeabi_ldiv0
                0x0000000000101928                __aeabi_idiv0
 .text          0x000000000010192c       0x3c /opt/devkitpro/devkitARM/lib/gcc/arm-none-eabi/8.1.0/armv6k/fpu/libgcc.a(_aeabi_uldivmod.o)
                0x000000000010192c                __aeabi_uldivmod
 *fill*         0x0000000000101968       0x18 
 .text          0x0000000000101980      0x390 /opt/devkitpro/devkitARM/lib/gcc/arm-none-eabi/8.1.0/../../../../arm-none-eabi/lib/armv6k/fpu/libg.a(lib_a-strcmp.o)
                0x0000000000101988                strcmp
 .text          0x0000000000101d10      0x240 /opt/devkitpro/devkitARM/lib/gcc/arm-none-eabi/8.1.0/armv6k/fpu/libgcc.a(_divsi3.o)
                0x0000000000101d10                __aeabi_idiv
                0x0000000000101d10                __divsi3
                0x0000000000101f30                __aeabi_idivmod
 *(.text.*)
 .text.deregister_tm_clones
                0x0000000000101f50       0x2c /opt/devkitpro/devkitARM/lib/gcc/arm-none-eabi/8.1.0/armv6k/fpu/crtbegin.o
 .text.register_tm_clones
                0x0000000000101f7c       0x38 /opt/devkitpro/devkitARM/lib/gcc/arm-none-eabi/8.1.0/armv6k/fpu/crtbegin.o
 .text.__do_global_dtors_aux
                0x0000000000101fb4       0x44 /opt/devkitpro/devkitARM/lib/gcc/arm-none-eabi/8.1.0/armv6k/fpu/crtbegin.o
 .text.frame_dummy
                0x0000000000101ff8       0x34 /opt/devkitpro/devkitARM/lib/gcc/arm-none-eabi/8.1.0/armv6k/fpu/crtbegin.o
 .text.startup  0x000000000010202c       0x18 main.o
                0x000000000010202c                main
 .text.__system_initArgv
                0x0000000000102044       0xf0 /opt/devkitpro/libctru/lib/libctru.a(initArgv.o)
                0x0000000000102044                __system_initArgv
 .text.__libctru_init
                0x0000000000102134       0x38 /opt/devkitpro/libctru/lib/libctru.a(initSystem.o)
                0x0000000000102134                __libctru_init
 .text.__ctru_get_reent
                0x000000000010216c       0x30 /opt/devkitpro/libctru/lib/libctru.a(syscalls.o)
 .text.__system_initSyscalls
                0x000000000010219c       0xe8 /opt/devkitpro/libctru/lib/libctru.a(syscalls.o)
                0x000000000010219c                __system_initSyscalls
 .text.__system_allocateHeaps
                0x0000000000102284      0x104 /opt/devkitpro/libctru/lib/libctru.a(allocateHeaps.o)
                0x0000000000102284                __system_allocateHeaps
 .text.__appInit
                0x0000000000102388       0x1c /opt/devkitpro/libctru/lib/libctru.a(appInit.o)
                0x0000000000102388                __appInit
 .text.__appExit
                0x00000000001023a4       0x1c /opt/devkitpro/libctru/lib/libctru.a(appExit.o)
                0x00000000001023a4                __appExit
 .text.__libctru_exit
                0x00000000001023c0       0xa0 /opt/devkitpro/libctru/lib/libctru.a(ctru_exit.o)
                0x00000000001023c0                __libctru_exit
 .text.svcControlMemory
                0x0000000000102460       0x20 /opt/devkitpro/libctru/lib/libctru.a(svc.o)
                0x0000000000102460                svcControlMemory
 .text.svcExitProcess
                0x0000000000102480        0x8 /opt/devkitpro/libctru/lib/libctru.a(svc.o)
                0x0000000000102480                svcExitProcess
 .text.svcCreateThread
                0x0000000000102488       0x20 /opt/devkitpro/libctru/lib/libctru.a(svc.o)
                0x0000000000102488                svcCreateThread
 .text.svcExitThread
                0x00000000001024a8        0x8 /opt/devkitpro/libctru/lib/libctru.a(svc.o)
                0x00000000001024a8                svcExitThread
 .text.svcSleepThread
                0x00000000001024b0        0x8 /opt/devkitpro/libctru/lib/libctru.a(svc.o)
                0x00000000001024b0                svcSleepThread
 .text.svcReleaseMutex
                0x00000000001024b8        0x8 /opt/devkitpro/libctru/lib/libctru.a(svc.o)
                0x00000000001024b8                svcReleaseMutex
 .text.svcCreateEvent
                0x00000000001024c0       0x14 /opt/devkitpro/libctru/lib/libctru.a(svc.o)
                0x00000000001024c0                svcCreateEvent
 .text.svcSignalEvent
                0x00000000001024d4        0x8 /opt/devkitpro/libctru/lib/libctru.a(svc.o)
                0x00000000001024d4                svcSignalEvent
 .text.svcClearEvent
                0x00000000001024dc        0x8 /opt/devkitpro/libctru/lib/libctru.a(svc.o)
                0x00000000001024dc                svcClearEvent
 .text.svcMapMemoryBlock
                0x00000000001024e4        0x8 /opt/devkitpro/libctru/lib/libctru.a(svc.o)
                0x00000000001024e4                svcMapMemoryBlock
 .text.svcUnmapMemoryBlock
                0x00000000001024ec        0x8 /opt/devkitpro/libctru/lib/libctru.a(svc.o)
                0x00000000001024ec                svcUnmapMemoryBlock
 .text.svcCreateAddressArbiter
                0x00000000001024f4       0x14 /opt/devkitpro/libctru/lib/libctru.a(svc.o)
                0x00000000001024f4                svcCreateAddressArbiter
 .text.svcArbitrateAddress
                0x0000000000102508       0x18 /opt/devkitpro/libctru/lib/libctru.a(svc.o)
                0x0000000000102508                svcArbitrateAddress
 .text.svcCloseHandle
                0x0000000000102520        0x8 /opt/devkitpro/libctru/lib/libctru.a(svc.o)
                0x0000000000102520                svcCloseHandle
 .text.svcWaitSynchronization
                0x0000000000102528        0x8 /opt/devkitpro/libctru/lib/libctru.a(svc.o)
                0x0000000000102528                svcWaitSynchronization
 .text.svcWaitSynchronizationN
                0x0000000000102530       0x28 /opt/devkitpro/libctru/lib/libctru.a(svc.o)
                0x0000000000102530                svcWaitSynchronizationN
 .text.svcDuplicateHandle
                0x0000000000102558       0x14 /opt/devkitpro/libctru/lib/libctru.a(svc.o)
                0x0000000000102558                svcDuplicateHandle
 .text.svcGetSystemTick
                0x000000000010256c        0x8 /opt/devkitpro/libctru/lib/libctru.a(svc.o)
                0x000000000010256c                svcGetSystemTick
 .text.svcGetSystemInfo
                0x0000000000102574       0x18 /opt/devkitpro/libctru/lib/libctru.a(svc.o)
                0x0000000000102574                svcGetSystemInfo
 .text.svcConnectToPort
                0x000000000010258c       0x14 /opt/devkitpro/libctru/lib/libctru.a(svc.o)
                0x000000000010258c                svcConnectToPort
 .text.svcSendSyncRequest
                0x00000000001025a0        0x8 /opt/devkitpro/libctru/lib/libctru.a(svc.o)
                0x00000000001025a0                svcSendSyncRequest
 .text.svcBreak
                0x00000000001025a8        0x8 /opt/devkitpro/libctru/lib/libctru.a(svc.o)
                0x00000000001025a8                svcBreak
 .text.LightLock_Unlock.part.1
                0x00000000001025b0       0x38 /opt/devkitpro/libctru/lib/libctru.a(synchronization.o)
 .text.__sync_init
                0x00000000001025e8        0xc /opt/devkitpro/libctru/lib/libctru.a(synchronization.o)
                0x00000000001025e8                __sync_init
 .text.__sync_fini
                0x00000000001025f4       0x18 /opt/devkitpro/libctru/lib/libctru.a(synchronization.o)
                0x00000000001025f4                __sync_fini
 .text.LightLock_Init
                0x000000000010260c       0x18 /opt/devkitpro/libctru/lib/libctru.a(synchronization.o)
                0x000000000010260c                LightLock_Init
 .text.LightLock_Lock
                0x0000000000102624       0x9c /opt/devkitpro/libctru/lib/libctru.a(synchronization.o)
                0x0000000000102624                LightLock_Lock
 .text.LightLock_TryLock
                0x00000000001026c0       0x34 /opt/devkitpro/libctru/lib/libctru.a(synchronization.o)
                0x00000000001026c0                LightLock_TryLock
 .text.LightLock_Unlock
                0x00000000001026f4       0x20 /opt/devkitpro/libctru/lib/libctru.a(synchronization.o)
                0x00000000001026f4                LightLock_Unlock
 .text.RecursiveLock_Init
                0x0000000000102714       0x24 /opt/devkitpro/libctru/lib/libctru.a(synchronization.o)
                0x0000000000102714                RecursiveLock_Init
 .text.RecursiveLock_Lock
                0x0000000000102738       0x30 /opt/devkitpro/libctru/lib/libctru.a(synchronization.o)
                0x0000000000102738                RecursiveLock_Lock
 .text.RecursiveLock_TryLock
                0x0000000000102768       0x58 /opt/devkitpro/libctru/lib/libctru.a(synchronization.o)
                0x0000000000102768                RecursiveLock_TryLock
 .text.RecursiveLock_Unlock
                0x00000000001027c0       0x38 /opt/devkitpro/libctru/lib/libctru.a(synchronization.o)
                0x00000000001027c0                RecursiveLock_Unlock
 .text.LightEvent_Init
                0x00000000001027f8       0x38 /opt/devkitpro/libctru/lib/libctru.a(synchronization.o)
                0x00000000001027f8                LightEvent_Init
 .text.LightEvent_Signal
                0x0000000000102830       0xdc /opt/devkitpro/libctru/lib/libctru.a(synchronization.o)
                0x0000000000102830                LightEvent_Signal
 .text.LightEvent_Wait
                0x000000000010290c       0xc0 /opt/devkitpro/libctru/lib/libctru.a(synchronization.o)
                0x000000000010290c                LightEvent_Wait
 .text.envGetHandle
                0x00000000001029cc       0x80 /opt/devkitpro/libctru/lib/libctru.a(env.o)
                0x00000000001029cc                envGetHandle
 .text.envDestroyHandles
                0x0000000000102a4c       0x4c /opt/devkitpro/libctru/lib/libctru.a(env.o)
                0x0000000000102a4c                envDestroyHandles
 .text.getSysTime
                0x0000000000102a98       0x58 /opt/devkitpro/libctru/lib/libctru.a(os.o)
 .text.__ctru_speedup_config.part.0
                0x0000000000102af0       0x28 /opt/devkitpro/libctru/lib/libctru.a(os.o)
 .text.osGetMemRegionUsed
                0x0000000000102b18       0x24 /opt/devkitpro/libctru/lib/libctru.a(os.o)
                0x0000000000102b18                osGetMemRegionUsed
 *fill*         0x0000000000102b3c        0x4 
 .text.__libctru_gtod
                0x0000000000102b40      0x128 /opt/devkitpro/libctru/lib/libctru.a(os.o)
                0x0000000000102b40                __libctru_gtod
 .text.__ctru_speedup_config
                0x0000000000102c68       0x18 /opt/devkitpro/libctru/lib/libctru.a(os.o)
                0x0000000000102c68                __ctru_speedup_config
 .text.srvExit  0x0000000000102c80       0x58 /opt/devkitpro/libctru/lib/libctru.a(srv.o)
                0x0000000000102c80                srvExit
 .text.srvRegisterClient
                0x0000000000102cd8       0x38 /opt/devkitpro/libctru/lib/libctru.a(srv.o)
                0x0000000000102cd8                srvRegisterClient
 .text.srvInit  0x0000000000102d10       0xc8 /opt/devkitpro/libctru/lib/libctru.a(srv.o)
                0x0000000000102d10                srvInit
 .text.srvGetServiceHandleDirect
                0x0000000000102dd8       0x80 /opt/devkitpro/libctru/lib/libctru.a(srv.o)
                0x0000000000102dd8                srvGetServiceHandleDirect
 .text.srvGetServiceHandle
                0x0000000000102e58       0x38 /opt/devkitpro/libctru/lib/libctru.a(srv.o)
                0x0000000000102e58                srvGetServiceHandle
 .text.sdmc_link
                0x0000000000102e90       0x10 /opt/devkitpro/libctru/lib/libctru.a(sdmc_dev.o)
 .text.sdmc_dirreset
                0x0000000000102ea0       0x10 /opt/devkitpro/libctru/lib/libctru.a(sdmc_dev.o)
 .text.sdmc_chmod
                0x0000000000102eb0       0x10 /opt/devkitpro/libctru/lib/libctru.a(sdmc_dev.o)
 .text.error_cmp
                0x0000000000102ec0       0x24 /opt/devkitpro/libctru/lib/libctru.a(sdmc_dev.o)
 .text.sdmc_translate_error
                0x0000000000102ee4       0x50 /opt/devkitpro/libctru/lib/libctru.a(sdmc_dev.o)
 .text.sdmc_fsync
                0x0000000000102f34       0x34 /opt/devkitpro/libctru/lib/libctru.a(sdmc_dev.o)
 .text.sdmc_ftruncate
                0x0000000000102f68       0x54 /opt/devkitpro/libctru/lib/libctru.a(sdmc_dev.o)
 .text.sdmc_statvfs
                0x0000000000102fbc       0xb8 /opt/devkitpro/libctru/lib/libctru.a(sdmc_dev.o)
 .text.sdmc_dirclose
                0x0000000000103074       0x38 /opt/devkitpro/libctru/lib/libctru.a(sdmc_dev.o)
 .text.sdmc_dirnext
                0x00000000001030ac      0x12c /opt/devkitpro/libctru/lib/libctru.a(sdmc_dev.o)
 .text.sdmc_close
                0x00000000001031d8       0x34 /opt/devkitpro/libctru/lib/libctru.a(sdmc_dev.o)
 .text.sdmc_fstat
                0x000000000010320c       0x74 /opt/devkitpro/libctru/lib/libctru.a(sdmc_dev.o)
 .text.sdmc_seek
                0x0000000000103280       0xd8 /opt/devkitpro/libctru/lib/libctru.a(sdmc_dev.o)
 .text.sdmc_read
                0x0000000000103358       0x84 /opt/devkitpro/libctru/lib/libctru.a(sdmc_dev.o)
 .text.sdmc_write
                0x00000000001033dc       0xc0 /opt/devkitpro/libctru/lib/libctru.a(sdmc_dev.o)
 .text.sdmc_utf16path
                0x000000000010349c      0x1b0 /opt/devkitpro/libctru/lib/libctru.a(sdmc_dev.o)
 .text.sdmc_rmdir
                0x000000000010364c       0x74 /opt/devkitpro/libctru/lib/libctru.a(sdmc_dev.o)
 .text.sdmc_diropen
                0x00000000001036c0       0xa4 /opt/devkitpro/libctru/lib/libctru.a(sdmc_dev.o)
 .text.sdmc_chdir
                0x0000000000103764       0xb0 /opt/devkitpro/libctru/lib/libctru.a(sdmc_dev.o)
 .text.sdmc_mkdir
                0x0000000000103814       0x94 /opt/devkitpro/libctru/lib/libctru.a(sdmc_dev.o)
 .text.sdmc_rename
                0x00000000001038a8      0x108 /opt/devkitpro/libctru/lib/libctru.a(sdmc_dev.o)
 .text.sdmc_unlink
                0x00000000001039b0       0x74 /opt/devkitpro/libctru/lib/libctru.a(sdmc_dev.o)
 .text.sdmc_stat
                0x0000000000103a24      0x108 /opt/devkitpro/libctru/lib/libctru.a(sdmc_dev.o)
 .text.sdmc_open
                0x0000000000103b2c      0x198 /opt/devkitpro/libctru/lib/libctru.a(sdmc_dev.o)
 .text.sdmc_fchmod
                0x0000000000103cc4       0x10 /opt/devkitpro/libctru/lib/libctru.a(sdmc_dev.o)
 .text.sdmcInit
                0x0000000000103cd4      0x168 /opt/devkitpro/libctru/lib/libctru.a(sdmc_dev.o)
                0x0000000000103cd4                sdmcInit
 .text.sdmcExit
                0x0000000000103e3c       0x60 /opt/devkitpro/libctru/lib/libctru.a(sdmc_dev.o)
                0x0000000000103e3c                sdmcExit
 .text.fsSessionForArchive.part.0
                0x0000000000103e9c       0x28 /opt/devkitpro/libctru/lib/libctru.a(fs.o)
 .text.fsInit   0x0000000000103ec4       0xc4 /opt/devkitpro/libctru/lib/libctru.a(fs.o)
                0x0000000000103ec4                fsInit
 .text.fsExit   0x0000000000103f88       0x3c /opt/devkitpro/libctru/lib/libctru.a(fs.o)
                0x0000000000103f88                fsExit
 .text.fsExemptFromSession
                0x0000000000103fc4       0x64 /opt/devkitpro/libctru/lib/libctru.a(fs.o)
                0x0000000000103fc4                fsExemptFromSession
 .text.fsUnexemptFromSession
                0x0000000000104028       0x54 /opt/devkitpro/libctru/lib/libctru.a(fs.o)
                0x0000000000104028                fsUnexemptFromSession
 .text.FSUSER_OpenFile
                0x000000000010407c       0xbc /opt/devkitpro/libctru/lib/libctru.a(fs.o)
                0x000000000010407c                FSUSER_OpenFile
 .text.FSUSER_DeleteFile
                0x0000000000104138       0xa4 /opt/devkitpro/libctru/lib/libctru.a(fs.o)
                0x0000000000104138                FSUSER_DeleteFile
 .text.FSUSER_RenameFile
                0x00000000001041dc       0xdc /opt/devkitpro/libctru/lib/libctru.a(fs.o)
                0x00000000001041dc                FSUSER_RenameFile
 .text.FSUSER_DeleteDirectory
                0x00000000001042b8       0xa4 /opt/devkitpro/libctru/lib/libctru.a(fs.o)
                0x00000000001042b8                FSUSER_DeleteDirectory
 .text.FSUSER_CreateFile
                0x000000000010435c       0xbc /opt/devkitpro/libctru/lib/libctru.a(fs.o)
                0x000000000010435c                FSUSER_CreateFile
 .text.FSUSER_CreateDirectory
                0x0000000000104418       0xac /opt/devkitpro/libctru/lib/libctru.a(fs.o)
                0x0000000000104418                FSUSER_CreateDirectory
 .text.FSUSER_RenameDirectory
                0x00000000001044c4       0xdc /opt/devkitpro/libctru/lib/libctru.a(fs.o)
                0x00000000001044c4                FSUSER_RenameDirectory
 .text.FSUSER_OpenDirectory
                0x00000000001045a0       0xa0 /opt/devkitpro/libctru/lib/libctru.a(fs.o)
                0x00000000001045a0                FSUSER_OpenDirectory
 .text.FSUSER_OpenArchive
                0x0000000000104640       0x98 /opt/devkitpro/libctru/lib/libctru.a(fs.o)
                0x0000000000104640                FSUSER_OpenArchive
 .text.FSUSER_CloseArchive
                0x00000000001046d8       0x70 /opt/devkitpro/libctru/lib/libctru.a(fs.o)
                0x00000000001046d8                FSUSER_CloseArchive
 .text.FSUSER_GetSdmcArchiveResource
                0x0000000000104748       0x78 /opt/devkitpro/libctru/lib/libctru.a(fs.o)
                0x0000000000104748                FSUSER_GetSdmcArchiveResource
 .text.FSUSER_IsSdmcWritable
                0x00000000001047c0       0x64 /opt/devkitpro/libctru/lib/libctru.a(fs.o)
                0x00000000001047c0                FSUSER_IsSdmcWritable
 .text.FSFILE_Read
                0x0000000000104824       0x58 /opt/devkitpro/libctru/lib/libctru.a(fs.o)
                0x0000000000104824                FSFILE_Read
 .text.FSFILE_Write
                0x000000000010487c       0x64 /opt/devkitpro/libctru/lib/libctru.a(fs.o)
                0x000000000010487c                FSFILE_Write
 .text.FSFILE_GetSize
                0x00000000001048e0       0x38 /opt/devkitpro/libctru/lib/libctru.a(fs.o)
                0x00000000001048e0                FSFILE_GetSize
 .text.FSFILE_SetSize
                0x0000000000104918       0x28 /opt/devkitpro/libctru/lib/libctru.a(fs.o)
                0x0000000000104918                FSFILE_SetSize
 .text.FSFILE_Close
                0x0000000000104940       0x3c /opt/devkitpro/libctru/lib/libctru.a(fs.o)
                0x0000000000104940                FSFILE_Close
 .text.FSFILE_Flush
                0x000000000010497c       0x24 /opt/devkitpro/libctru/lib/libctru.a(fs.o)
                0x000000000010497c                FSFILE_Flush
 .text.FSDIR_Read
                0x00000000001049a0       0x54 /opt/devkitpro/libctru/lib/libctru.a(fs.o)
                0x00000000001049a0                FSDIR_Read
 .text.FSDIR_Close
                0x00000000001049f4       0x3c /opt/devkitpro/libctru/lib/libctru.a(fs.o)
                0x00000000001049f4                FSDIR_Close
 .text._aptDebug
                0x0000000000104a30        0x4 /opt/devkitpro/libctru/lib/libctru.a(apt.o)
                0x0000000000104a30                _aptDebug
 .text.aptSendCommand
                0x0000000000104a34      0x170 /opt/devkitpro/libctru/lib/libctru.a(apt.o)
                0x0000000000104a34                aptSendCommand
 .text.aptExitProcess
                0x0000000000104ba4       0x3c /opt/devkitpro/libctru/lib/libctru.a(apt.o)
 .text.APT_InquireNotification
                0x0000000000104be0       0x4c /opt/devkitpro/libctru/lib/libctru.a(apt.o)
                0x0000000000104be0                APT_InquireNotification
 .text.aptEventHandler
                0x0000000000104c2c      0x198 /opt/devkitpro/libctru/lib/libctru.a(apt.o)
 .text.APT_AppletUtility
                0x0000000000104dc4       0x74 /opt/devkitpro/libctru/lib/libctru.a(apt.o)
                0x0000000000104dc4                APT_AppletUtility
 .text.aptSetSleepAllowed
                0x0000000000104e38       0xb0 /opt/devkitpro/libctru/lib/libctru.a(apt.o)
                0x0000000000104e38                aptSetSleepAllowed
 .text.APT_GlanceParameter
                0x0000000000104ee8       0xb0 /opt/devkitpro/libctru/lib/libctru.a(apt.o)
                0x0000000000104ee8                APT_GlanceParameter
 .text.APT_ReceiveParameter
                0x0000000000104f98       0xc4 /opt/devkitpro/libctru/lib/libctru.a(apt.o)
                0x0000000000104f98                APT_ReceiveParameter
 .text.aptReceiveParameter.constprop.0
                0x000000000010505c       0xbc /opt/devkitpro/libctru/lib/libctru.a(apt.o)
 .text.aptScreenTransfer
                0x0000000000105118      0x1e0 /opt/devkitpro/libctru/lib/libctru.a(apt.o)
 .text.aptWaitForWakeUp
                0x00000000001052f8      0x210 /opt/devkitpro/libctru/lib/libctru.a(apt.o)
 .text.APT_CancelParameter
                0x0000000000105508       0x70 /opt/devkitpro/libctru/lib/libctru.a(apt.o)
                0x0000000000105508                APT_CancelParameter
 .text.aptInit  0x0000000000105578      0x25c /opt/devkitpro/libctru/lib/libctru.a(apt.o)
                0x0000000000105578                aptInit
 .text.aptClearParamQueue
                0x00000000001057d4       0x88 /opt/devkitpro/libctru/lib/libctru.a(apt.o)
 .text.aptMainLoop
                0x000000000010585c      0x208 /opt/devkitpro/libctru/lib/libctru.a(apt.o)
                0x000000000010585c                aptMainLoop
 *fill*         0x0000000000105a64        0x4 
 .text.aptExit  0x0000000000105a68      0x23c /opt/devkitpro/libctru/lib/libctru.a(apt.o)
                0x0000000000105a68                aptExit
 .text.APT_CheckNew3DS
                0x0000000000105ca4       0x7c /opt/devkitpro/libctru/lib/libctru.a(apt.o)
                0x0000000000105ca4                APT_CheckNew3DS
 .text.hidExit  0x0000000000105d20       0xd0 /opt/devkitpro/libctru/lib/libctru.a(hid.o)
                0x0000000000105d20                hidExit
 .text.HIDUSER_GetHandles
                0x0000000000105df0       0x90 /opt/devkitpro/libctru/lib/libctru.a(hid.o)
                0x0000000000105df0                HIDUSER_GetHandles
 .text.hidInit  0x0000000000105e80      0x1a4 /opt/devkitpro/libctru/lib/libctru.a(hid.o)
                0x0000000000105e80                hidInit
 .text.srvPmGetSessionHandle
                0x0000000000106024        0xc /opt/devkitpro/libctru/lib/libctru.a(srvpm.o)
                0x0000000000106024                srvPmGetSessionHandle
 .text.ptmSysmInit
                0x0000000000106030       0x74 /opt/devkitpro/libctru/lib/libctru.a(ptmsysm.o)
                0x0000000000106030                ptmSysmInit
 .text.ptmSysmExit
                0x00000000001060a4       0x3c /opt/devkitpro/libctru/lib/libctru.a(ptmsysm.o)
                0x00000000001060a4                ptmSysmExit
 .text.PTMSYSM_ConfigureNew3DSCPU
                0x00000000001060e0       0x34 /opt/devkitpro/libctru/lib/libctru.a(ptmsysm.o)
                0x00000000001060e0                PTMSYSM_ConfigureNew3DSCPU
 .text.utf8_to_utf16
                0x0000000000106114       0xc0 /opt/devkitpro/libctru/lib/libctru.a(utf8_to_utf16.o)
                0x0000000000106114                utf8_to_utf16
 .text.decode_utf8
                0x00000000001061d4      0x138 /opt/devkitpro/libctru/lib/libctru.a(decode_utf8.o)
                0x00000000001061d4                decode_utf8
 .text.utf16_to_utf8
                0x000000000010630c       0xe8 /opt/devkitpro/libctru/lib/libctru.a(utf16_to_utf8.o)
                0x000000000010630c                utf16_to_utf8
 .text.__aeabi_read_tp
                0x00000000001063f4        0xc /opt/devkitpro/libctru/lib/libctru.a(readtp.o)
                0x00000000001063f4                __aeabi_read_tp
 .text._ZL21addrMapNodeComparatorPK11rbtree_nodeS1_
                0x0000000000106400       0x24 /opt/devkitpro/libctru/lib/libctru.a(mappable.o)
 .text._ZL21addrMapNodeDestructorP11rbtree_node
                0x0000000000106424        0x4 /opt/devkitpro/libctru/lib/libctru.a(mappable.o)
 .text.mappableAlloc
                0x0000000000106428       0xe4 /opt/devkitpro/libctru/lib/libctru.a(mappable.o)
                0x0000000000106428                mappableAlloc
 .text.mappableFree
                0x000000000010650c       0x50 /opt/devkitpro/libctru/lib/libctru.a(mappable.o)
                0x000000000010650c                mappableFree
 .text._ZN7MemPool13CoalesceRightEP8MemBlock
                0x000000000010655c       0x90 /opt/devkitpro/libctru/lib/libctru.a(mem_pool.o)
                0x000000000010655c                MemPool::CoalesceRight(MemBlock*)
 .text._ZN7MemPool8AllocateER8MemChunkmi
                0x00000000001065ec      0x174 /opt/devkitpro/libctru/lib/libctru.a(mem_pool.o)
                0x00000000001065ec                MemPool::Allocate(MemChunk&, unsigned long, int)
 .text._ZN7MemPool10DeallocateERK8MemChunk
                0x0000000000106760       0xfc /opt/devkitpro/libctru/lib/libctru.a(mem_pool.o)
                0x0000000000106760                MemPool::Deallocate(MemChunk const&)
 .text.__get_bytes_per_pixel
                0x000000000010685c       0x18 /opt/devkitpro/libctru/lib/libctru.a(gfx.o)
                0x000000000010685c                __get_bytes_per_pixel
 .text.threadFree.part.0
                0x0000000000106874       0x1c /opt/devkitpro/libctru/lib/libctru.a(thread.o)
 .text.threadCreate
                0x0000000000106890      0x194 /opt/devkitpro/libctru/lib/libctru.a(thread.o)
                0x0000000000106890                threadCreate
 .text.threadJoin
                0x0000000000106a24       0x24 /opt/devkitpro/libctru/lib/libctru.a(thread.o)
                0x0000000000106a24                threadJoin
 .text.threadExit
                0x0000000000106a48       0x68 /opt/devkitpro/libctru/lib/libctru.a(thread.o)
                0x0000000000106a48                threadExit
 .text._thread_begin
                0x0000000000106ab0       0x48 /opt/devkitpro/libctru/lib/libctru.a(thread.o)
 .text.IRRST_GetHandles
                0x0000000000106af8       0x50 /opt/devkitpro/libctru/lib/libctru.a(irrst.o)
                0x0000000000106af8                IRRST_GetHandles
 .text.irrstInit
                0x0000000000106b48      0x154 /opt/devkitpro/libctru/lib/libctru.a(irrst.o)
                0x0000000000106b48                irrstInit
 .text.IRRST_Shutdown
                0x0000000000106c9c       0x2c /opt/devkitpro/libctru/lib/libctru.a(irrst.o)
                0x0000000000106c9c                IRRST_Shutdown
 .text.irrstExit
                0x0000000000106cc8       0xac /opt/devkitpro/libctru/lib/libctru.a(irrst.o)
                0x0000000000106cc8                irrstExit
 .text.GSPGPU_SetLcdForceBlack
                0x0000000000106d74       0x34 /opt/devkitpro/libctru/lib/libctru.a(gspgpu.o)
                0x0000000000106d74                GSPGPU_SetLcdForceBlack
 .text.GSPGPU_AcquireRight
                0x0000000000106da8       0x48 /opt/devkitpro/libctru/lib/libctru.a(gspgpu.o)
                0x0000000000106da8                GSPGPU_AcquireRight
 .text.GSPGPU_ReleaseRight
                0x0000000000106df0       0x2c /opt/devkitpro/libctru/lib/libctru.a(gspgpu.o)
                0x0000000000106df0                GSPGPU_ReleaseRight
 .text.GSPGPU_ImportDisplayCaptureInfo
                0x0000000000106e1c       0x80 /opt/devkitpro/libctru/lib/libctru.a(gspgpu.o)
                0x0000000000106e1c                GSPGPU_ImportDisplayCaptureInfo
 .text.GSPGPU_SaveVramSysArea
                0x0000000000106e9c       0x2c /opt/devkitpro/libctru/lib/libctru.a(gspgpu.o)
                0x0000000000106e9c                GSPGPU_SaveVramSysArea
 .text.GSPGPU_RestoreVramSysArea
                0x0000000000106ec8       0x2c /opt/devkitpro/libctru/lib/libctru.a(gspgpu.o)
                0x0000000000106ec8                GSPGPU_RestoreVramSysArea
 .text.rbtree_init
                0x0000000000106ef4       0x14 /opt/devkitpro/libctru/lib/libctru.a(rbtree_init.o)
                0x0000000000106ef4                rbtree_init
 .text.do_insert
                0x0000000000106f08      0x18c /opt/devkitpro/libctru/lib/libctru.a(rbtree_insert.o)
 .text.rbtree_insert
                0x0000000000107094        0x8 /opt/devkitpro/libctru/lib/libctru.a(rbtree_insert.o)
                0x0000000000107094                rbtree_insert
 .text.rbtree_rotate
                0x000000000010709c       0x90 /opt/devkitpro/libctru/lib/libctru.a(rbtree_rotate.o)
                0x000000000010709c                rbtree_rotate
 .text.rbtree_remove
                0x000000000010712c      0x330 /opt/devkitpro/libctru/lib/libctru.a(rbtree_remove.o)
                0x000000000010712c                rbtree_remove
 .text.rbtree_find
                0x000000000010745c       0x74 /opt/devkitpro/libctru/lib/libctru.a(rbtree_find.o)
                0x000000000010745c                rbtree_find
 .text.encode_utf16
                0x00000000001074d0       0x68 /opt/devkitpro/libctru/lib/libctru.a(encode_utf16.o)
                0x00000000001074d0                encode_utf16
 .text.encode_utf8
                0x0000000000107538      0x104 /opt/devkitpro/libctru/lib/libctru.a(encode_utf8.o)
                0x0000000000107538                encode_utf8
 .text.decode_utf16
                0x000000000010763c       0x60 /opt/devkitpro/libctru/lib/libctru.a(decode_utf16.o)
                0x000000000010763c                decode_utf16
 .text.rbtree_node_next
                0x000000000010769c       0x78 /opt/devkitpro/libctru/lib/libctru.a(rbtree_iterator.o)
                0x000000000010769c                rbtree_node_next
 *fill*         0x0000000000107714        0x4 
 .text.atan     0x0000000000107718      0x26c /opt/devkitpro/devkitARM/lib/gcc/arm-none-eabi/8.1.0/../../../../arm-none-eabi/lib/armv6k/fpu/libm.a(lib_a-s_atan.o)
                0x0000000000107718                atan
 *fill*         0x0000000000107984        0x4 
 .text.ceil     0x0000000000107988      0x15c /opt/devkitpro/devkitARM/lib/gcc/arm-none-eabi/8.1.0/../../../../arm-none-eabi/lib/armv6k/fpu/libm.a(lib_a-s_ceil.o)
                0x0000000000107988                ceil
 *fill*         0x0000000000107ae4        0x4 
 .text.cos      0x0000000000107ae8       0xc8 /opt/devkitpro/devkitARM/lib/gcc/arm-none-eabi/8.1.0/../../../../arm-none-eabi/lib/armv6k/fpu/libm.a(lib_a-s_cos.o)
                0x0000000000107ae8                cos
 .text.fabs     0x0000000000107bb0       0x14 /opt/devkitpro/devkitARM/lib/gcc/arm-none-eabi/8.1.0/../../../../arm-none-eabi/lib/armv6k/fpu/libm.a(lib_a-s_fabs.o)
                0x0000000000107bb0                fabs
 *fill*         0x0000000000107bc4        0x4 
 .text.floor    0x0000000000107bc8      0x16c /opt/devkitpro/devkitARM/lib/gcc/arm-none-eabi/8.1.0/../../../../arm-none-eabi/lib/armv6k/fpu/libm.a(lib_a-s_floor.o)
                0x0000000000107bc8                floor
 *fill*         0x0000000000107d34        0x4 
 .text.sin      0x0000000000107d38       0xd0 /opt/devkitpro/devkitARM/lib/gcc/arm-none-eabi/8.1.0/../../../../arm-none-eabi/lib/armv6k/fpu/libm.a(lib_a-s_sin.o)
                0x0000000000107d38                sin
 .text.tanh     0x0000000000107e08       0xf4 /opt/devkitpro/devkitARM/lib/gcc/arm-none-eabi/8.1.0/../../../../arm-none-eabi/lib/armv6k/fpu/libm.a(lib_a-s_tanh.o)
                0x0000000000107e08                tanh
 *fill*         0x0000000000107efc        0x4 
 .text.tan      0x0000000000107f00       0x88 /opt/devkitpro/devkitARM/lib/gcc/arm-none-eabi/8.1.0/../../../../arm-none-eabi/lib/armv6k/fpu/libm.a(lib_a-s_tan.o)
                0x0000000000107f00                tan
 .text.acos     0x0000000000107f88       0xfc /opt/devkitpro/devkitARM/lib/gcc/arm-none-eabi/8.1.0/../../../../arm-none-eabi/lib/armv6k/fpu/libm.a(lib_a-w_acos.o)
                0x0000000000107f88                acos
 *fill*         0x0000000000108084        0x4 
 .text.asin     0x0000000000108088       0xfc /opt/devkitpro/devkitARM/lib/gcc/arm-none-eabi/8.1.0/../../../../arm-none-eabi/lib/armv6k/fpu/libm.a(lib_a-w_asin.o)
                0x0000000000108088                asin
 .text.atan2    0x0000000000108184        0x4 /opt/devkitpro/devkitARM/lib/gcc/arm-none-eabi/8.1.0/../../../../arm-none-eabi/lib/armv6k/fpu/libm.a(lib_a-w_atan2.o)
                0x0000000000108184                atan2
 .text.cosh     0x0000000000108188      0x110 /opt/devkitpro/devkitARM/lib/gcc/arm-none-eabi/8.1.0/../../../../arm-none-eabi/lib/armv6k/fpu/libm.a(lib_a-w_cosh.o)
                0x0000000000108188                cosh
 .text.exp      0x0000000000108298      0x160 /opt/devkitpro/devkitARM/lib/gcc/arm-none-eabi/8.1.0/../../../../arm-none-eabi/lib/armv6k/fpu/libm.a(lib_a-w_exp.o)
                0x0000000000108298                exp
 .text.fmod     0x00000000001083f8      0x100 /opt/devkitpro/devkitARM/lib/gcc/arm-none-eabi/8.1.0/../../../../arm-none-eabi/lib/armv6k/fpu/libm.a(lib_a-w_fmod.o)
                0x00000000001083f8                fmod
 .text.log10    0x00000000001084f8      0x15c /opt/devkitpro/devkitARM/lib/gcc/arm-none-eabi/8.1.0/../../../../arm-none-eabi/lib/armv6k/fpu/libm.a(lib_a-w_log10.o)
                0x00000000001084f8                log10
 .text.log      0x0000000000108654      0x164 /opt/devkitpro/devkitARM/lib/gcc/arm-none-eabi/8.1.0/../../../../arm-none-eabi/lib/armv6k/fpu/libm.a(lib_a-w_log.o)
                0x0000000000108654                log
 .text.pow      0x00000000001087b8      0x390 /opt/devkitpro/devkitARM/lib/gcc/arm-none-eabi/8.1.0/../../../../arm-none-eabi/lib/armv6k/fpu/libm.a(lib_a-w_pow.o)
                0x00000000001087b8                pow
 .text.sinh     0x0000000000108b48      0x128 /opt/devkitpro/devkitARM/lib/gcc/arm-none-eabi/8.1.0/../../../../arm-none-eabi/lib/armv6k/fpu/libm.a(lib_a-w_sinh.o)
                0x0000000000108b48                sinh
 .text.sqrt     0x0000000000108c70       0xf0 /opt/devkitpro/devkitARM/lib/gcc/arm-none-eabi/8.1.0/../../../../arm-none-eabi/lib/armv6k/fpu/libm.a(lib_a-w_sqrt.o)
                0x0000000000108c70                sqrt
 .text.__ieee754_acos
                0x0000000000108d60      0x2e4 /opt/devkitpro/devkitARM/lib/gcc/arm-none-eabi/8.1.0/../../../../arm-none-eabi/lib/armv6k/fpu/libm.a(lib_a-e_acos.o)
                0x0000000000108d60                __ieee754_acos
 *fill*         0x0000000000109044        0x4 
 .text.__ieee754_asin
                0x0000000000109048      0x284 /opt/devkitpro/devkitARM/lib/gcc/arm-none-eabi/8.1.0/../../../../arm-none-eabi/lib/armv6k/fpu/libm.a(lib_a-e_asin.o)
                0x0000000000109048                __ieee754_asin
 *fill*         0x00000000001092cc        0x4 
 .text.__ieee754_atan2
                0x00000000001092d0      0x29c /opt/devkitpro/devkitARM/lib/gcc/arm-none-eabi/8.1.0/../../../../arm-none-eabi/lib/armv6k/fpu/libm.a(lib_a-e_atan2.o)
                0x00000000001092d0                __ieee754_atan2
 *fill*         0x000000000010956c        0x4 
 .text.__ieee754_cosh
                0x0000000000109570      0x154 /opt/devkitpro/devkitARM/lib/gcc/arm-none-eabi/8.1.0/../../../../arm-none-eabi/lib/armv6k/fpu/libm.a(lib_a-e_cosh.o)
                0x0000000000109570                __ieee754_cosh
 *fill*         0x00000000001096c4        0x4 
 .text.__ieee754_exp
                0x00000000001096c8      0x2b0 /opt/devkitpro/devkitARM/lib/gcc/arm-none-eabi/8.1.0/../../../../arm-none-eabi/lib/armv6k/fpu/libm.a(lib_a-e_exp.o)
                0x00000000001096c8                __ieee754_exp
 .text.__ieee754_fmod
                0x0000000000109978      0x3a0 /opt/devkitpro/devkitARM/lib/gcc/arm-none-eabi/8.1.0/../../../../arm-none-eabi/lib/armv6k/fpu/libm.a(lib_a-e_fmod.o)
                0x0000000000109978                __ieee754_fmod
 .text.__ieee754_log10
                0x0000000000109d18      0x144 /opt/devkitpro/devkitARM/lib/gcc/arm-none-eabi/8.1.0/../../../../arm-none-eabi/lib/armv6k/fpu/libm.a(lib_a-e_log10.o)
                0x0000000000109d18                __ieee754_log10
 *fill*         0x0000000000109e5c        0x4 
 .text.__ieee754_log
                0x0000000000109e60      0x2dc /opt/devkitpro/devkitARM/lib/gcc/arm-none-eabi/8.1.0/../../../../arm-none-eabi/lib/armv6k/fpu/libm.a(lib_a-e_log.o)
                0x0000000000109e60                __ieee754_log
 *fill*         0x000000000010a13c        0x4 
 .text.__ieee754_pow
                0x000000000010a140      0x908 /opt/devkitpro/devkitARM/lib/gcc/arm-none-eabi/8.1.0/../../../../arm-none-eabi/lib/armv6k/fpu/libm.a(lib_a-e_pow.o)
                0x000000000010a140                __ieee754_pow
 .text.__ieee754_rem_pio2
                0x000000000010aa48      0x310 /opt/devkitpro/devkitARM/lib/gcc/arm-none-eabi/8.1.0/../../../../arm-none-eabi/lib/armv6k/fpu/libm.a(lib_a-e_rem_pio2.o)
                0x000000000010aa48                __ieee754_rem_pio2
 .text.__ieee754_sinh
                0x000000000010ad58      0x180 /opt/devkitpro/devkitARM/lib/gcc/arm-none-eabi/8.1.0/../../../../arm-none-eabi/lib/armv6k/fpu/libm.a(lib_a-e_sinh.o)
                0x000000000010ad58                __ieee754_sinh
 .text.__ieee754_sqrt
                0x000000000010aed8        0x8 /opt/devkitpro/devkitARM/lib/gcc/arm-none-eabi/8.1.0/../../../../arm-none-eabi/lib/armv6k/fpu/libm.a(lib_a-e_sqrt.o)
                0x000000000010aed8                __ieee754_sqrt
 .text.__kernel_cos
                0x000000000010aee0      0x158 /opt/devkitpro/devkitARM/lib/gcc/arm-none-eabi/8.1.0/../../../../arm-none-eabi/lib/armv6k/fpu/libm.a(lib_a-k_cos.o)
                0x000000000010aee0                __kernel_cos
 .text.__kernel_rem_pio2
                0x000000000010b038      0x874 /opt/devkitpro/devkitARM/lib/gcc/arm-none-eabi/8.1.0/../../../../arm-none-eabi/lib/armv6k/fpu/libm.a(lib_a-k_rem_pio2.o)
                0x000000000010b038                __kernel_rem_pio2
 *fill*         0x000000000010b8ac        0x4 
 .text.__kernel_sin
                0x000000000010b8b0       0xb8 /opt/devkitpro/devkitARM/lib/gcc/arm-none-eabi/8.1.0/../../../../arm-none-eabi/lib/armv6k/fpu/libm.a(lib_a-k_sin.o)
                0x000000000010b8b0                __kernel_sin
 .text.__kernel_tan
                0x000000000010b968      0x288 /opt/devkitpro/devkitARM/lib/gcc/arm-none-eabi/8.1.0/../../../../arm-none-eabi/lib/armv6k/fpu/libm.a(lib_a-k_tan.o)
                0x000000000010b968                __kernel_tan
 .text.expm1    0x000000000010bbf0      0x3a4 /opt/devkitpro/devkitARM/lib/gcc/arm-none-eabi/8.1.0/../../../../arm-none-eabi/lib/armv6k/fpu/libm.a(lib_a-s_expm1.o)
                0x000000000010bbf0                expm1
 .text.finite   0x000000000010bf94       0x14 /opt/devkitpro/devkitARM/lib/gcc/arm-none-eabi/8.1.0/../../../../arm-none-eabi/lib/armv6k/fpu/libm.a(lib_a-s_finite.o)
                0x000000000010bf94                finite
 .text.matherr  0x000000000010bfa8        0x8 /opt/devkitpro/devkitARM/lib/gcc/arm-none-eabi/8.1.0/../../../../arm-none-eabi/lib/armv6k/fpu/libm.a(lib_a-s_matherr.o)
                0x000000000010bfa8                matherr
 .text.nan      0x000000000010bfb0       0x10 /opt/devkitpro/devkitARM/lib/gcc/arm-none-eabi/8.1.0/../../../../arm-none-eabi/lib/armv6k/fpu/libm.a(lib_a-s_nan.o)
                0x000000000010bfb0                nan
 .text.rint     0x000000000010bfc0      0x17c /opt/devkitpro/devkitARM/lib/gcc/arm-none-eabi/8.1.0/../../../../arm-none-eabi/lib/armv6k/fpu/libm.a(lib_a-s_rint.o)
                0x000000000010bfc0                rint
 *fill*         0x000000000010c13c        0x4 
 .text.scalbn   0x000000000010c140      0x178 /opt/devkitpro/devkitARM/lib/gcc/arm-none-eabi/8.1.0/../../../../arm-none-eabi/lib/armv6k/fpu/libm.a(lib_a-s_scalbn.o)
                0x000000000010c140                scalbn
 .text.copysign
                0x000000000010c2b8       0x1c /opt/devkitpro/devkitARM/lib/gcc/arm-none-eabi/8.1.0/../../../../arm-none-eabi/lib/armv6k/fpu/libm.a(lib_a-s_copysign.o)
                0x000000000010c2b8                copysign
 .text.__fixdfdi
                0x000000000010c2d4       0x2c /opt/devkitpro/devkitARM/lib/gcc/arm-none-eabi/8.1.0/armv6k/fpu/libgcc.a(_fixdfdi.o)
                0x000000000010c2d4                __aeabi_d2lz
                0x000000000010c2d4                __fixdfdi
 .text.__fixunsdfdi
                0x000000000010c300       0x40 /opt/devkitpro/devkitARM/lib/gcc/arm-none-eabi/8.1.0/armv6k/fpu/libgcc.a(_fixunsdfdi.o)
                0x000000000010c300                __aeabi_d2ulz
                0x000000000010c300                __fixunsdfdi
 .text.__udivmoddi4
                0x000000000010c340      0x128 /opt/devkitpro/devkitARM/lib/gcc/arm-none-eabi/8.1.0/armv6k/fpu/libgcc.a(_udivmoddi4.o)
                0x000000000010c340                __udivmoddi4
 .text.bsearch  0x000000000010c468       0x7c /opt/devkitpro/devkitARM/lib/gcc/arm-none-eabi/8.1.0/../../../../arm-none-eabi/lib/armv6k/fpu/libg.a(lib_a-bsearch.o)
                0x000000000010c468                bsearch
 .text.calloc   0x000000000010c4e4       0x20 /opt/devkitpro/devkitARM/lib/gcc/arm-none-eabi/8.1.0/../../../../arm-none-eabi/lib/armv6k/fpu/libg.a(lib_a-calloc.o)
                0x000000000010c4e4                calloc
 .text._calloc_r
                0x000000000010c504       0x94 /opt/devkitpro/devkitARM/lib/gcc/arm-none-eabi/8.1.0/../../../../arm-none-eabi/lib/armv6k/fpu/libg.a(lib_a-callocr.o)
                0x000000000010c504                _calloc_r
 .text.__errno  0x000000000010c598        0xc /opt/devkitpro/devkitARM/lib/gcc/arm-none-eabi/8.1.0/../../../../arm-none-eabi/lib/armv6k/fpu/libg.a(lib_a-errno.o)
                0x000000000010c598                __errno
 .text.__libc_fini_array
                0x000000000010c5a4       0x40 /opt/devkitpro/devkitARM/lib/gcc/arm-none-eabi/8.1.0/../../../../arm-none-eabi/lib/armv6k/fpu/libg.a(lib_a-fini.o)
                0x000000000010c5a4                __libc_fini_array
 .text.__libc_init_array
                0x000000000010c5e4       0x7c /opt/devkitpro/devkitARM/lib/gcc/arm-none-eabi/8.1.0/../../../../arm-none-eabi/lib/armv6k/fpu/libg.a(lib_a-init.o)
                0x000000000010c5e4                __libc_init_array
 .text.memalign
                0x000000000010c660       0x20 /opt/devkitpro/devkitARM/lib/gcc/arm-none-eabi/8.1.0/../../../../arm-none-eabi/lib/armv6k/fpu/libg.a(lib_a-malign.o)
                0x000000000010c660                memalign
 .text._memalign_r
                0x000000000010c680      0x14c /opt/devkitpro/devkitARM/lib/gcc/arm-none-eabi/8.1.0/../../../../arm-none-eabi/lib/armv6k/fpu/libg.a(lib_a-malignr.o)
                0x000000000010c680                _memalign_r
 .text.malloc   0x000000000010c7cc       0x18 /opt/devkitpro/devkitARM/lib/gcc/arm-none-eabi/8.1.0/../../../../arm-none-eabi/lib/armv6k/fpu/libg.a(lib_a-malloc.o)
                0x000000000010c7cc                malloc
 .text.free     0x000000000010c7e4       0x18 /opt/devkitpro/devkitARM/lib/gcc/arm-none-eabi/8.1.0/../../../../arm-none-eabi/lib/armv6k/fpu/libg.a(lib_a-malloc.o)
                0x000000000010c7e4                free
 .text._malloc_r
                0x000000000010c7fc      0x78c /opt/devkitpro/devkitARM/lib/gcc/arm-none-eabi/8.1.0/../../../../arm-none-eabi/lib/armv6k/fpu/libg.a(lib_a-mallocr.o)
                0x000000000010c7fc                _malloc_r
 .text.memcpy   0x000000000010cf88      0x118 /opt/devkitpro/devkitARM/lib/gcc/arm-none-eabi/8.1.0/../../../../arm-none-eabi/lib/armv6k/fpu/libg.a(lib_a-memcpy-stub.o)
                0x000000000010cf88                memcpy
 .text.memset   0x000000000010d0a0      0x114 /opt/devkitpro/devkitARM/lib/gcc/arm-none-eabi/8.1.0/../../../../arm-none-eabi/lib/armv6k/fpu/libg.a(lib_a-memset.o)
                0x000000000010d0a0                memset
 .text.__malloc_lock
                0x000000000010d1b4        0xc /opt/devkitpro/devkitARM/lib/gcc/arm-none-eabi/8.1.0/../../../../arm-none-eabi/lib/armv6k/fpu/libg.a(lib_a-mlock.o)
                0x000000000010d1b4                __malloc_lock
 .text.__malloc_unlock
                0x000000000010d1c0        0xc /opt/devkitpro/devkitARM/lib/gcc/arm-none-eabi/8.1.0/../../../../arm-none-eabi/lib/armv6k/fpu/libg.a(lib_a-mlock.o)
                0x000000000010d1c0                __malloc_unlock
 .text.printf   0x000000000010d1cc       0x38 /opt/devkitpro/devkitARM/lib/gcc/arm-none-eabi/8.1.0/../../../../arm-none-eabi/lib/armv6k/fpu/libg.a(lib_a-printf.o)
                0x000000000010d1cc                printf
 .text.putchar  0x000000000010d204       0x1c /opt/devkitpro/devkitARM/lib/gcc/arm-none-eabi/8.1.0/../../../../arm-none-eabi/lib/armv6k/fpu/libg.a(lib_a-putchar.o)
                0x000000000010d204                putchar
 .text._putc_r  0x000000000010d220       0xdc /opt/devkitpro/devkitARM/lib/gcc/arm-none-eabi/8.1.0/../../../../arm-none-eabi/lib/armv6k/fpu/libg.a(lib_a-putc.o)
                0x000000000010d220                _putc_r
 .text.strlen   0x000000000010d2fc       0x5c /opt/devkitpro/devkitARM/lib/gcc/arm-none-eabi/8.1.0/../../../../arm-none-eabi/lib/armv6k/fpu/libg.a(lib_a-strlen-stub.o)
                0x000000000010d2fc                strlen
 .text.strncat  0x000000000010d358       0x98 /opt/devkitpro/devkitARM/lib/gcc/arm-none-eabi/8.1.0/../../../../arm-none-eabi/lib/armv6k/fpu/libg.a(lib_a-strncat.o)
                0x000000000010d358                strncat
 .text.strncmp  0x000000000010d3f0      0x10c /opt/devkitpro/devkitARM/lib/gcc/arm-none-eabi/8.1.0/../../../../arm-none-eabi/lib/armv6k/fpu/libg.a(lib_a-strncmp.o)
                0x000000000010d3f0                strncmp
 .text.strncpy  0x000000000010d4fc       0xe0 /opt/devkitpro/devkitARM/lib/gcc/arm-none-eabi/8.1.0/../../../../arm-none-eabi/lib/armv6k/fpu/libg.a(lib_a-strncpy.o)
                0x000000000010d4fc                strncpy
 .text.strnlen  0x000000000010d5dc       0x5c /opt/devkitpro/devkitARM/lib/gcc/arm-none-eabi/8.1.0/../../../../arm-none-eabi/lib/armv6k/fpu/libg.a(lib_a-strnlen.o)
                0x000000000010d5dc                strnlen
 .text.sulp     0x000000000010d638       0x54 /opt/devkitpro/devkitARM/lib/gcc/arm-none-eabi/8.1.0/../../../../arm-none-eabi/lib/armv6k/fpu/libg.a(lib_a-strtod.o)
 *fill*         0x000000000010d68c        0x4 
 .text._strtod_l
                0x000000000010d690     0x1404 /opt/devkitpro/devkitARM/lib/gcc/arm-none-eabi/8.1.0/../../../../arm-none-eabi/lib/armv6k/fpu/libg.a(lib_a-strtod.o)
                0x000000000010d690                _strtod_l
 .text.strtod   0x000000000010ea94       0x40 /opt/devkitpro/devkitARM/lib/gcc/arm-none-eabi/8.1.0/../../../../arm-none-eabi/lib/armv6k/fpu/libg.a(lib_a-strtod.o)
                0x000000000010ea94                strtod
 .text.get_arg  0x000000000010ead4      0x630 /opt/devkitpro/devkitARM/lib/gcc/arm-none-eabi/8.1.0/../../../../arm-none-eabi/lib/armv6k/fpu/libg.a(lib_a-vfprintf.o)
 *fill*         0x000000000010f104        0x4 
 .text._vfprintf_r
                0x000000000010f108     0x3724 /opt/devkitpro/devkitARM/lib/gcc/arm-none-eabi/8.1.0/../../../../arm-none-eabi/lib/armv6k/fpu/libg.a(lib_a-vfprintf.o)
                0x000000000010f108                _vfprintf_r
 .text.__sbprintf
                0x000000000011282c       0xd0 /opt/devkitpro/devkitARM/lib/gcc/arm-none-eabi/8.1.0/../../../../arm-none-eabi/lib/armv6k/fpu/libg.a(lib_a-vfprintf.o)
 .text.__swbuf_r
                0x00000000001128fc      0x108 /opt/devkitpro/devkitARM/lib/gcc/arm-none-eabi/8.1.0/../../../../arm-none-eabi/lib/armv6k/fpu/libg.a(lib_a-wbuf.o)
                0x00000000001128fc                __swbuf_r
 .text._wcrtomb_r
                0x0000000000112a04       0xa0 /opt/devkitpro/devkitARM/lib/gcc/arm-none-eabi/8.1.0/../../../../arm-none-eabi/lib/armv6k/fpu/libg.a(lib_a-wcrtomb.o)
                0x0000000000112a04                _wcrtomb_r
 .text._wcsrtombs_r
                0x0000000000112aa4       0x20 /opt/devkitpro/devkitARM/lib/gcc/arm-none-eabi/8.1.0/../../../../arm-none-eabi/lib/armv6k/fpu/libg.a(lib_a-wcsrtombs.o)
                0x0000000000112aa4                _wcsrtombs_r
 .text.__swsetup_r
                0x0000000000112ac4      0x150 /opt/devkitpro/devkitARM/lib/gcc/arm-none-eabi/8.1.0/../../../../arm-none-eabi/lib/armv6k/fpu/libg.a(lib_a-wsetup.o)
                0x0000000000112ac4                __swsetup_r
 .text.quorem   0x0000000000112c14      0x1c8 /opt/devkitpro/devkitARM/lib/gcc/arm-none-eabi/8.1.0/../../../../arm-none-eabi/lib/armv6k/fpu/libg.a(lib_a-dtoa.o)
 *fill*         0x0000000000112ddc        0x4 
 .text._dtoa_r  0x0000000000112de0     0x12e4 /opt/devkitpro/devkitARM/lib/gcc/arm-none-eabi/8.1.0/../../../../arm-none-eabi/lib/armv6k/fpu/libg.a(lib_a-dtoa.o)
                0x0000000000112de0                _dtoa_r
 .text.__sflush_r
                0x00000000001140c4      0x270 /opt/devkitpro/devkitARM/lib/gcc/arm-none-eabi/8.1.0/../../../../arm-none-eabi/lib/armv6k/fpu/libg.a(lib_a-fflush.o)
                0x00000000001140c4                __sflush_r
 .text._fflush_r
                0x0000000000114334       0x94 /opt/devkitpro/devkitARM/lib/gcc/arm-none-eabi/8.1.0/../../../../arm-none-eabi/lib/armv6k/fpu/libg.a(lib_a-fflush.o)
                0x0000000000114334                _fflush_r
 .text.std      0x00000000001143c8       0x78 /opt/devkitpro/devkitARM/lib/gcc/arm-none-eabi/8.1.0/../../../../arm-none-eabi/lib/armv6k/fpu/libg.a(lib_a-findfp.o)
 .text._cleanup_r
                0x0000000000114440        0xc /opt/devkitpro/devkitARM/lib/gcc/arm-none-eabi/8.1.0/../../../../arm-none-eabi/lib/armv6k/fpu/libg.a(lib_a-findfp.o)
                0x0000000000114440                _cleanup_r
 .text.__sinit  0x000000000011444c       0x8c /opt/devkitpro/devkitARM/lib/gcc/arm-none-eabi/8.1.0/../../../../arm-none-eabi/lib/armv6k/fpu/libg.a(lib_a-findfp.o)
                0x000000000011444c                __sinit
 .text.__sfp_lock_acquire
                0x00000000001144d8        0xc /opt/devkitpro/devkitARM/lib/gcc/arm-none-eabi/8.1.0/../../../../arm-none-eabi/lib/armv6k/fpu/libg.a(lib_a-findfp.o)
                0x00000000001144d8                __sfp_lock_acquire
 .text.__sfp_lock_release
                0x00000000001144e4        0xc /opt/devkitpro/devkitARM/lib/gcc/arm-none-eabi/8.1.0/../../../../arm-none-eabi/lib/armv6k/fpu/libg.a(lib_a-findfp.o)
                0x00000000001144e4                __sfp_lock_release
 .text._malloc_trim_r
                0x00000000001144f0       0xf8 /opt/devkitpro/devkitARM/lib/gcc/arm-none-eabi/8.1.0/../../../../arm-none-eabi/lib/armv6k/fpu/libg.a(lib_a-freer.o)
                0x00000000001144f0                _malloc_trim_r
 .text._free_r  0x00000000001145e8      0x2e4 /opt/devkitpro/devkitARM/lib/gcc/arm-none-eabi/8.1.0/../../../../arm-none-eabi/lib/armv6k/fpu/libg.a(lib_a-freer.o)
                0x00000000001145e8                _free_r
 .text._fwalk_reent
                0x00000000001148cc       0x80 /opt/devkitpro/devkitARM/lib/gcc/arm-none-eabi/8.1.0/../../../../arm-none-eabi/lib/armv6k/fpu/libg.a(lib_a-fwalk.o)
                0x00000000001148cc                _fwalk_reent
 .text.rshift   0x000000000011494c       0xec /opt/devkitpro/devkitARM/lib/gcc/arm-none-eabi/8.1.0/../../../../arm-none-eabi/lib/armv6k/fpu/libg.a(lib_a-gdtoa-gethex.o)
 .text.__gethex
                0x0000000000114a38      0x828 /opt/devkitpro/devkitARM/lib/gcc/arm-none-eabi/8.1.0/../../../../arm-none-eabi/lib/armv6k/fpu/libg.a(lib_a-gdtoa-gethex.o)
                0x0000000000114a38                __gethex
 .text.__match  0x0000000000115260       0x60 /opt/devkitpro/devkitARM/lib/gcc/arm-none-eabi/8.1.0/../../../../arm-none-eabi/lib/armv6k/fpu/libg.a(lib_a-gdtoa-hexnan.o)
                0x0000000000115260                __match
 .text.__hexnan
                0x00000000001152c0      0x254 /opt/devkitpro/devkitARM/lib/gcc/arm-none-eabi/8.1.0/../../../../arm-none-eabi/lib/armv6k/fpu/libg.a(lib_a-gdtoa-hexnan.o)
                0x00000000001152c0                __hexnan
 .text.__localeconv_l
                0x0000000000115514        0x8 /opt/devkitpro/devkitARM/lib/gcc/arm-none-eabi/8.1.0/../../../../arm-none-eabi/lib/armv6k/fpu/libg.a(lib_a-localeconv.o)
                0x0000000000115514                __localeconv_l
 .text._localeconv_r
                0x000000000011551c       0x24 /opt/devkitpro/devkitARM/lib/gcc/arm-none-eabi/8.1.0/../../../../arm-none-eabi/lib/armv6k/fpu/libg.a(lib_a-localeconv.o)
                0x000000000011551c                _localeconv_r
 .text.__locale_mb_cur_max
                0x0000000000115540       0x24 /opt/devkitpro/devkitARM/lib/gcc/arm-none-eabi/8.1.0/../../../../arm-none-eabi/lib/armv6k/fpu/libg.a(lib_a-locale.o)
                0x0000000000115540                __locale_mb_cur_max
 .text.__locale_ctype_ptr
                0x0000000000115564       0x24 /opt/devkitpro/devkitARM/lib/gcc/arm-none-eabi/8.1.0/../../../../arm-none-eabi/lib/armv6k/fpu/libg.a(lib_a-locale.o)
                0x0000000000115564                __locale_ctype_ptr
 .text.__swhatbuf_r
                0x0000000000115588       0x94 /opt/devkitpro/devkitARM/lib/gcc/arm-none-eabi/8.1.0/../../../../arm-none-eabi/lib/armv6k/fpu/libg.a(lib_a-makebuf.o)
                0x0000000000115588                __swhatbuf_r
 .text.__smakebuf_r
                0x000000000011561c       0xf4 /opt/devkitpro/devkitARM/lib/gcc/arm-none-eabi/8.1.0/../../../../arm-none-eabi/lib/armv6k/fpu/libg.a(lib_a-makebuf.o)
                0x000000000011561c                __smakebuf_r
 .text.__utf8_mbtowc
                0x0000000000115710      0x2fc /opt/devkitpro/devkitARM/lib/gcc/arm-none-eabi/8.1.0/../../../../arm-none-eabi/lib/armv6k/fpu/libg.a(lib_a-mbtowc_r.o)
                0x0000000000115710                __utf8_mbtowc
 .text.memchr   0x0000000000115a0c      0x100 /opt/devkitpro/devkitARM/lib/gcc/arm-none-eabi/8.1.0/../../../../arm-none-eabi/lib/armv6k/fpu/libg.a(lib_a-memchr-stub.o)
                0x0000000000115a0c                memchr
 .text._Balloc  0x0000000000115b0c       0x88 /opt/devkitpro/devkitARM/lib/gcc/arm-none-eabi/8.1.0/../../../../arm-none-eabi/lib/armv6k/fpu/libg.a(lib_a-mprec.o)
                0x0000000000115b0c                _Balloc
 .text._Bfree   0x0000000000115b94       0x1c /opt/devkitpro/devkitARM/lib/gcc/arm-none-eabi/8.1.0/../../../../arm-none-eabi/lib/armv6k/fpu/libg.a(lib_a-mprec.o)
                0x0000000000115b94                _Bfree
 .text.__multadd
                0x0000000000115bb0       0xe0 /opt/devkitpro/devkitARM/lib/gcc/arm-none-eabi/8.1.0/../../../../arm-none-eabi/lib/armv6k/fpu/libg.a(lib_a-mprec.o)
                0x0000000000115bb0                __multadd
 .text.__s2b    0x0000000000115c90       0xe4 /opt/devkitpro/devkitARM/lib/gcc/arm-none-eabi/8.1.0/../../../../arm-none-eabi/lib/armv6k/fpu/libg.a(lib_a-mprec.o)
                0x0000000000115c90                __s2b
 .text.__hi0bits
                0x0000000000115d74       0x58 /opt/devkitpro/devkitARM/lib/gcc/arm-none-eabi/8.1.0/../../../../arm-none-eabi/lib/armv6k/fpu/libg.a(lib_a-mprec.o)
                0x0000000000115d74                __hi0bits
 .text.__lo0bits
                0x0000000000115dcc       0x9c /opt/devkitpro/devkitARM/lib/gcc/arm-none-eabi/8.1.0/../../../../arm-none-eabi/lib/armv6k/fpu/libg.a(lib_a-mprec.o)
                0x0000000000115dcc                __lo0bits
 .text.__i2b    0x0000000000115e68       0x20 /opt/devkitpro/devkitARM/lib/gcc/arm-none-eabi/8.1.0/../../../../arm-none-eabi/lib/armv6k/fpu/libg.a(lib_a-mprec.o)
                0x0000000000115e68                __i2b
 .text.__multiply
                0x0000000000115e88      0x1c4 /opt/devkitpro/devkitARM/lib/gcc/arm-none-eabi/8.1.0/../../../../arm-none-eabi/lib/armv6k/fpu/libg.a(lib_a-mprec.o)
                0x0000000000115e88                __multiply
 .text.__pow5mult
                0x000000000011604c      0x100 /opt/devkitpro/devkitARM/lib/gcc/arm-none-eabi/8.1.0/../../../../arm-none-eabi/lib/armv6k/fpu/libg.a(lib_a-mprec.o)
                0x000000000011604c                __pow5mult
 .text.__lshift
                0x000000000011614c       0xf4 /opt/devkitpro/devkitARM/lib/gcc/arm-none-eabi/8.1.0/../../../../arm-none-eabi/lib/armv6k/fpu/libg.a(lib_a-mprec.o)
                0x000000000011614c                __lshift
 .text.__mcmp   0x0000000000116240       0x5c /opt/devkitpro/devkitARM/lib/gcc/arm-none-eabi/8.1.0/../../../../arm-none-eabi/lib/armv6k/fpu/libg.a(lib_a-mprec.o)
                0x0000000000116240                __mcmp
 .text.__mdiff  0x000000000011629c      0x168 /opt/devkitpro/devkitARM/lib/gcc/arm-none-eabi/8.1.0/../../../../arm-none-eabi/lib/armv6k/fpu/libg.a(lib_a-mprec.o)
                0x000000000011629c                __mdiff
 .text.__ulp    0x0000000000116404       0x74 /opt/devkitpro/devkitARM/lib/gcc/arm-none-eabi/8.1.0/../../../../arm-none-eabi/lib/armv6k/fpu/libg.a(lib_a-mprec.o)
                0x0000000000116404                __ulp
 .text.__b2d    0x0000000000116478       0xd4 /opt/devkitpro/devkitARM/lib/gcc/arm-none-eabi/8.1.0/../../../../arm-none-eabi/lib/armv6k/fpu/libg.a(lib_a-mprec.o)
                0x0000000000116478                __b2d
 .text.__d2b    0x000000000011654c      0x100 /opt/devkitpro/devkitARM/lib/gcc/arm-none-eabi/8.1.0/../../../../arm-none-eabi/lib/armv6k/fpu/libg.a(lib_a-mprec.o)
                0x000000000011654c                __d2b
 .text.__ratio  0x000000000011664c       0x84 /opt/devkitpro/devkitARM/lib/gcc/arm-none-eabi/8.1.0/../../../../arm-none-eabi/lib/armv6k/fpu/libg.a(lib_a-mprec.o)
                0x000000000011664c                __ratio
 .text.__copybits
                0x00000000001166d0       0x6c /opt/devkitpro/devkitARM/lib/gcc/arm-none-eabi/8.1.0/../../../../arm-none-eabi/lib/armv6k/fpu/libg.a(lib_a-mprec.o)
                0x00000000001166d0                __copybits
 .text.__any_on
                0x000000000011673c       0x78 /opt/devkitpro/devkitARM/lib/gcc/arm-none-eabi/8.1.0/../../../../arm-none-eabi/lib/armv6k/fpu/libg.a(lib_a-mprec.o)
                0x000000000011673c                __any_on
 *fill*         0x00000000001167b4        0x4 
 .text.frexp    0x00000000001167b8       0xa8 /opt/devkitpro/devkitARM/lib/gcc/arm-none-eabi/8.1.0/../../../../arm-none-eabi/lib/armv6k/fpu/libg.a(lib_a-s_frexp.o)
                0x00000000001167b8                frexp
 .text.__sread  0x0000000000116860       0x3c /opt/devkitpro/devkitARM/lib/gcc/arm-none-eabi/8.1.0/../../../../arm-none-eabi/lib/armv6k/fpu/libg.a(lib_a-stdio.o)
                0x0000000000116860                __sread
 .text.__swrite
                0x000000000011689c       0x68 /opt/devkitpro/devkitARM/lib/gcc/arm-none-eabi/8.1.0/../../../../arm-none-eabi/lib/armv6k/fpu/libg.a(lib_a-stdio.o)
                0x000000000011689c                __swrite
 .text.__sseek  0x0000000000116904       0x48 /opt/devkitpro/devkitARM/lib/gcc/arm-none-eabi/8.1.0/../../../../arm-none-eabi/lib/armv6k/fpu/libg.a(lib_a-stdio.o)
                0x0000000000116904                __sseek
 .text.__sclose
                0x000000000011694c        0x8 /opt/devkitpro/devkitARM/lib/gcc/arm-none-eabi/8.1.0/../../../../arm-none-eabi/lib/armv6k/fpu/libg.a(lib_a-stdio.o)
                0x000000000011694c                __sclose
 .text.strchr   0x0000000000116954      0x180 /opt/devkitpro/devkitARM/lib/gcc/arm-none-eabi/8.1.0/../../../../arm-none-eabi/lib/armv6k/fpu/libg.a(lib_a-strchr.o)
                0x0000000000116954                strchr
 .text.__sprint_r
                0x0000000000116ad4       0x34 /opt/devkitpro/devkitARM/lib/gcc/arm-none-eabi/8.1.0/../../../../arm-none-eabi/lib/armv6k/fpu/libg.a(lib_a-vfiprintf.o)
                0x0000000000116ad4                __sprint_r
 .text._wcsnrtombs_l
                0x0000000000116b08      0x184 /opt/devkitpro/devkitARM/lib/gcc/arm-none-eabi/8.1.0/../../../../arm-none-eabi/lib/armv6k/fpu/libg.a(lib_a-wcsnrtombs.o)
                0x0000000000116b08                _wcsnrtombs_l
 .text._wcsnrtombs_r
                0x0000000000116c8c       0x64 /opt/devkitpro/devkitARM/lib/gcc/arm-none-eabi/8.1.0/../../../../arm-none-eabi/lib/armv6k/fpu/libg.a(lib_a-wcsnrtombs.o)
                0x0000000000116c8c                _wcsnrtombs_r
 .text.__utf8_wctomb
                0x0000000000116cf0       0xe8 /opt/devkitpro/devkitARM/lib/gcc/arm-none-eabi/8.1.0/../../../../arm-none-eabi/lib/armv6k/fpu/libg.a(lib_a-wctomb_r.o)
                0x0000000000116cf0                __utf8_wctomb
 .text._fclose_r
                0x0000000000116dd8      0x160 /opt/devkitpro/devkitARM/lib/gcc/arm-none-eabi/8.1.0/../../../../arm-none-eabi/lib/armv6k/fpu/libg.a(lib_a-fclose.o)
                0x0000000000116dd8                _fclose_r
 .text.__sfvwrite_r
                0x0000000000116f38      0x4a4 /opt/devkitpro/devkitARM/lib/gcc/arm-none-eabi/8.1.0/../../../../arm-none-eabi/lib/armv6k/fpu/libg.a(lib_a-fvwrite.o)
                0x0000000000116f38                __sfvwrite_r
 .text.memmove  0x00000000001173dc      0x154 /opt/devkitpro/devkitARM/lib/gcc/arm-none-eabi/8.1.0/../../../../arm-none-eabi/lib/armv6k/fpu/libg.a(lib_a-memmove.o)
                0x00000000001173dc                memmove
 .text._realloc_r
                0x0000000000117530      0x4bc /opt/devkitpro/devkitARM/lib/gcc/arm-none-eabi/8.1.0/../../../../arm-none-eabi/lib/armv6k/fpu/libg.a(lib_a-reallocr.o)
                0x0000000000117530                _realloc_r
 .text.null_write
                0x00000000001179ec        0x8 /opt/devkitpro/devkitARM/lib/gcc/arm-none-eabi/8.1.0/../../../../arm-none-eabi/lib/armv6k/fpu/libsysbase.a(iosupport.o)
 .text.setDefaultDevice
                0x00000000001179f4       0x18 /opt/devkitpro/devkitARM/lib/gcc/arm-none-eabi/8.1.0/../../../../arm-none-eabi/lib/armv6k/fpu/libsysbase.a(iosupport.o)
                0x00000000001179f4                setDefaultDevice
 .text.FindDevice
                0x0000000000117a0c       0xcc /opt/devkitpro/devkitARM/lib/gcc/arm-none-eabi/8.1.0/../../../../arm-none-eabi/lib/armv6k/fpu/libsysbase.a(iosupport.o)
                0x0000000000117a0c                FindDevice
 .text.RemoveDevice
                0x0000000000117ad8       0x28 /opt/devkitpro/devkitARM/lib/gcc/arm-none-eabi/8.1.0/../../../../arm-none-eabi/lib/armv6k/fpu/libsysbase.a(iosupport.o)
                0x0000000000117ad8                RemoveDevice
 .text.AddDevice
                0x0000000000117b00       0x98 /opt/devkitpro/devkitARM/lib/gcc/arm-none-eabi/8.1.0/../../../../arm-none-eabi/lib/armv6k/fpu/libsysbase.a(iosupport.o)
                0x0000000000117b00                AddDevice
 .text._close_r
                0x0000000000117b98       0x84 /opt/devkitpro/devkitARM/lib/gcc/arm-none-eabi/8.1.0/../../../../arm-none-eabi/lib/armv6k/fpu/libsysbase.a(close.o)
                0x0000000000117b98                _close_r
 .text._fstat_r
                0x0000000000117c1c       0x74 /opt/devkitpro/devkitARM/lib/gcc/arm-none-eabi/8.1.0/../../../../arm-none-eabi/lib/armv6k/fpu/libsysbase.a(fstat.o)
                0x0000000000117c1c                _fstat_r
 .text._isatty_r
                0x0000000000117c90        0x8 /opt/devkitpro/devkitARM/lib/gcc/arm-none-eabi/8.1.0/../../../../arm-none-eabi/lib/armv6k/fpu/libsysbase.a(isatty.o)
                0x0000000000117c90                _isatty_r
 .text._lseek_r
                0x0000000000117c98       0x84 /opt/devkitpro/devkitARM/lib/gcc/arm-none-eabi/8.1.0/../../../../arm-none-eabi/lib/armv6k/fpu/libsysbase.a(lseek.o)
                0x0000000000117c98                _lseek_r
 .text._read_r  0x0000000000117d1c       0x80 /opt/devkitpro/devkitARM/lib/gcc/arm-none-eabi/8.1.0/../../../../arm-none-eabi/lib/armv6k/fpu/libsysbase.a(read.o)
                0x0000000000117d1c                _read_r
 .text._sbrk_r  0x0000000000117d9c       0x70 /opt/devkitpro/devkitARM/lib/gcc/arm-none-eabi/8.1.0/../../../../arm-none-eabi/lib/armv6k/fpu/libsysbase.a(sbrk.o)
                0x0000000000117d9c                _sbrk_r
 .text._write_r
                0x0000000000117e0c       0x80 /opt/devkitpro/devkitARM/lib/gcc/arm-none-eabi/8.1.0/../../../../arm-none-eabi/lib/armv6k/fpu/libsysbase.a(write.o)
                0x0000000000117e0c                _write_r
 .text._concatenate_path
                0x0000000000117e8c      0x1cc /opt/devkitpro/devkitARM/lib/gcc/arm-none-eabi/8.1.0/../../../../arm-none-eabi/lib/armv6k/fpu/libsysbase.a(chdir.o)
                0x0000000000117e8c                _concatenate_path
 .text.chdir    0x0000000000118058      0x15c /opt/devkitpro/devkitARM/lib/gcc/arm-none-eabi/8.1.0/../../../../arm-none-eabi/lib/armv6k/fpu/libsysbase.a(chdir.o)
                0x0000000000118058                chdir
 .text.__flockfile
                0x00000000001181b4        0x8 /opt/devkitpro/devkitARM/lib/gcc/arm-none-eabi/8.1.0/../../../../arm-none-eabi/lib/armv6k/fpu/libsysbase.a(flock.o)
                0x00000000001181b4                __flockfile
 .text.__funlockfile
                0x00000000001181bc        0x8 /opt/devkitpro/devkitARM/lib/gcc/arm-none-eabi/8.1.0/../../../../arm-none-eabi/lib/armv6k/fpu/libsysbase.a(flock.o)
                0x00000000001181bc                __funlockfile
 .text.__libc_lock_acquire
                0x00000000001181c4       0x18 /opt/devkitpro/devkitARM/lib/gcc/arm-none-eabi/8.1.0/../../../../arm-none-eabi/lib/armv6k/fpu/libsysbase.a(syscall_support.o)
                0x00000000001181c4                __libc_lock_acquire
 .text.__libc_lock_release
                0x00000000001181dc       0x18 /opt/devkitpro/devkitARM/lib/gcc/arm-none-eabi/8.1.0/../../../../arm-none-eabi/lib/armv6k/fpu/libsysbase.a(syscall_support.o)
                0x00000000001181dc                __libc_lock_release
 .text.__libc_lock_init_recursive
                0x00000000001181f4       0x18 /opt/devkitpro/devkitARM/lib/gcc/arm-none-eabi/8.1.0/../../../../arm-none-eabi/lib/armv6k/fpu/libsysbase.a(syscall_support.o)
                0x00000000001181f4                __libc_lock_init_recursive
 .text.__libc_lock_acquire_recursive
                0x000000000011820c       0x18 /opt/devkitpro/devkitARM/lib/gcc/arm-none-eabi/8.1.0/../../../../arm-none-eabi/lib/armv6k/fpu/libsysbase.a(syscall_support.o)
                0x000000000011820c                __libc_lock_acquire_recursive
 .text.__libc_lock_release_recursive
                0x0000000000118224       0x18 /opt/devkitpro/devkitARM/lib/gcc/arm-none-eabi/8.1.0/../../../../arm-none-eabi/lib/armv6k/fpu/libsysbase.a(syscall_support.o)
                0x0000000000118224                __libc_lock_release_recursive
 .text.__libc_lock_close_recursive
                0x000000000011823c       0x18 /opt/devkitpro/devkitARM/lib/gcc/arm-none-eabi/8.1.0/../../../../arm-none-eabi/lib/armv6k/fpu/libsysbase.a(syscall_support.o)
                0x000000000011823c                __libc_lock_close_recursive
 .text.__release_handle
                0x0000000000118254       0x8c /opt/devkitpro/devkitARM/lib/gcc/arm-none-eabi/8.1.0/../../../../arm-none-eabi/lib/armv6k/fpu/libsysbase.a(handle_manager.o)
                0x0000000000118254                __release_handle
 .text.__get_handle
                0x00000000001182e0       0x18 /opt/devkitpro/devkitARM/lib/gcc/arm-none-eabi/8.1.0/../../../../arm-none-eabi/lib/armv6k/fpu/libsysbase.a(handle_manager.o)
                0x00000000001182e0                __get_handle
 .text.__getreent
                0x00000000001182f8       0x28 /opt/devkitpro/devkitARM/lib/gcc/arm-none-eabi/8.1.0/../../../../arm-none-eabi/lib/armv6k/fpu/libsysbase.a(getreent.o)
                0x00000000001182f8                __getreent
 .text.strrchr  0x0000000000118320       0x44 /opt/devkitpro/devkitARM/lib/gcc/arm-none-eabi/8.1.0/../../../../arm-none-eabi/lib/armv6k/fpu/libg.a(lib_a-strrchr.o)
                0x0000000000118320                strrchr
 *(.glue_7)
 .glue_7        0x0000000000118364        0x0 linker stubs
 *(.glue_7t)
 .glue_7t       0x0000000000118364        0x0 linker stubs
 *(.stub)
 *(.gnu.warning)
 *(.gnu.linkonce.t*)
                0x0000000000118364                . = ALIGN (0x4)
 *(.fini)
 .fini          0x0000000000118364        0xc /opt/devkitpro/devkitARM/lib/gcc/arm-none-eabi/8.1.0/armv6k/fpu/crti.o
                0x0000000000118364                _fini
 .fini          0x0000000000118370        0xc /opt/devkitpro/devkitARM/lib/gcc/arm-none-eabi/8.1.0/armv6k/fpu/crtn.o
                0x000000000011837c                . = ALIGN (0x4)

.vfp11_veneer   0x000000000011837c        0x0
 .vfp11_veneer  0x000000000011837c        0x0 linker stubs

.v4_bx          0x000000000011837c        0x0
 .v4_bx         0x000000000011837c        0x0 linker stubs

.iplt           0x000000000011837c        0x0
 .iplt          0x000000000011837c        0x0 /opt/devkitpro/devkitARM/lib/gcc/arm-none-eabi/8.1.0/../../../../arm-none-eabi/lib/armv6k/fpu/3dsx_crt0.o
                0x0000000000119000                . = ALIGN (0x1000)

.rodata         0x0000000000119000      0xbcc
 *(.rodata)
 .rodata        0x0000000000119000      0x190 tinyexpr.o
 .rodata        0x0000000000119190        0xc /opt/devkitpro/libctru/lib/libctru.a(sdmc_dev.o)
 *(.roda)
 *(.rodata.*)
 .rodata.str1.4
                0x000000000011919c       0xa5 tinyexpr.o
                                         0xa9 (size before relaxing)
 *fill*         0x0000000000119241        0x3 
 .rodata.srvInit.str1.4
                0x0000000000119244        0x5 /opt/devkitpro/libctru/lib/libctru.a(srv.o)
 *fill*         0x0000000000119249        0x3 
 .rodata.error_table
                0x000000000011924c       0x30 /opt/devkitpro/libctru/lib/libctru.a(sdmc_dev.o)
 .rodata.sdmcExit.str1.4
                0x000000000011927c        0x6 /opt/devkitpro/libctru/lib/libctru.a(sdmc_dev.o)
 *fill*         0x0000000000119282        0x2 
 .rodata.str1.4
                0x0000000000119284        0x5 /opt/devkitpro/libctru/lib/libctru.a(sdmc_dev.o)
                                          0x9 (size before relaxing)
 *fill*         0x0000000000119289        0x3 
 .rodata.fsInit.str1.4
                0x000000000011928c        0x8 /opt/devkitpro/libctru/lib/libctru.a(fs.o)
 .rodata.aptSendCommand.str1.4
                0x0000000000119294       0x16 /opt/devkitpro/libctru/lib/libctru.a(apt.o)
 *fill*         0x00000000001192aa        0x2 
 .rodata.hidInit.str1.4
                0x00000000001192ac       0x15 /opt/devkitpro/libctru/lib/libctru.a(hid.o)
 *fill*         0x00000000001192c1        0x3 
 .rodata.ptmSysmInit.str1.4
                0x00000000001192c4        0x9 /opt/devkitpro/libctru/lib/libctru.a(ptmsysm.o)
 *fill*         0x00000000001192cd        0x3 
 .rodata.CSWTCH.56
                0x00000000001192d0       0x14 /opt/devkitpro/libctru/lib/libctru.a(gfx.o)
 .rodata.irrstInit.str1.4
                0x00000000001192e4        0x7 /opt/devkitpro/libctru/lib/libctru.a(irrst.o)
 *fill*         0x00000000001192eb        0x5 
 .rodata.atanhi
                0x00000000001192f0       0x20 /opt/devkitpro/devkitARM/lib/gcc/arm-none-eabi/8.1.0/../../../../arm-none-eabi/lib/armv6k/fpu/libm.a(lib_a-s_atan.o)
 .rodata.atanlo
                0x0000000000119310       0x20 /opt/devkitpro/devkitARM/lib/gcc/arm-none-eabi/8.1.0/../../../../arm-none-eabi/lib/armv6k/fpu/libm.a(lib_a-s_atan.o)
 .rodata.acos.str1.4
                0x0000000000119330        0x9 /opt/devkitpro/devkitARM/lib/gcc/arm-none-eabi/8.1.0/../../../../arm-none-eabi/lib/armv6k/fpu/libm.a(lib_a-w_acos.o)
 .rodata.asin.str1.4
                0x0000000000119330        0x9 /opt/devkitpro/devkitARM/lib/gcc/arm-none-eabi/8.1.0/../../../../arm-none-eabi/lib/armv6k/fpu/libm.a(lib_a-w_asin.o)
 .rodata.cosh.str1.4
                0x0000000000119330        0x5 /opt/devkitpro/devkitARM/lib/gcc/arm-none-eabi/8.1.0/../../../../arm-none-eabi/lib/armv6k/fpu/libm.a(lib_a-w_cosh.o)
 .rodata.exp.str1.4
                0x0000000000119330        0x4 /opt/devkitpro/devkitARM/lib/gcc/arm-none-eabi/8.1.0/../../../../arm-none-eabi/lib/armv6k/fpu/libm.a(lib_a-w_exp.o)
 .rodata.fmod.str1.4
                0x0000000000119330        0x5 /opt/devkitpro/devkitARM/lib/gcc/arm-none-eabi/8.1.0/../../../../arm-none-eabi/lib/armv6k/fpu/libm.a(lib_a-w_fmod.o)
 .rodata.log10.str1.4
                0x0000000000119335        0x9 /opt/devkitpro/devkitARM/lib/gcc/arm-none-eabi/8.1.0/../../../../arm-none-eabi/lib/armv6k/fpu/libm.a(lib_a-w_log10.o)
 .rodata.log.str1.4
                0x0000000000119335        0x5 /opt/devkitpro/devkitARM/lib/gcc/arm-none-eabi/8.1.0/../../../../arm-none-eabi/lib/armv6k/fpu/libm.a(lib_a-w_log.o)
 .rodata.pow.str1.4
                0x0000000000119335        0x4 /opt/devkitpro/devkitARM/lib/gcc/arm-none-eabi/8.1.0/../../../../arm-none-eabi/lib/armv6k/fpu/libm.a(lib_a-w_pow.o)
 .rodata.sinh.str1.4
                0x0000000000119335        0x5 /opt/devkitpro/devkitARM/lib/gcc/arm-none-eabi/8.1.0/../../../../arm-none-eabi/lib/armv6k/fpu/libm.a(lib_a-w_sinh.o)
 .rodata.sqrt.str1.4
                0x0000000000119335        0x5 /opt/devkitpro/devkitARM/lib/gcc/arm-none-eabi/8.1.0/../../../../arm-none-eabi/lib/armv6k/fpu/libm.a(lib_a-w_sqrt.o)
 *fill*         0x0000000000119335        0x3 
 .rodata.halF   0x0000000000119338       0x10 /opt/devkitpro/devkitARM/lib/gcc/arm-none-eabi/8.1.0/../../../../arm-none-eabi/lib/armv6k/fpu/libm.a(lib_a-e_exp.o)
 .rodata.ln2HI  0x0000000000119348       0x10 /opt/devkitpro/devkitARM/lib/gcc/arm-none-eabi/8.1.0/../../../../arm-none-eabi/lib/armv6k/fpu/libm.a(lib_a-e_exp.o)
 .rodata.ln2LO  0x0000000000119358       0x10 /opt/devkitpro/devkitARM/lib/gcc/arm-none-eabi/8.1.0/../../../../arm-none-eabi/lib/armv6k/fpu/libm.a(lib_a-e_exp.o)
 .rodata.Zero   0x0000000000119368       0x10 /opt/devkitpro/devkitARM/lib/gcc/arm-none-eabi/8.1.0/../../../../arm-none-eabi/lib/armv6k/fpu/libm.a(lib_a-e_fmod.o)
 .rodata.__ieee754_pow.str1.4
                0x0000000000119378        0x1 /opt/devkitpro/devkitARM/lib/gcc/arm-none-eabi/8.1.0/../../../../arm-none-eabi/lib/armv6k/fpu/libm.a(lib_a-e_pow.o)
 .rodata.npio2_hw
                0x0000000000119378       0x80 /opt/devkitpro/devkitARM/lib/gcc/arm-none-eabi/8.1.0/../../../../arm-none-eabi/lib/armv6k/fpu/libm.a(lib_a-e_rem_pio2.o)
 .rodata.two_over_pi
                0x00000000001193f8      0x108 /opt/devkitpro/devkitARM/lib/gcc/arm-none-eabi/8.1.0/../../../../arm-none-eabi/lib/armv6k/fpu/libm.a(lib_a-e_rem_pio2.o)
 .rodata.PIo2   0x0000000000119500       0x40 /opt/devkitpro/devkitARM/lib/gcc/arm-none-eabi/8.1.0/../../../../arm-none-eabi/lib/armv6k/fpu/libm.a(lib_a-k_rem_pio2.o)
 .rodata.init_jk
                0x0000000000119540       0x10 /opt/devkitpro/devkitARM/lib/gcc/arm-none-eabi/8.1.0/../../../../arm-none-eabi/lib/armv6k/fpu/libm.a(lib_a-k_rem_pio2.o)
 .rodata.TWO52  0x0000000000119550       0x10 /opt/devkitpro/devkitARM/lib/gcc/arm-none-eabi/8.1.0/../../../../arm-none-eabi/lib/armv6k/fpu/libm.a(lib_a-s_rint.o)
 .rodata._strtod_l.str1.4
                0x0000000000119560        0xf /opt/devkitpro/devkitARM/lib/gcc/arm-none-eabi/8.1.0/../../../../arm-none-eabi/lib/armv6k/fpu/libg.a(lib_a-strtod.o)
 *fill*         0x000000000011956f        0x1 
 .rodata.fpi.7553
                0x0000000000119570       0x14 /opt/devkitpro/devkitARM/lib/gcc/arm-none-eabi/8.1.0/../../../../arm-none-eabi/lib/armv6k/fpu/libg.a(lib_a-strtod.o)
 .rodata.fpinan.7589
                0x0000000000119584       0x14 /opt/devkitpro/devkitARM/lib/gcc/arm-none-eabi/8.1.0/../../../../arm-none-eabi/lib/armv6k/fpu/libg.a(lib_a-strtod.o)
 .rodata.tinytens
                0x0000000000119598       0x28 /opt/devkitpro/devkitARM/lib/gcc/arm-none-eabi/8.1.0/../../../../arm-none-eabi/lib/armv6k/fpu/libg.a(lib_a-strtod.o)
 .rodata._vfprintf_r.str1.1
                0x00000000001195c0       0x3b /opt/devkitpro/devkitARM/lib/gcc/arm-none-eabi/8.1.0/../../../../arm-none-eabi/lib/armv6k/fpu/libg.a(lib_a-vfprintf.o)
 *fill*         0x00000000001195fb        0x1 
 .rodata.blanks.8720
                0x00000000001195fc       0x10 /opt/devkitpro/devkitARM/lib/gcc/arm-none-eabi/8.1.0/../../../../arm-none-eabi/lib/armv6k/fpu/libg.a(lib_a-vfprintf.o)
 .rodata.zeroes.8721
                0x000000000011960c       0x10 /opt/devkitpro/devkitARM/lib/gcc/arm-none-eabi/8.1.0/../../../../arm-none-eabi/lib/armv6k/fpu/libg.a(lib_a-vfprintf.o)
 .rodata._dtoa_r.str1.4
                0x000000000011961c        0xd /opt/devkitpro/devkitARM/lib/gcc/arm-none-eabi/8.1.0/../../../../arm-none-eabi/lib/armv6k/fpu/libg.a(lib_a-dtoa.o)
                                         0x12 (size before relaxing)
 *fill*         0x0000000000119629        0x3 
 .rodata.__hexdig
                0x000000000011962c      0x100 /opt/devkitpro/devkitARM/lib/gcc/arm-none-eabi/8.1.0/../../../../arm-none-eabi/lib/armv6k/fpu/libg.a(lib_a-gdtoa-gethex.o)
                0x000000000011962c                __hexdig
 .rodata.str1.4
                0x000000000011972c       0x48 /opt/devkitpro/devkitARM/lib/gcc/arm-none-eabi/8.1.0/../../../../arm-none-eabi/lib/armv6k/fpu/libg.a(lib_a-locale.o)
                                         0x4c (size before relaxing)
 *fill*         0x0000000000119774        0x4 
 .rodata.__mprec_bigtens
                0x0000000000119778       0x28 /opt/devkitpro/devkitARM/lib/gcc/arm-none-eabi/8.1.0/../../../../arm-none-eabi/lib/armv6k/fpu/libg.a(lib_a-mprec.o)
                0x0000000000119778                __mprec_bigtens
 .rodata.__mprec_tens
                0x00000000001197a0       0xc8 /opt/devkitpro/devkitARM/lib/gcc/arm-none-eabi/8.1.0/../../../../arm-none-eabi/lib/armv6k/fpu/libg.a(lib_a-mprec.o)
                0x00000000001197a0                __mprec_tens
 .rodata.p05.7473
                0x0000000000119868        0xc /opt/devkitpro/devkitARM/lib/gcc/arm-none-eabi/8.1.0/../../../../arm-none-eabi/lib/armv6k/fpu/libg.a(lib_a-mprec.o)
 .rodata.__action_table
                0x0000000000119874       0x6c /opt/devkitpro/devkitARM/lib/gcc/arm-none-eabi/8.1.0/../../../../arm-none-eabi/lib/armv6k/fpu/libg.a(lib_a-svfiprintf.o)
                0x0000000000119874                __action_table
 .rodata.__chclass
                0x00000000001198e0      0x100 /opt/devkitpro/devkitARM/lib/gcc/arm-none-eabi/8.1.0/../../../../arm-none-eabi/lib/armv6k/fpu/libg.a(lib_a-svfiprintf.o)
                0x00000000001198e0                __chclass
 .rodata.__state_table
                0x00000000001199e0       0x6c /opt/devkitpro/devkitARM/lib/gcc/arm-none-eabi/8.1.0/../../../../arm-none-eabi/lib/armv6k/fpu/libg.a(lib_a-svfiprintf.o)
                0x00000000001199e0                __state_table
 .rodata._ctype_
                0x0000000000119a4c      0x101 /opt/devkitpro/devkitARM/lib/gcc/arm-none-eabi/8.1.0/../../../../arm-none-eabi/lib/armv6k/fpu/libg.a(lib_a-ctype_.o)
                0x0000000000119a4c                _ctype_
 *fill*         0x0000000000119b4d        0x3 
 .rodata.AddDevice.str1.4
                0x0000000000119b50        0x8 /opt/devkitpro/devkitARM/lib/gcc/arm-none-eabi/8.1.0/../../../../arm-none-eabi/lib/armv6k/fpu/libsysbase.a(iosupport.o)
 .rodata.dotab_stdnull
                0x0000000000119b58       0x70 /opt/devkitpro/devkitARM/lib/gcc/arm-none-eabi/8.1.0/../../../../arm-none-eabi/lib/armv6k/fpu/libsysbase.a(iosupport.o)
                0x0000000000119b58                dotab_stdnull
 .rodata.DIRECTORY_PARENT
                0x0000000000119bc8        0x3 /opt/devkitpro/devkitARM/lib/gcc/arm-none-eabi/8.1.0/../../../../arm-none-eabi/lib/armv6k/fpu/libsysbase.a(chdir.o)
                0x0000000000119bc8                DIRECTORY_PARENT
 *all.rodata*(*)
 *(.gnu.linkonce.r*)
                0x0000000000119bcc                . = ALIGN (0x4)
 *fill*         0x0000000000119bcb        0x1 

.eh_frame       0x0000000000119bcc        0x0
 .eh_frame      0x0000000000119bcc        0x0 /opt/devkitpro/devkitARM/lib/gcc/arm-none-eabi/8.1.0/armv6k/fpu/crtbegin.o

.rel.dyn        0x0000000000119bcc        0x0
 .rel.iplt      0x0000000000119bcc        0x0 /opt/devkitpro/devkitARM/lib/gcc/arm-none-eabi/8.1.0/../../../../arm-none-eabi/lib/armv6k/fpu/3dsx_crt0.o

.ARM.extab
 *(.ARM.extab* .gnu.linkonce.armextab.*)
                0x0000000000119bcc                __exidx_start = .

ARM.exidx
 *(.ARM.exidx* .gnu.linkonce.armexidx.*)
                0x0000000000119bcc                __exidx_end = .
                0x000000000011a000                . = ALIGN (0x1000)

.data           0x000000000011a000     0x2eec
 *(.data)
 .data          0x000000000011a000        0x4 /opt/devkitpro/libctru/lib/libctru.a(stack_adjust.o)
                0x000000000011a000                __stacksize__
 *(.data.*)
 .data.__ctru_linear_heap_size
                0x000000000011a004        0x4 /opt/devkitpro/libctru/lib/libctru.a(allocateHeaps.o)
                0x000000000011a004                __ctru_linear_heap_size
 .data.__cwd    0x000000000011a008      0x401 /opt/devkitpro/libctru/lib/libctru.a(sdmc_dev.o)
 *fill*         0x000000000011a409        0x3 
 .data.sdmc_devoptab
                0x000000000011a40c       0x68 /opt/devkitpro/libctru/lib/libctru.a(sdmc_dev.o)
 .data.aptFlags
                0x000000000011a474        0x4 /opt/devkitpro/libctru/lib/libctru.a(apt.o)
 .data.__fdlib_version
                0x000000000011a478        0x1 /opt/devkitpro/devkitARM/lib/gcc/arm-none-eabi/8.1.0/../../../../arm-none-eabi/lib/armv6k/fpu/libm.a(lib_a-s_lib_ver.o)
                0x000000000011a478                __fdlib_version
 *fill*         0x000000000011a479        0x3 
 .data._impure_ptr
                0x000000000011a47c        0x4 /opt/devkitpro/devkitARM/lib/gcc/arm-none-eabi/8.1.0/../../../../arm-none-eabi/lib/armv6k/fpu/libg.a(lib_a-impure.o)
                0x000000000011a47c                _impure_ptr
 .data.impure_data
                0x000000000011a480      0x460 /opt/devkitpro/devkitARM/lib/gcc/arm-none-eabi/8.1.0/../../../../arm-none-eabi/lib/armv6k/fpu/libg.a(lib_a-impure.o)
 .data.__malloc_av_
                0x000000000011a8e0      0x408 /opt/devkitpro/devkitARM/lib/gcc/arm-none-eabi/8.1.0/../../../../arm-none-eabi/lib/armv6k/fpu/libg.a(lib_a-mallocr.o)
                0x000000000011a8e0                __malloc_av_
 .data.__malloc_sbrk_base
                0x000000000011ace8        0x4 /opt/devkitpro/devkitARM/lib/gcc/arm-none-eabi/8.1.0/../../../../arm-none-eabi/lib/armv6k/fpu/libg.a(lib_a-mallocr.o)
                0x000000000011ace8                __malloc_sbrk_base
 .data.__malloc_trim_threshold
                0x000000000011acec        0x4 /opt/devkitpro/devkitARM/lib/gcc/arm-none-eabi/8.1.0/../../../../arm-none-eabi/lib/armv6k/fpu/libg.a(lib_a-mallocr.o)
                0x000000000011acec                __malloc_trim_threshold
 .data.__malloc_recursive_mutex
                0x000000000011acf0        0xc /opt/devkitpro/devkitARM/lib/gcc/arm-none-eabi/8.1.0/../../../../arm-none-eabi/lib/armv6k/fpu/libg.a(lib_a-mlock.o)
 .data.__sfp_recursive_mutex
                0x000000000011acfc        0xc /opt/devkitpro/devkitARM/lib/gcc/arm-none-eabi/8.1.0/../../../../arm-none-eabi/lib/armv6k/fpu/libg.a(lib_a-findfp.o)
 .data.__sinit_recursive_mutex
                0x000000000011ad08        0xc /opt/devkitpro/devkitARM/lib/gcc/arm-none-eabi/8.1.0/../../../../arm-none-eabi/lib/armv6k/fpu/libg.a(lib_a-findfp.o)
 .data.__global_locale
                0x000000000011ad14      0x16c /opt/devkitpro/devkitARM/lib/gcc/arm-none-eabi/8.1.0/../../../../arm-none-eabi/lib/armv6k/fpu/libg.a(lib_a-locale.o)
                0x000000000011ad14                __global_locale
 .data.defaultDevice
                0x000000000011ae80        0x4 /opt/devkitpro/devkitARM/lib/gcc/arm-none-eabi/8.1.0/../../../../arm-none-eabi/lib/armv6k/fpu/libsysbase.a(iosupport.o)
 .data.devoptab_list
                0x000000000011ae84       0x40 /opt/devkitpro/devkitARM/lib/gcc/arm-none-eabi/8.1.0/../../../../arm-none-eabi/lib/armv6k/fpu/libsysbase.a(iosupport.o)
                0x000000000011ae84                devoptab_list
 .data._current_working_directory
                0x000000000011aec4     0x1000 /opt/devkitpro/devkitARM/lib/gcc/arm-none-eabi/8.1.0/../../../../arm-none-eabi/lib/armv6k/fpu/libsysbase.a(chdir.o)
 .data.__hndl_lock
                0x000000000011bec4        0x4 /opt/devkitpro/devkitARM/lib/gcc/arm-none-eabi/8.1.0/../../../../arm-none-eabi/lib/armv6k/fpu/libsysbase.a(handle_manager.o)
 .data.__stderr_handle
                0x000000000011bec8        0xc /opt/devkitpro/devkitARM/lib/gcc/arm-none-eabi/8.1.0/../../../../arm-none-eabi/lib/armv6k/fpu/libsysbase.a(handle_manager.o)
 .data.__stdin_handle
                0x000000000011bed4        0xc /opt/devkitpro/devkitARM/lib/gcc/arm-none-eabi/8.1.0/../../../../arm-none-eabi/lib/armv6k/fpu/libsysbase.a(handle_manager.o)
 .data.__stdout_handle
                0x000000000011bee0        0xc /opt/devkitpro/devkitARM/lib/gcc/arm-none-eabi/8.1.0/../../../../arm-none-eabi/lib/armv6k/fpu/libsysbase.a(handle_manager.o)
 .data.handles  0x000000000011beec     0x1000 /opt/devkitpro/devkitARM/lib/gcc/arm-none-eabi/8.1.0/../../../../arm-none-eabi/lib/armv6k/fpu/libsysbase.a(handle_manager.o)
 *(.gnu.linkonce.d*)
                0x000000000011ceec                . = ALIGN (0x4)

.igot.plt       0x000000000011ceec        0x0
 .igot.plt      0x000000000011ceec        0x0 /opt/devkitpro/devkitARM/lib/gcc/arm-none-eabi/8.1.0/../../../../arm-none-eabi/lib/armv6k/fpu/3dsx_crt0.o

.tm_clone_table
                0x000000000011ceec        0x0
 .tm_clone_table
                0x000000000011ceec        0x0 /opt/devkitpro/devkitARM/lib/gcc/arm-none-eabi/8.1.0/armv6k/fpu/crtbegin.o
 .tm_clone_table
                0x000000000011ceec        0x0 /opt/devkitpro/devkitARM/lib/gcc/arm-none-eabi/8.1.0/armv6k/fpu/crtend.o
                0x000000000011ceec                __TMC_END__

.tdata          0x000000000011ceec        0x0
                0x000000000011ceec                __tdata_lma = .
 *(.tdata)
 *(.tdata.*)
 *(.gnu.linkonce.td.*)
                0x000000000011ceec                . = ALIGN (0x4)
                0x000000000011ceec                __tdata_lma_end = .

.tbss           0x000000000011ceec     0x140c
 *(.tbss)
 *(.tbss.*)
 .tbss.__fixedpath
                0x000000000011ceec      0x401 /opt/devkitpro/libctru/lib/libctru.a(sdmc_dev.o)
 *fill*         0x000000000011d2ed        0x3 
 .tbss.__utf16path
                0x000000000011d2f0      0x802 /opt/devkitpro/libctru/lib/libctru.a(sdmc_dev.o)
 *fill*         0x000000000011daf2        0x2 
 .tbss.__utf16path_old.8298
                0x000000000011daf4      0x802 /opt/devkitpro/libctru/lib/libctru.a(sdmc_dev.o)
 *(.gnu.linkonce.tb.*)
 *(.tcommon)
                0x000000000011e2f8                . = ALIGN (0x4)
 *fill*         0x000000000011e2f6        0x2 

.preinit_array  0x000000000011ceec        0x0
                0x000000000011ceec                PROVIDE (__preinit_array_start = .)
 *(.preinit_array)
                0x000000000011ceec                PROVIDE (__preinit_array_end = .)

.init_array     0x000000000011ceec        0x4
                0x000000000011ceec                PROVIDE (__init_array_start = .)
 *(SORT_BY_NAME(.init_array.*))
 *(.init_array)
 .init_array    0x000000000011ceec        0x4 /opt/devkitpro/devkitARM/lib/gcc/arm-none-eabi/8.1.0/armv6k/fpu/crtbegin.o
                0x000000000011cef0                PROVIDE (__init_array_end = .)

.fini_array     0x000000000011cef0        0x4
                0x000000000011cef0                PROVIDE (__fini_array_start = .)
 *(.fini_array)
 .fini_array    0x000000000011cef0        0x4 /opt/devkitpro/devkitARM/lib/gcc/arm-none-eabi/8.1.0/armv6k/fpu/crtbegin.o
 *(SORT_BY_NAME(.fini_array.*))
                0x000000000011cef4                PROVIDE (__fini_array_end = .)

.ctors
 *crtbegin.o(.ctors)
 *(EXCLUDE_FILE(*crtend.o) .ctors)
 *(SORT_BY_NAME(.ctors.*))
 *(.ctors)

.dtors
 *crtbegin.o(.dtors)
 *(EXCLUDE_FILE(*crtend.o) .dtors)
 *(SORT_BY_NAME(.dtors.*))
 *(.dtors)
                0x000000000011cef4                __bss_start__ = .

.bss            0x000000000011cef4     0x363c
 *(.dynbss)
 *(.bss)
 .bss           0x000000000011cef4        0x8 /opt/devkitpro/libctru/lib/libctru.a(stack_adjust.o)
 *(.bss.*)
 .bss.completed.10347
                0x000000000011cefc        0x1 /opt/devkitpro/devkitARM/lib/gcc/arm-none-eabi/8.1.0/armv6k/fpu/crtbegin.o
 *fill*         0x000000000011cefd        0x3 
 .bss.object.10352
                0x000000000011cf00       0x18 /opt/devkitpro/devkitARM/lib/gcc/arm-none-eabi/8.1.0/armv6k/fpu/crtbegin.o
 .bss.__ctru_heap_size
                0x000000000011cf18        0x4 /opt/devkitpro/libctru/lib/libctru.a(allocateHeaps.o)
                0x000000000011cf18                __ctru_heap_size
 .bss.arbiter   0x000000000011cf1c        0x4 /opt/devkitpro/libctru/lib/libctru.a(synchronization.o)
 .bss.__ctru_speedup
                0x000000000011cf20        0x1 /opt/devkitpro/libctru/lib/libctru.a(os.o)
                0x000000000011cf20                __ctru_speedup
 *fill*         0x000000000011cf21        0x3 
 .bss.srvHandle
                0x000000000011cf24        0x4 /opt/devkitpro/libctru/lib/libctru.a(srv.o)
 .bss.srvRefCount
                0x000000000011cf28        0x4 /opt/devkitpro/libctru/lib/libctru.a(srv.o)
 *fill*         0x000000000011cf2c        0x4 
 .bss.sdmcArchive
                0x000000000011cf30        0x8 /opt/devkitpro/libctru/lib/libctru.a(sdmc_dev.o)
 .bss.sdmcInitialised
                0x000000000011cf38        0x1 /opt/devkitpro/libctru/lib/libctru.a(sdmc_dev.o)
 *fill*         0x000000000011cf39        0x7 
 .bss.fsExemptArchives
                0x000000000011cf40       0x80 /opt/devkitpro/libctru/lib/libctru.a(fs.o)
 .bss.fsuHandle
                0x000000000011cfc0        0x4 /opt/devkitpro/libctru/lib/libctru.a(fs.o)
 .bss.fsuRefCount
                0x000000000011cfc4        0x4 /opt/devkitpro/libctru/lib/libctru.a(fs.o)
 .bss.aptChainloadMediatype
                0x000000000011cfc8        0x1 /opt/devkitpro/libctru/lib/libctru.a(apt.o)
 *fill*         0x000000000011cfc9        0x7 
 .bss.aptChainloadTid
                0x000000000011cfd0        0x8 /opt/devkitpro/libctru/lib/libctru.a(apt.o)
 .bss.aptEventHandlerThread
                0x000000000011cfd8        0x4 /opt/devkitpro/libctru/lib/libctru.a(apt.o)
 .bss.aptEvents
                0x000000000011cfdc        0xc /opt/devkitpro/libctru/lib/libctru.a(apt.o)
 .bss.aptFirstHook
                0x000000000011cfe8        0xc /opt/devkitpro/libctru/lib/libctru.a(apt.o)
 .bss.aptHomeButtonState
                0x000000000011cff4        0x1 /opt/devkitpro/libctru/lib/libctru.a(apt.o)
 *fill*         0x000000000011cff5        0x3 
 .bss.aptLockHandle
                0x000000000011cff8        0x4 /opt/devkitpro/libctru/lib/libctru.a(apt.o)
 .bss.aptMessageFunc
                0x000000000011cffc        0x4 /opt/devkitpro/libctru/lib/libctru.a(apt.o)
 .bss.aptMessageFuncData
                0x000000000011d000        0x4 /opt/devkitpro/libctru/lib/libctru.a(apt.o)
 .bss.aptParameters
                0x000000000011d004     0x1000 /opt/devkitpro/libctru/lib/libctru.a(apt.o)
 .bss.aptRefCount
                0x000000000011e004        0x4 /opt/devkitpro/libctru/lib/libctru.a(apt.o)
 .bss.aptSleepEvent
                0x000000000011e008        0x8 /opt/devkitpro/libctru/lib/libctru.a(apt.o)
 .bss.flagInit.8273
                0x000000000011e010        0x1 /opt/devkitpro/libctru/lib/libctru.a(apt.o)
 .bss.flagValue.8274
                0x000000000011e011        0x1 /opt/devkitpro/libctru/lib/libctru.a(apt.o)
 *fill*         0x000000000011e012        0x2 
 .bss.serviceName.7912
                0x000000000011e014        0x4 /opt/devkitpro/libctru/lib/libctru.a(apt.o)
 .bss.hidRefCount
                0x000000000011e018        0x4 /opt/devkitpro/libctru/lib/libctru.a(hid.o)
 .bss.kDown     0x000000000011e01c        0x4 /opt/devkitpro/libctru/lib/libctru.a(hid.o)